<< /data/debuglogger/console-ramoops-0 >>:
[    0.000000][    T0] Booting Linux on physical CPU 0x0000000000 [0x410fd871]
[    0.000000][    T0] Linux version 6.6.118-android15-8-gf9c84f40b6ba-ab14657223-4k (kleaf@build-host) (Android (11368308, +pgo, +bolt, +lto, +mlgo, based on r510928) clang version 18.0.0 (https://android.googlesource.com/toolchain/llvm-project 477610d4d0d988e69dbc3fae4fe86bff3f07f2b5), LLD 18.0.0) #1 SMP PREEMPT Sat Jan  3 21:50:53 UTC 2026
[    0.000000][    T0] KASLR enabled
[    0.000000][    T0] Machine model: MT6899
[    0.000000][    T0] stackdepot: disabled
[    0.000000][    T0] KVM is not available. Ignoring kvm-arm.mode
[    0.000000][    T0] earlycon: uart8250 at MMIO32 0x0000000011001000 (options '')
[    0.000000][    T0] printk: bootconsole [uart8250] enabled
[    0.000000][    T0] panic_on_taint: bitmask=0x20 nousertaint_mode=disabled
[    0.000000][    T0] efi: UEFI not found.
[    0.000000][    T0] OF: reserved mem: 0x0000000040000000..0x000000004000ffff (64 KiB) map non-reusable mkp-kernel-code-protection-memory
[    0.000000][    T0] OF: reserved mem: 0x0000000042390000..0x000000004251ffff (1600 KiB) map non-reusable ccci-dpmaif-cache-memory
[    0.000000][    T0] OF: reserved mem: 0x0000000042520000..0x000000004256ffff (320 KiB) nomap non-reusable ccci-dpmaif-nocache-memory
[    0.000000][    T0] Reserved memory: created CMA memory pool at 0x0000000090000000, size 160 MiB
[    0.000000][    T0] OF: reserved mem: initialized node ssmr-reserved-cma-memory, compatible id shared-dma-pool
[    0.000000][    T0] OF: reserved mem: 0x0000000090000000..0x0000000099ffffff (163840 KiB) map reusable ssmr-reserved-cma-memory
[    0.000000][    T0] OF: reserved mem: 0x0000000048080000..0x000000004808ffff (64 KiB) nomap non-reusable mblock-1-aee_debug_kinfo
[    0.000000][    T0] OF: reserved mem: 0x0000000048090000..0x000000004809ffff (64 KiB) nomap non-reusable mblock-3-minirdump
[    0.000000][    T0] OF: reserved mem: 0x0000000048410000..0x000000004841ffff (64 KiB) nomap non-reusable mblock-6-crypto_hw
[    0.000000][    T0] OF: reserved mem: 0x0000000048800000..0x00000000489fffff (2048 KiB) nomap non-reusable mblock-4-BL31-reserved
[    0.000000][    T0] OF: reserved mem: 0x000000006ec00000..0x000000006ef0ffff (3136 KiB) nomap non-reusable mblock-2-pstore
[    0.000000][    T0] OF: reserved mem: 0x000000007a000000..0x000000007b2affff (19136 KiB) nomap non-reusable mblock-44-adsp_image_reserved
[    0.000000][    T0] OF: reserved mem: 0x000000007be00000..0x000000007dffffff (34816 KiB) nomap non-reusable mblock-24-platform_mtksmmu_protpgd
[    0.000000][    T0] OF: reserved mem: 0x000000007e000000..0x000000007e7fffff (8192 KiB) map non-reusable mblock-5-aee_lk
[    0.000000][    T0] OF: reserved mem: 0x000000007fd60000..0x000000007fedffff (1536 KiB) nomap non-reusable mblock-50-me_GPUEB_SHARED
[    0.000000][    T0] OF: reserved mem: 0x000000007fee0000..0x000000007ffdffff (1024 KiB) nomap non-reusable mblock-26-MCUPM-reserved
[    0.000000][    T0] OF: reserved mem: 0x000000007ffe0000..0x000000007ffeffff (64 KiB) map non-reusable mblock-11-tran_devmsg
[    0.000000][    T0] OF: reserved mem: 0x000000007fff0000..0x000000007fffffff (64 KiB) nomap non-reusable mblock-9-emi_mbist_buf
[    0.000000][    T0] OF: reserved mem: 0x0000000080000000..0x00000000800fffff (1024 KiB) nomap non-reusable mblock-33-mm_ccu_reserved
[    0.000000][    T0] OF: reserved mem: 0x0000000089e00000..0x000000008aafffff (13312 KiB) nomap non-reusable mblock-46-consys_emi_reserved
[    0.000000][    T0] Reserved memory: created DMA memory pool at 0x000000008ab00000, size 20 MiB
[    0.000000][    T0] OF: reserved mem: initialized node mblock-47-shared-dma-pool_wifi-reserve-memory_dma, compatible id shared-dma-pool
[    0.000000][    T0] OF: reserved mem: 0x000000008ab00000..0x000000008befffff (20480 KiB) nomap non-reusable mblock-47-shared-dma-pool_wifi-reserve-memory_dma
[    0.000000][    T0] OF: reserved mem: 0x000000008bf00000..0x000000008bf1ffff (128 KiB) nomap non-reusable mblock-48-consys_scp_emi-reserved
[    0.000000][    T0] OF: reserved mem: 0x000000008c000000..0x000000008db5ffff (28032 KiB) nomap non-reusable mblock-39-ap_md_c_smem
[    0.000000][    T0] OF: reserved mem: 0x000000008e000000..0x000000008e13ffff (1280 KiB) nomap non-reusable mblock-30-ap_md_nc_smem
[    0.000000][    T0] OF: reserved mem: 0x000000008ed60000..0x000000008effffff (2688 KiB) nomap non-reusable mblock-35-apu_apusys-rv_aee-coredump
[    0.000000][    T0] OF: reserved mem: 0x000000008f000000..0x000000008f89ffff (8832 KiB) nomap non-reusable mblock-32-reserve-memory-scp_share
[    0.000000][    T0] OF: reserved mem: 0x000000008f900000..0x000000008f9fffff (1024 KiB) nomap non-reusable mblock-36-apu_sapu_apurvgzctrlshm
[    0.000000][    T0] OF: reserved mem: 0x000000008fa00000..0x000000008fffffff (6144 KiB) nomap non-reusable mblock-34-apu_apusys-rv_secure
[    0.000000][    T0] OF: reserved mem: 0x000000009fc60000..0x000000009fd6ffff (1088 KiB) nomap non-reusable mblock-52-sspm_ap-shared
[    0.000000][    T0] OF: reserved mem: 0x000000009fd70000..0x000000009ffeffff (2560 KiB) nomap non-reusable mblock-25-SSPM-reserved
[    0.000000][    T0] OF: reserved mem: 0x00000000b8000000..0x00000000b8a1ffff (10368 KiB) nomap non-reusable mblock-31-SCP-reserved
[    0.000000][    T0] OF: reserved mem: 0x00000000bec00000..0x00000000bf3fffff (8192 KiB) nomap non-reusable mblock-45-me_vcp_reserved
[    0.000000][    T0] OF: reserved mem: 0x00000000bf400000..0x00000000bfcfffff (9216 KiB) nomap non-reusable mblock-27-tee-secmem
[    0.000000][    T0] OF: reserved mem: 0x00000000bfdf0000..0x00000000bfdfffff (64 KiB) nomap non-reusable mblock-37-ccci_tag_mem
[    0.000000][    T0] OF: reserved mem: 0x00000000bfe00000..0x00000000bfffffff (2048 KiB) nomap non-reusable mblock-12-atf-log-reserved
[    0.000000][    T0] OF: reserved mem: 0x00000000d0000000..0x00000000d26effff (39872 KiB) nomap non-reusable mblock-38-md_mem_usage
[    0.000000][    T0] OF: reserved mem: 0x00000000d3000000..0x00000000d313ffff (1280 KiB) nomap non-reusable mblock-40-md_mem_usage
[    0.000000][    T0] OF: reserved mem: 0x00000000d4000000..0x00000000dacdffff (111488 KiB) nomap non-reusable mblock-41-md_mem_usage
[    0.000000][    T0] OF: reserved mem: 0x00000000db000000..0x00000000db0dffff (896 KiB) nomap non-reusable mblock-42-md_mem_usage
[    0.000000][    T0] OF: reserved mem: 0x00000000ed600000..0x00000000edffffff (10240 KiB) nomap non-reusable mblock-43-md_mem_usage
[    0.000000][    T0] OF: reserved mem: 0x00000000f4000000..0x00000000f4c9ffff (12928 KiB) nomap non-reusable mblock-49-adsp_shared_reserved
[    0.000000][    T0] OF: reserved mem: 0x00000000f6000000..0x00000000f627ffff (2560 KiB) nomap non-reusable mblock-29-platform-debug_dfdmcu_dump
[    0.000000][    T0] OF: reserved mem: 0x00000000f7000000..0x00000000f71fffff (2048 KiB) nomap non-reusable mblock-15-platform-debug_dfdsoc_dump
[    0.000000][    T0] OF: reserved mem: 0x00000000f7200000..0x00000000fd1fffff (98304 KiB) nomap non-reusable mblock-28-tee-reserved
[    0.000000][    T0] OF: reserved mem: 0x00000000fd200000..0x00000000fd7fffff (6144 KiB) nomap non-reusable mblock-18-me_GPUmputab_PMA
[    0.000000][    T0] OF: reserved mem: 0x00000000fd920000..0x00000000fd95ffff (256 KiB) nomap non-reusable mblock-51-platform-debug_slbc_shared
[    0.000000][    T0] OF: reserved mem: 0x00000000fd960000..0x00000000fffeffff (39488 KiB) map non-reusable mblock-16-framebuffer
[    0.000000][    T0] OF: reserved mem: 0x00000001bfff0000..0x00000001bfffffff (64 KiB) nomap non-reusable mblock-7-dramc-rk0
[    0.000000][    T0] OF: reserved mem: 0x000000033ce00000..0x000000033cffffff (2048 KiB) nomap non-reusable mblock-19-me_gpu_reserved
[    0.000000][    T0] OF: reserved mem: 0x000000033d000000..0x000000033d3fffff (4096 KiB) nomap non-reusable mblock-14-tkv-reserved
[    0.000000][    T0] OF: reserved mem: 0x000000033d400000..0x000000033d5fffff (2048 KiB) nomap non-reusable mblock-22-mkp
[    0.000000][    T0] OF: reserved mem: 0x000000033d600000..0x000000033d7fffff (2048 KiB) nomap non-reusable mblock-21-security_pvmfw
[    0.000000][    T0] OF: reserved mem: 0x000000033d800000..0x000000033fbfffff (36864 KiB) nomap non-reusable mblock-20-gz
[    0.000000][    T0] OF: reserved mem: 0x000000033fc00000..0x000000033fdfffff (2048 KiB) nomap non-reusable mblock-17-me_cmdq_reserved
[    0.000000][    T0] OF: reserved mem: 0x000000033fe00000..0x000000033fe4ffff (320 KiB) map non-reusable mblock-23-gz-log
[    0.000000][    T0] OF: reserved mem: 0x000000033ff60000..0x000000033ff6ffff (64 KiB) nomap non-reusable mblock-13-security_dice_common
[    0.000000][    T0] OF: reserved mem: 0x000000033ff70000..0x000000033ffeffff (512 KiB) map non-reusable mblock-10-log_store
[    0.000000][    T0] OF: reserved mem: 0x000000033fff0000..0x000000033fffffff (64 KiB) nomap non-reusable mblock-8-dramc-rk1
[    0.000000][    T0] Zone ranges:
[    0.000000][    T0]   DMA32    empty
[    0.000000][    T0]   Normal   [mem 0x0000000040000000-0x000000033fffffff]
[    0.000000][    T0] Movable zone start for each node
[    0.000000][    T0] NoSplit zone start for each node
[    0.000000][    T0] NoMerge zone start for each node
[    0.000000][    T0] Early memory node ranges
[    0.000000][    T0]   node   0: [mem 0x0000000040000000-0x000000004251ffff]
[    0.000000][    T0]   node   0: [mem 0x0000000042520000-0x000000004256ffff]
[    0.000000][    T0]   node   0: [mem 0x0000000042570000-0x000000004807ffff]
[    0.000000][    T0]   node   0: [mem 0x0000000048080000-0x000000004809ffff]
[    0.000000][    T0]   node   0: [mem 0x00000000480a0000-0x000000004840ffff]
[    0.000000][    T0]   node   0: [mem 0x0000000048410000-0x000000004841ffff]
[    0.000000][    T0]   node   0: [mem 0x0000000048420000-0x00000000487fffff]
[    0.000000][    T0]   node   0: [mem 0x0000000048800000-0x00000000489fffff]
[    0.000000][    T0]   node   0: [mem 0x0000000048a00000-0x000000006ebfffff]
[    0.000000][    T0]   node   0: [mem 0x000000006ec00000-0x000000006ef0ffff]
[    0.000000][    T0]   node   0: [mem 0x000000006ef10000-0x0000000079ffffff]
[    0.000000][    T0]   node   0: [mem 0x000000007a000000-0x000000007b2affff]
[    0.000000][    T0]   node   0: [mem 0x000000007b2b0000-0x000000007bdfffff]
[    0.000000][    T0]   node   0: [mem 0x000000007be00000-0x000000007dffffff]
[    0.000000][    T0]   node   0: [mem 0x000000007e000000-0x000000007fd5ffff]
[    0.000000][    T0]   node   0: [mem 0x000000007fd60000-0x000000007ffdffff]
[    0.000000][    T0]   node   0: [mem 0x000000007ffe0000-0x000000007ffeffff]
[    0.000000][    T0]   node   0: [mem 0x000000007fff0000-0x00000000800fffff]
[    0.000000][    T0]   node   0: [mem 0x0000000080100000-0x0000000089dfffff]
[    0.000000][    T0]   node   0: [mem 0x0000000089e00000-0x000000008bf1ffff]
[    0.000000][    T0]   node   0: [mem 0x000000008bf20000-0x000000008bffffff]
[    0.000000][    T0]   node   0: [mem 0x000000008c000000-0x000000008db5ffff]
[    0.000000][    T0]   node   0: [mem 0x000000008db60000-0x000000008dffffff]
[    0.000000][    T0]   node   0: [mem 0x000000008e000000-0x000000008e13ffff]
[    0.000000][    T0]   node   0: [mem 0x000000008e140000-0x000000008ed5ffff]
[    0.000000][    T0]   node   0: [mem 0x000000008ed60000-0x000000008f89ffff]
[    0.000000][    T0]   node   0: [mem 0x000000008f8a0000-0x000000008f8fffff]
[    0.000000][    T0]   node   0: [mem 0x000000008f900000-0x000000008fffffff]
[    0.000000][    T0]   node   0: [mem 0x0000000090000000-0x000000009fc5ffff]
[    0.000000][    T0]   node   0: [mem 0x000000009fc60000-0x000000009ffeffff]
[    0.000000][    T0]   node   0: [mem 0x000000009fff0000-0x00000000b7ffffff]
[    0.000000][    T0]   node   0: [mem 0x00000000b8000000-0x00000000b8a1ffff]
[    0.000000][    T0]   node   0: [mem 0x00000000b8a20000-0x00000000bebfffff]
[    0.000000][    T0]   node   0: [mem 0x00000000bec00000-0x00000000bfcfffff]
[    0.000000][    T0]   node   0: [mem 0x00000000bfd00000-0x00000000bfdeffff]
[    0.000000][    T0]   node   0: [mem 0x00000000bfdf0000-0x00000000bfffffff]
[    0.000000][    T0]   node   0: [mem 0x00000000c0000000-0x00000000cfffffff]
[    0.000000][    T0]   node   0: [mem 0x00000000d0000000-0x00000000d26effff]
[    0.000000][    T0]   node   0: [mem 0x00000000d26f0000-0x00000000d2ffffff]
[    0.000000][    T0]   node   0: [mem 0x00000000d3000000-0x00000000d313ffff]
[    0.000000][    T0]   node   0: [mem 0x00000000d3140000-0x00000000d3ffffff]
[    0.000000][    T0]   node   0: [mem 0x00000000d4000000-0x00000000dacdffff]
[    0.000000][    T0]   node   0: [mem 0x00000000dace0000-0x00000000daffffff]
[    0.000000][    T0]   node   0: [mem 0x00000000db000000-0x00000000db0dffff]
[    0.000000][    T0]   node   0: [mem 0x00000000db0e0000-0x00000000ed5fffff]
[    0.000000][    T0]   node   0: [mem 0x00000000ed600000-0x00000000edffffff]
[    0.000000][    T0]   node   0: [mem 0x00000000ee000000-0x00000000f3ffffff]
[    0.000000][    T0]   node   0: [mem 0x00000000f4000000-0x00000000f4c9ffff]
[    0.000000][    T0]   node   0: [mem 0x00000000f4ca0000-0x00000000f5ffffff]
[    0.000000][    T0]   node   0: [mem 0x00000000f6000000-0x00000000f627ffff]
[    0.000000][    T0]   node   0: [mem 0x00000000f6280000-0x00000000f6ffffff]
[    0.000000][    T0]   node   0: [mem 0x00000000f7000000-0x00000000fd7fffff]
[    0.000000][    T0]   node   0: [mem 0x00000000fd800000-0x00000000fd91ffff]
[    0.000000][    T0]   node   0: [mem 0x00000000fd920000-0x00000000fd95ffff]
[    0.000000][    T0]   node   0: [mem 0x00000000fd960000-0x00000001bffeffff]
[    0.000000][    T0]   node   0: [mem 0x00000001bfff0000-0x00000001bfffffff]
[    0.000000][    T0]   node   0: [mem 0x00000001c0000000-0x000000033cdfffff]
[    0.000000][    T0]   node   0: [mem 0x000000033ce00000-0x000000033fdfffff]
[    0.000000][    T0]   node   0: [mem 0x000000033fe00000-0x000000033ff5ffff]
[    0.000000][    T0]   node   0: [mem 0x000000033ff60000-0x000000033ff6ffff]
[    0.000000][    T0]   node   0: [mem 0x000000033ff70000-0x000000033ffeffff]
[    0.000000][    T0]   node   0: [mem 0x000000033fff0000-0x000000033fffffff]
[    0.000000][    T0] Initmem setup node 0 [mem 0x0000000040000000-0x000000033fffffff]
[    0.000000][    T0] cma: Reserved 16 MiB at 0x0000000100000000 on node -1
[    0.000000][    T0] psci: probing for conduit method from DT.
[    0.000000][    T0] psci: PSCIv1.1 detected in firmware.
[    0.000000][    T0] psci: Using standard PSCI v0.2 function IDs
[    0.000000][    T0] psci: MIGRATE_INFO_TYPE not supported.
[    0.000000][    T0] psci: SMC Calling Convention v1.4
[    0.000000][    T0] Load bootconfig: 872 bytes 52 nodes
[    0.000000][    T0] percpu: Embedded 31 pages/cpu s88232 r8192 d30552 u126976
[    0.000000][    T0] Detected PIPT I-cache on CPU0
[    0.000000][    T0] CPU features: SYS_ID_AA64MMFR1_EL1[11:8]: forced to 0
[    0.000000][    T0] CPU features: SYS_ID_AA64PFR1_EL1[11:8]: forced to 0
[    0.000000][    T0] CPU features: detected: Address authentication (architected QARMA3 algorithm)
[    0.000000][    T0] CPU features: detected: GIC system register CPU interface
[    0.000000][    T0] CPU features: detected: HCRX_EL2 register
[    0.000000][    T0] CPU features: detected: Hardware dirty bit management
[    0.000000][    T0] CPU features: detected: Spectre-v4
[    0.000000][    T0] CPU features: detected: Spectre-BHB
[    0.000000][    T0] CPU features: detected: SSBS not fully self-synchronizing
[    0.000000][    T0] alternatives: applying boot alternatives
[    0.000000][    T0] Kernel command line: console=ttynull stack_depot_disable=on cgroup_disable=pressure kasan.stacktrace=off kvm-arm.mode=protected bootconfig ioremap_guard  console=tty0 root=/dev/ram nosoftlockup 8250.nr_uarts=4 vmalloc=400M swiotlb=noforce firmware_class.path=/vendor/firmware,/odm/firmware cgroup.memory=nosocket,nokmem disable_dma32=on rcu_nocbs=all transparent_hugepage=never gpt=1 loop.max_part=7 ufshcd_core.poll_queues=0 arm64.nomte earlycon=uart8250,mmio32,0x11001000 console=ttyS0,921600n1 log_buf_len=4M PMIC_UVLO=0xffff usb2jtag_mode=0 root=/dev/ram bootopt=64S3,32N2,64N2 log_buf_len=2m mtk_printk_ctrl.disable_uart=0 panic_on_taint=20 sfi=0x00000000 ramoops.mem_address=0x6ec00000 ramoops.mem_size=0x310000 ramoops.pmsg_size=0x100000 ramoops.console_size=0x200000 tkv=13908312064 bootconfig
[    0.000000][    T0] cgroup: Disabling pressure control group feature
[    0.000000][    T0] Unknown kernel command line parameters "vmalloc=400M PMIC_UVLO=0xffff usb2jtag_mode=0 bootopt=64S3,32N2,64N2 sfi=0x00000000 tkv=13908312064", will be passed to user space.
[    0.000000][    T0] printk: log buffer data + meta data: 2097152 + 7340032 = 9437184 bytes
[    0.000000][    T0] printk: early log buf free: 116456(88%)
[    0.000000][    T0] Dentry cache hash table entries: 2097152 (order: 12, 16777216 bytes, linear)
[    0.000000][    T0] Inode-cache hash table entries: 1048576 (order: 11, 8388608 bytes, linear)
[    0.000000][    T0] Built 1 zonelists, mobility grouping on.  Total pages: 3096576
[    0.000000][    T0] mem auto-init: stack:all(zero), heap alloc:on, heap free:off
[    0.000000][    T0] software IO TLB: SWIOTLB bounce buffer size adjusted to 12MB
[    0.000000][    T0] Memory: 11510684K/12582912K available (16960K kernel code, 2074K rwdata, 12480K rodata, 4160K init, 583K bss, 892004K reserved, 180224K cma-reserved)
[    0.000000][    T0] SLUB: HWalign=64, Order=0-3, MinObjects=0, CPUs=8, Nodes=1
[    0.000000][    T0] trace event string verifier disabled
[    0.000000][    T0] rcu: Preemptible hierarchical RCU implementation.
[    0.000000][    T0] rcu: 	RCU event tracing is enabled.
[    0.000000][    T0] rcu: 	RCU restricting CPUs from NR_CPUS=32 to nr_cpu_ids=8.
[    0.000000][    T0] rcu: 	RCU priority boosting: priority 1 delay 500 ms.
[    0.000000][    T0] 	Trampoline variant of Tasks RCU enabled.
[    0.000000][    T0] 	Tracing variant of Tasks RCU enabled.
[    0.000000][    T0] rcu: RCU calculated value of scheduler-enlistment delay is 25 jiffies.
[    0.000000][    T0] rcu: Adjusting geometry for rcu_fanout_leaf=16, nr_cpu_ids=8
[    0.000000][    T0] NR_IRQS: 64, nr_irqs: 64, preallocated irqs: 0
[    0.000000][    T0] GIC: enabling workaround for GICv3: ARM64 erratum 2941627
[    0.000000][    T0] GICv3: 960 SPIs implemented
[    0.000000][    T0] GICv3: 224 Extended SPIs implemented
[    0.000000][    T0] Root IRQ handler: gic_handle_irq
[    0.000000][    T0] GICv3: GICv3 features: 16 PPIs
[    0.000000][    T0] GICv3: CPU0: found redistributor 0 region 0:0x000000000c440000
[    0.000000][    T0] GICv3: GIC: PPI partition interrupt-partition-0[0] { /cpus/cpu@0[0] /cpus/cpu@1[1] /cpus/cpu@2[2] /cpus/cpu@3[3] /cpus/cpu@100[4] /cpus/cpu@101[5] /cpus/cpu@102[6] /cpus/cpu@200[7] }
[    0.000000][    T0] rcu: 	Offload RCU callbacks from CPUs: 0-7.
[    0.000000][    T0] rcu: srcu_init: Setting srcu_struct sizes based on contention.
[    0.000000][    T0] arch_timer: cp15 timer(s) running at 13.00MHz (virt).
[    0.000000][    T0] clocksource: arch_sys_counter: mask: 0xffffffffffffff max_cycles: 0x2ff89eacb, max_idle_ns: 440795202429 ns
[    0.000000][    T0] sched_clock: 56 bits at 13MHz, resolution 76ns, wraps every 4398046511101ns
[    0.002181][    T0] kfence: initialized - using 524288 bytes for 63 objects at 0x(____ptrval____)-0x(____ptrval____)
[    0.003727][    T0] serial port 0 not yet initialized
[    0.004406][    T0] Calibrating delay loop (skipped), value calculated using timer frequency.. 26.00 BogoMIPS (lpj=52000)
[    0.005866][    T0] pid_max: default: 32768 minimum: 301
[    0.007708][    T0] LSM: initializing lsm=capability,selinux,bpf,integrity
[    0.009346][    T0] SELinux:  Initializing.
[    0.011798][    T0] LSM support for eBPF active
[    0.012770][    T0] Mount-cache hash table entries: 32768 (order: 6, 262144 bytes, linear)
[    0.013883][    T0] Mountpoint-cache hash table entries: 32768 (order: 6, 262144 bytes, linear)
[    0.016499][    T1] cacheinfo: Unable to detect cache hierarchy for CPU 0
[    0.017676][    T1] RCU Tasks: Setting shift to 3 and lim to 1 rcu_task_cb_adjust=1.
[    0.018739][    T1] RCU Tasks Trace: Setting shift to 3 and lim to 1 rcu_task_cb_adjust=1.
[    0.019915][    T1] rcu: Hierarchical SRCU implementation.
[    0.020645][    T1] rcu: 	Max phase no-delay instances is 1000.
[    0.021843][    T1] dyndbg: Ignore empty _ddebug table in a CONFIG_DYNAMIC_DEBUG_CORE build
[    0.024996][    T1] EFI services will not be available.
[    0.025880][    T1] smp: Bringing up secondary CPUs ...
[    0.026940][    T0] Detected PIPT I-cache on CPU1
[    0.026963][    T0] GICv3: CPU1: found redistributor 100 region 0:0x000000000c460000
[    0.026981][    T0] CPU1: Booted secondary processor 0x0000000100 [0x410fd871]
[    0.027419][    T0] Detected PIPT I-cache on CPU2
[    0.027441][    T0] GICv3: CPU2: found redistributor 200 region 0:0x000000000c480000
[    0.027459][    T0] CPU2: Booted secondary processor 0x0000000200 [0x410fd871]
[    0.027867][    T0] Detected PIPT I-cache on CPU3
[    0.027890][    T0] GICv3: CPU3: found redistributor 300 region 0:0x000000000c4a0000
[    0.027905][    T0] CPU3: Booted secondary processor 0x0000000300 [0x410fd871]
[    0.028498][    T0] Detected PIPT I-cache on CPU4
[    0.028530][    T0] GICv3: CPU4: found redistributor 400 region 0:0x000000000c4c0000
[    0.028551][    T0] CPU4: Booted secondary processor 0x0000000400 [0x410fd871]
[    0.029031][    T0] Detected PIPT I-cache on CPU5
[    0.029063][    T0] GICv3: CPU5: found redistributor 500 region 0:0x000000000c4e0000
[    0.029080][    T0] CPU5: Booted secondary processor 0x0000000500 [0x410fd871]
[    0.029587][    T0] Detected PIPT I-cache on CPU6
[    0.029619][    T0] GICv3: CPU6: found redistributor 600 region 0:0x000000000c500000
[    0.029638][    T0] CPU6: Booted secondary processor 0x0000000600 [0x410fd871]
[    0.030161][    T0] Detected PIPT I-cache on CPU7
[    0.030195][    T0] GICv3: CPU7: found redistributor 700 region 0:0x000000000c520000
[    0.030214][    T0] CPU7: Booted secondary processor 0x0000000700 [0x410fd871]
[    0.030279][    T1] smp: Brought up 1 node, 8 CPUs
[    0.049220][    T1] SMP: Total of 8 processors activated.
[    0.049949][    T1] CPU features: detected: Branch Target Identification
[    0.050841][    T1] CPU features: detected: ARMv8.4 Translation Table Level
[    0.051766][    T1] CPU features: detected: Data cache clean to the PoU not required for I/D coherence
[    0.053003][    T1] CPU features: detected: Common not Private translations
[    0.053931][    T1] CPU features: detected: CRC32 instructions
[    0.054706][    T1] CPU features: detected: Data cache clean to Point of Deep Persistence
[    0.055793][    T1] CPU features: detected: Data cache clean to Point of Persistence
[    0.056822][    T1] CPU features: detected: Data independent timing control (DIT)
[    0.057816][    T1] CPU features: detected: E0PD
[    0.058440][    T1] CPU features: detected: Enhanced Counter Virtualization
[    0.059370][    T1] CPU features: detected: Enhanced Counter Virtualization (CNTPOFF)
[    0.060411][    T1] CPU features: detected: Enhanced Privileged Access Never
[    0.061347][    T1] CPU features: detected: Enhanced Virtualization Traps
[    0.062249][    T1] CPU features: detected: Fine Grained Traps
[    0.063031][    T1] CPU features: detected: Generic authentication (architected QARMA3 algorithm)
[    0.064210][    T1] CPU features: detected: RCpc load-acquire (LDAPR)
[    0.065065][    T1] CPU features: detected: LSE atomic instructions
[    0.065900][    T1] CPU features: detected: Privileged Access Never
[    0.066732][    T1] CPU features: detected: RAS Extension Support
[    0.067551][    T1] CPU features: detected: Speculation barrier (SB)
[    0.068402][    T1] CPU features: detected: Stage-2 Force Write-Back
[    0.069246][    T1] CPU features: detected: TLB range maintenance instructions
[    0.070206][    T1] CPU features: detected: WFx with timeout
[    0.070957][    T1] CPU features: detected: Speculative Store Bypassing Safe (SSBS)
[    0.071978][    T1] CPU features: detected: Scalable Vector Extension
[    0.072853][   T63] CPU features: detected CPU6: Activity Monitors Unit (AMU)
[    0.072853][   T70] CPU features: detected CPU7: Activity Monitors Unit (AMU)
[    0.072853][   T48] CPU features: detected CPU4: Activity Monitors Unit (AMU)
[    0.072853][   T56] CPU features: detected CPU5: Activity Monitors Unit (AMU)
[    0.072853][   T22] CPU features: detected CPU0: Activity Monitors Unit (AMU)
[    0.072853][   T41] CPU features: detected CPU3: Activity Monitors Unit (AMU)
[    0.072854][   T34] CPU features: detected CPU2: Activity Monitors Unit (AMU)
[    0.072854][   T27] CPU features: detected CPU1: Activity Monitors Unit (AMU)
[    0.080467][    T1] SVE: maximum available vector length 16 bytes per vector
[    0.081405][    T1] SVE: default vector length 16 bytes per vector
[    0.082229][    T1] CPU: All CPU(s) started at EL1
[    0.082874][    T1] alternatives: applying system-wide alternatives
[    0.103552][    T1] clocksource: jiffies: mask: 0xffffffff max_cycles: 0xffffffff, max_idle_ns: 7645041785100000 ns
[    0.104957][    T1] futex hash table entries: 2048 (order: 5, 131072 bytes, linear)
[    0.107571][    T1] pinctrl core: initialized pinctrl subsystem
[    0.109083][    T1] NET: Registered PF_NETLINK/PF_ROUTE protocol family
[    0.110740][    T1] DMA: preallocated 2048 KiB GFP_KERNEL pool for atomic allocations
[    0.112154][    T1] audit: initializing netlink subsys (disabled)
[    0.113071][   T76] audit: type=2000 audit(0.100:1): state=initialized audit_enabled=0 res=1
[    0.113089][    T1] ramoops: using module parameters
[    0.117376][    T1] pstore: Using crash dump compression: deflate
[    0.118193][    T1] printk: console [ramoops-1] enabled
[    0.119416][    T1] pstore: Registered ramoops as persistent store backend
[    0.120332][    T1] ramoops: using 0x310000@0x6ec00000, ecc: 0
[    0.121267][    T1] thermal_sys: Registered thermal governor 'bang_bang'
[    0.121269][    T1] thermal_sys: Registered thermal governor 'step_wise'
[    0.122163][    T1] thermal_sys: Registered thermal governor 'user_space'
[    0.123063][    T1] thermal_sys: Registered thermal governor 'power_allocator'
[    0.124003][    T1] cpuidle: using governor menu
[    0.125894][    T1] hw-breakpoint: found 6 breakpoint and 4 watchpoint registers.
[    0.127004][    T1] ASID allocator initialised with 65536 entries
[    0.128047][    T1] Serial: AMBA PL011 UART driver
[    0.153228][    T1] OF: /soc/ccu_rproc@1b080000: could not find phandle 263105
[    0.154277][    T1] OF: /soc/ccu_rproc1@1b180000: could not find phandle 263107
[    0.157250][    T1] OF: /soc/disp-oddmr0@14015000: could not find phandle 263173
[    0.158299][    T1] OF: /soc/disp-postmask0@14017000: could not find phandle 263168
[    0.159644][    T1] OF: /soc/disp1-wdma0@1420e000: could not find phandle 263205
[    0.160853][    T1] OF: /soc/disp-ovl0-2l@14402000: could not find phandle 262145
[    0.161903][    T1] OF: /soc/disp-ovl1-2l@14403000: could not find phandle 262785
[    0.162952][    T1] OF: /soc/disp-ovl2-2l@14404000: could not find phandle 262147
[    0.163994][    T1] OF: /soc/disp-ovl3-2l@14405000: could not find phandle 262787
[    0.165066][    T1] OF: /soc/disp-ufbc-wdma0@14409000: could not find phandle 262820
[    0.166147][    T1] OF: /soc/disp-wdma2@1440a000: could not find phandle 262178
[    0.167904][    T1] OF: /soc/imgsys-fw@15000000: could not find phandle 196636
[    0.168924][    T1] OF: /soc/dvs@1a770000: could not find phandle 262756
[    0.169872][    T1] OF: /soc/dvp@1a770800: could not find phandle 262756
[    0.170815][    T1] OF: /soc/dvgf@1a770c00: could not find phandle 262756
[    0.172044][    T1] OF: /soc/jpgenc@17030000: could not find phandle 262375
[    0.173026][    T1] OF: /soc/jpgdec0@17040000: could not find phandle 262385
[    0.174027][    T1] OF: /soc/jpgenc@17830000: could not find phandle 262407
[    0.175006][    T1] OF: /soc/jpgdec1@17840000: could not find phandle 262417
[    0.176446][    T1] OF: /soc/camsv1@1a500000: could not find phandle 262592
[    0.177433][    T1] OF: /soc/camsv2@1a510000: could not find phandle 262560
[    0.178423][    T1] OF: /soc/camsv3@1a520000: could not find phandle 263072
[    0.179411][    T1] OF: /soc/camsv4@1a530000: could not find phandle 263073
[    0.180401][    T1] OF: /soc/camsv5@1a540000: could not find phandle 263074
[    0.181396][    T1] OF: /soc/mraw1@1a700000: could not find phandle 262944
[    0.182377][    T1] OF: /soc/mraw2@1a710000: could not find phandle 262976
[    0.183357][    T1] OF: /soc/mraw3@1a720000: could not find phandle 262946
[    0.184338][    T1] OF: /soc/pda@1a750000: could not find phandle 262948
[    0.185389][    T1] OF: /soc/cam-raw-a@1a800000: could not find phandle 262656
[    0.186410][    T1] OF: /soc/cam-yuv-a@1a880000: could not find phandle 262688
[    0.187423][    T1] OF: /soc/cam-raw-b@1a900000: could not find phandle 263296
[    0.188440][    T1] OF: /soc/cam-yuv-b@1a980000: could not find phandle 263232
[    0.189468][    T1] OF: /soc/cam-raw-c@1aa00000: could not find phandle 263328
[    0.190493][    T1] OF: /soc/cam-yuv-c@1aa80000: could not find phandle 263264
[    0.191638][    T1] OF: /soc/mml0-rdma0@1f003000: could not find phandle 262208
[    0.192696][    T1] OF: /soc/mml0-wrot0@1f00f000: could not find phandle 262209
[    0.193726][    T1] OF: /soc/mml0-rdma2@1f011000: could not find phandle 262212
[    0.194818][    T1] OF: /soc/mml1-rdma0@1f803000: could not find phandle 262240
[    0.195876][    T1] OF: /soc/mml1-wrot0@1f80f000: could not find phandle 262241
[    0.196894][    T1] OF: /soc/mml1-rdma2@1f811000: could not find phandle 262244
[    0.197926][    T1] OF: /soc/mml1-wrot2@1f815000: could not find phandle 262245
[    0.199208][    T1] OF: /soc/spi1@11011800/fingerprint@0: could not get #gpio-cells for /cpus/idle-states/mcusysoff-l
[    0.200632][    T1] OF: /soc/spi1@11011800/fingerprint@0: could not get #gpio-cells for /smi-img-vcore-sub-comm1@15782000
[    0.206623][    T1] /soc/gce@1e980000: Fixed dependency cycle(s) with /soc/gce@1e980000
[    0.207710][    T1] /soc/gce@1e990000: Fixed dependency cycle(s) with /soc/gce@1e990000
[    0.209434][    T1] /soc/dsi0@1420a000: Fixed dependency cycle(s) with /soc/dsi0@1420a000/panel1@0
[    0.210645][    T1] /soc/dsi0@1420a000/panel1@0: Fixed dependency cycle(s) with /soc/dsi0@1420a000
[    0.215651][    T1] /soc/seninf-top@1a300000/seninf-csi-port-0: Fixed dependency cycle(s) with /soc/i2c@11cb1000/sensor3@10
[    0.217147][    T1] /soc/seninf-top@1a300000/seninf-csi-port-1: Fixed dependency cycle(s) with /soc/i2c@11d10000/sensor2@10
[    0.218639][    T1] /soc/seninf-top@1a300000/seninf-csi-port-3: Fixed dependency cycle(s) with /soc/i2c@11b70000/sensor1@10
[    0.220137][    T1] /soc/seninf-top@1a300000/seninf-csi-port-4: Fixed dependency cycle(s) with /soc/i2c@11cb0000/sensor0@36
[    0.227167][    T1] /soc/i2c@11b70000/sensor1@10: Fixed dependency cycle(s) with /soc/seninf-top@1a300000/seninf-csi-port-3
[    0.228702][    T1] /soc/i2c@11cb0000/camera-af-main@c: Fixed dependency cycle(s) with /mtk-composite-v4l2-2
[    0.230031][    T1] /soc/i2c@11cb0000/sensor0@36: Fixed dependency cycle(s) with /soc/seninf-top@1a300000/seninf-csi-port-4
[    0.231556][    T1] /soc/i2c@11f01000/mt6375@34/tcpc: Fixed dependency cycle(s) with /soc/typec-mux-switch
[    0.232851][    T1] /soc/i2c@11f01000/mt6375@34/auxadc: Fixed dependency cycle(s) with /soc/i2c@11f01000/mt6375@34/auxadc
[    0.234349][    T1] /soc/i2c@11e00000/flashlights_tran@63/flashlights_tran@0: Fixed dependency cycle(s) with /mtk-composite-v4l2-1
[    0.235939][    T1] /soc/i2c@11cb1000/camera-af-main-four@d: Fixed dependency cycle(s) with /mtk-composite-v4l2-2
[    0.237312][    T1] /soc/i2c@11cb1000/sensor3@10: Fixed dependency cycle(s) with /soc/seninf-top@1a300000/seninf-csi-port-0
[    0.238827][    T1] /soc/i2c@11d10000/camera-af-main-two@b: Fixed dependency cycle(s) with /mtk-composite-v4l2-2
[    0.240203][    T1] /soc/i2c@11d10000/sensor2@10: Fixed dependency cycle(s) with /soc/seninf-top@1a300000/seninf-csi-port-1
[    0.241742][    T1] /soc/typec-mux-switch: Fixed dependency cycle(s) with /soc/i2c@11f01000/mt6375@34/tcpc
[    0.243106][    T1] /soc/funnel@d041000: Fixed dependency cycle(s) with /soc/etf@d044000
[    0.244192][    T1] /soc/funnel@d041000: Fixed dependency cycle(s) with /soc/gpu-etm
[    0.245232][    T1] /soc/funnel@d041000: Fixed dependency cycle(s) with /soc/funnel0
[    0.246266][    T1] /soc/funnel@d041000: Fixed dependency cycle(s) with /soc/btm1
[    0.247264][    T1] /soc/funnel@d041000: Fixed dependency cycle(s) with /soc/btm0
[    0.248266][    T1] /soc/funnel@d041000: Fixed dependency cycle(s) with /soc/btts
[    0.249267][    T1] /soc/etf@d044000: Fixed dependency cycle(s) with /soc/etr@d07d000
[    0.250321][    T1] /soc/etf@d044000: Fixed dependency cycle(s) with /soc/funnel@d041000
[    0.251410][    T1] /soc/etr@d07d000: Fixed dependency cycle(s) with /soc/etf@d044000
[    0.252466][    T1] /soc/btts: Fixed dependency cycle(s) with /soc/funnel@d041000
[    0.253475][    T1] /soc/btm0: Fixed dependency cycle(s) with /soc/funnel@d041000
[    0.254483][    T1] /soc/btm1: Fixed dependency cycle(s) with /soc/funnel@d041000
[    0.255490][    T1] /soc/gpu-etm: Fixed dependency cycle(s) with /soc/funnel@d041000
[    0.256535][    T1] /soc/ete0: Fixed dependency cycle(s) with /soc/funnel0
[    0.257462][    T1] /soc/ete1: Fixed dependency cycle(s) with /soc/funnel0
[    0.258390][    T1] /soc/ete2: Fixed dependency cycle(s) with /soc/funnel0
[    0.259316][    T1] /soc/ete3: Fixed dependency cycle(s) with /soc/funnel0
[    0.260243][    T1] /soc/ete4: Fixed dependency cycle(s) with /soc/funnel0
[    0.261171][    T1] /soc/ete5: Fixed dependency cycle(s) with /soc/funnel0
[    0.262097][    T1] /soc/ete6: Fixed dependency cycle(s) with /soc/funnel0
[    0.263024][    T1] /soc/ete7: Fixed dependency cycle(s) with /soc/funnel0
[    0.263947][    T1] /soc/funnel0: Fixed dependency cycle(s) with /soc/funnel@d041000
[    0.264981][    T1] /soc/funnel0: Fixed dependency cycle(s) with /soc/ete7
[    0.265901][    T1] /soc/funnel0: Fixed dependency cycle(s) with /soc/ete6
[    0.266819][    T1] /soc/funnel0: Fixed dependency cycle(s) with /soc/ete5
[    0.267738][    T1] /soc/funnel0: Fixed dependency cycle(s) with /soc/ete4
[    0.268657][    T1] /soc/funnel0: Fixed dependency cycle(s) with /soc/ete3
[    0.269575][    T1] /soc/funnel0: Fixed dependency cycle(s) with /soc/ete2
[    0.270495][    T1] /soc/funnel0: Fixed dependency cycle(s) with /soc/ete1
[    0.271413][    T1] /soc/funnel0: Fixed dependency cycle(s) with /soc/ete0
[    0.277568][    T1] /soc/gce@1e980000: Fixed dependency cycle(s) with /soc/gce@1e980000
[    0.278775][    T1] /soc/gce@1e990000: Fixed dependency cycle(s) with /soc/gce@1e990000
[    0.285838][    T1] /soc/dsi0@1420a000: Fixed dependency cycle(s) with /soc/dsi0@1420a000/panel1@0
[    0.287060][    T1] /soc/dsi0@1420a000/panel1@0: Fixed dependency cycle(s) with /soc/dsi0@1420a000
[    0.295355][    T1] sysfs: cannot create duplicate filename '/bus/platform/devices/15001000.smi-larb9'
[    0.296602][    T1] CPU: 2 PID: 1 Comm: swapper/0 Not tainted 6.6.118-android15-8-gf9c84f40b6ba-ab14657223-4k #1 25a527f1cb0b19a5e937990136432f15ffb42a72
[    0.298434][    T1] Hardware name: MT6899 (DT)
[    0.299027][    T1] Call trace:
[    0.299447][    T1]  dump_backtrace+0xe8/0x108
[    0.300047][    T1]  show_stack+0x18/0x28
[    0.300583][    T1]  dump_stack_lvl+0x50/0x6c
[    0.301170][    T1]  dump_stack+0x18/0x24
[    0.301707][    T1]  sysfs_warn_dup+0x68/0x88
[    0.302294][    T1]  sysfs_do_create_link_sd+0x94/0xdc
[    0.302982][    T1]  sysfs_create_link+0x30/0x48
[    0.303600][    T1]  bus_add_device+0xbc/0x154
[    0.304199][    T1]  device_add+0x200/0x48c
[    0.304760][    T1]  of_platform_device_create_pdata+0xb8/0x13c
[    0.305552][    T1]  of_platform_bus_create+0x1e8/0x388
[    0.306249][    T1]  of_platform_bus_create+0x234/0x388
[    0.306947][    T1]  of_platform_populate+0x74/0xe0
[    0.307599][    T1]  of_platform_default_populate_init+0xc4/0xdc
[    0.308403][    T1]  do_one_initcall+0xdc/0x360
[    0.309009][    T1]  do_initcall_level+0xc8/0x19c
[    0.309643][    T1]  do_initcalls+0x70/0xc0
[    0.310205][    T1]  do_basic_setup+0x1c/0x28
[    0.310789][    T1]  kernel_init_freeable+0xd0/0x138
[    0.311455][    T1]  kernel_init+0x20/0x1a8
[    0.312017][    T1]  ret_from_fork+0x10/0x20
[    0.312752][    T1] sysfs: cannot create duplicate filename '/bus/platform/devices/15006000.smi-larb18'
[    0.314005][    T1] CPU: 2 PID: 1 Comm: swapper/0 Not tainted 6.6.118-android15-8-gf9c84f40b6ba-ab14657223-4k #1 25a527f1cb0b19a5e937990136432f15ffb42a72
[    0.315838][    T1] Hardware name: MT6899 (DT)
[    0.316432][    T1] Call trace:
[    0.316851][    T1]  dump_backtrace+0xe8/0x108
[    0.317447][    T1]  show_stack+0x18/0x28
[    0.317984][    T1]  dump_stack_lvl+0x50/0x6c
[    0.318568][    T1]  dump_stack+0x18/0x24
[    0.319105][    T1]  sysfs_warn_dup+0x68/0x88
[    0.319692][    T1]  sysfs_do_create_link_sd+0x94/0xdc
[    0.320378][    T1]  sysfs_create_link+0x30/0x48
[    0.320994][    T1]  bus_add_device+0xbc/0x154
[    0.321591][    T1]  device_add+0x200/0x48c
[    0.322150][    T1]  of_platform_device_create_pdata+0xb8/0x13c
[    0.322943][    T1]  of_platform_bus_create+0x1e8/0x388
[    0.323642][    T1]  of_platform_bus_create+0x234/0x388
[    0.324341][    T1]  of_platform_populate+0x74/0xe0
[    0.324993][    T1]  of_platform_default_populate_init+0xc4/0xdc
[    0.325797][    T1]  do_one_initcall+0xdc/0x360
[    0.326402][    T1]  do_initcall_level+0xc8/0x19c
[    0.327033][    T1]  do_initcalls+0x70/0xc0
[    0.327595][    T1]  do_basic_setup+0x1c/0x28
[    0.328180][    T1]  kernel_init_freeable+0xd0/0x138
[    0.328846][    T1]  kernel_init+0x20/0x1a8
[    0.329408][    T1]  ret_from_fork+0x10/0x20
[    0.330675][    T1] sysfs: cannot create duplicate filename '/bus/platform/devices/15140000.smi-larb15'
[    0.331931][    T1] CPU: 2 PID: 1 Comm: swapper/0 Not tainted 6.6.118-android15-8-gf9c84f40b6ba-ab14657223-4k #1 25a527f1cb0b19a5e937990136432f15ffb42a72
[    0.333762][    T1] Hardware name: MT6899 (DT)
[    0.334354][    T1] Call trace:
[    0.334774][    T1]  dump_backtrace+0xe8/0x108
[    0.335369][    T1]  show_stack+0x18/0x28
[    0.335906][    T1]  dump_stack_lvl+0x50/0x6c
[    0.336491][    T1]  dump_stack+0x18/0x24
[    0.337027][    T1]  sysfs_warn_dup+0x68/0x88
[    0.337614][    T1]  sysfs_do_create_link_sd+0x94/0xdc
[    0.338300][    T1]  sysfs_create_link+0x30/0x48
[    0.338915][    T1]  bus_add_device+0xbc/0x154
[    0.339514][    T1]  device_add+0x200/0x48c
[    0.340073][    T1]  of_platform_device_create_pdata+0xb8/0x13c
[    0.340863][    T1]  of_platform_bus_create+0x1e8/0x388
[    0.341561][    T1]  of_platform_bus_create+0x234/0x388
[    0.342258][    T1]  of_platform_populate+0x74/0xe0
[    0.342910][    T1]  of_platform_default_populate_init+0xc4/0xdc
[    0.343714][    T1]  do_one_initcall+0xdc/0x360
[    0.344321][    T1]  do_initcall_level+0xc8/0x19c
[    0.344951][    T1]  do_initcalls+0x70/0xc0
[    0.345514][    T1]  do_basic_setup+0x1c/0x28
[    0.346099][    T1]  kernel_init_freeable+0xd0/0x138
[    0.346764][    T1]  kernel_init+0x20/0x1a8
[    0.347326][    T1]  ret_from_fork+0x10/0x20
[    0.348048][    T1] sysfs: cannot create duplicate filename '/bus/platform/devices/15190000.smi-larb38'
[    0.349302][    T1] CPU: 2 PID: 1 Comm: swapper/0 Not tainted 6.6.118-android15-8-gf9c84f40b6ba-ab14657223-4k #1 25a527f1cb0b19a5e937990136432f15ffb42a72
[    0.351132][    T1] Hardware name: MT6899 (DT)
[    0.351725][    T1] Call trace:
[    0.352143][    T1]  dump_backtrace+0xe8/0x108
[    0.352739][    T1]  show_stack+0x18/0x28
[    0.353274][    T1]  dump_stack_lvl+0x50/0x6c
[    0.353858][    T1]  dump_stack+0x18/0x24
[    0.354395][    T1]  sysfs_warn_dup+0x68/0x88
[    0.354980][    T1]  sysfs_do_create_link_sd+0x94/0xdc
[    0.355666][    T1]  sysfs_create_link+0x30/0x48
[    0.356283][    T1]  bus_add_device+0xbc/0x154
[    0.356882][    T1]  device_add+0x200/0x48c
[    0.357443][    T1]  of_platform_device_create_pdata+0xb8/0x13c
[    0.358233][    T1]  of_platform_bus_create+0x1e8/0x388
[    0.358932][    T1]  of_platform_bus_create+0x234/0x388
[    0.359630][    T1]  of_platform_populate+0x74/0xe0
[    0.360283][    T1]  of_platform_default_populate_init+0xc4/0xdc
[    0.361086][    T1]  do_one_initcall+0xdc/0x360
[    0.361693][    T1]  do_initcall_level+0xc8/0x19c
[    0.362324][    T1]  do_initcalls+0x70/0xc0
[    0.362887][    T1]  do_basic_setup+0x1c/0x28
[    0.363470][    T1]  kernel_init_freeable+0xd0/0x138
[    0.364136][    T1]  kernel_init+0x20/0x1a8
[    0.364699][    T1]  ret_from_fork+0x10/0x20
[    0.365587][    T1] sysfs: cannot create duplicate filename '/bus/platform/devices/15320000.smi-larb12'
[    0.366843][    T1] CPU: 2 PID: 1 Comm: swapper/0 Not tainted 6.6.118-android15-8-gf9c84f40b6ba-ab14657223-4k #1 25a527f1cb0b19a5e937990136432f15ffb42a72
[    0.368672][    T1] Hardware name: MT6899 (DT)
[    0.369266][    T1] Call trace:
[    0.369685][    T1]  dump_backtrace+0xe8/0x108
[    0.370279][    T1]  show_stack+0x18/0x28
[    0.370815][    T1]  dump_stack_lvl+0x50/0x6c
[    0.371399][    T1]  dump_stack+0x18/0x24
[    0.371936][    T1]  sysfs_warn_dup+0x68/0x88
[    0.372521][    T1]  sysfs_do_create_link_sd+0x94/0xdc
[    0.373208][    T1]  sysfs_create_link+0x30/0x48
[    0.373824][    T1]  bus_add_device+0xbc/0x154
[    0.374420][    T1]  device_add+0x200/0x48c
[    0.374980][    T1]  of_platform_device_create_pdata+0xb8/0x13c
[    0.375771][    T1]  of_platform_bus_create+0x1e8/0x388
[    0.376468][    T1]  of_platform_bus_create+0x234/0x388
[    0.377165][    T1]  of_platform_populate+0x74/0xe0
[    0.377817][    T1]  of_platform_default_populate_init+0xc4/0xdc
[    0.378620][    T1]  do_one_initcall+0xdc/0x360
[    0.379227][    T1]  do_initcall_level+0xc8/0x19c
[    0.379859][    T1]  do_initcalls+0x70/0xc0
[    0.380420][    T1]  do_basic_setup+0x1c/0x28
[    0.381005][    T1]  kernel_init_freeable+0xd0/0x138
[    0.381671][    T1]  kernel_init+0x20/0x1a8
[    0.382232][    T1]  ret_from_fork+0x10/0x20
[    0.383378][    T1] sysfs: cannot create duplicate filename '/bus/platform/devices/15720000.smi-larb28'
[    0.384634][    T1] CPU: 2 PID: 1 Comm: swapper/0 Not tainted 6.6.118-android15-8-gf9c84f40b6ba-ab14657223-4k #1 25a527f1cb0b19a5e937990136432f15ffb42a72
[    0.386464][    T1] Hardware name: MT6899 (DT)
[    0.387056][    T1] Call trace:
[    0.387476][    T1]  dump_backtrace+0xe8/0x108
[    0.388071][    T1]  show_stack+0x18/0x28
[    0.388608][    T1]  dump_stack_lvl+0x50/0x6c
[    0.389192][    T1]  dump_stack+0x18/0x24
[    0.389728][    T1]  sysfs_warn_dup+0x68/0x88
[    0.390314][    T1]  sysfs_do_create_link_sd+0x94/0xdc
[    0.390999][    T1]  sysfs_create_link+0x30/0x48
[    0.391616][    T1]  bus_add_device+0xbc/0x154
[    0.392213][    T1]  device_add+0x200/0x48c
[    0.392774][    T1]  of_platform_device_create_pdata+0xb8/0x13c
[    0.393565][    T1]  of_platform_bus_create+0x1e8/0x388
[    0.394263][    T1]  of_platform_bus_create+0x234/0x388
[    0.394962][    T1]  of_platform_populate+0x74/0xe0
[    0.395614][    T1]  of_platform_default_populate_init+0xc4/0xdc
[    0.396417][    T1]  do_one_initcall+0xdc/0x360
[    0.397024][    T1]  do_initcall_level+0xc8/0x19c
[    0.397656][    T1]  do_initcalls+0x70/0xc0
[    0.398219][    T1]  do_basic_setup+0x1c/0x28
[    0.398804][    T1]  kernel_init_freeable+0xd0/0x138
[    0.399470][    T1]  kernel_init+0x20/0x1a8
[    0.400031][    T1]  ret_from_fork+0x10/0x20
[    0.404626][    T1] /soc/seninf-top@1a300000/seninf-csi-port-0: Fixed dependency cycle(s) with /soc/i2c@11cb1000/sensor3@10
[    0.406127][    T1] /soc/seninf-top@1a300000/seninf-csi-port-1: Fixed dependency cycle(s) with /soc/i2c@11d10000/sensor2@10
[    0.407621][    T1] /soc/seninf-top@1a300000/seninf-csi-port-3: Fixed dependency cycle(s) with /soc/i2c@11b70000/sensor1@10
[    0.409119][    T1] /soc/seninf-top@1a300000/seninf-csi-port-4: Fixed dependency cycle(s) with /soc/i2c@11cb0000/sensor0@36
[    0.424279][    T1] /soc/i2c@11b70000/sensor1@10: Fixed dependency cycle(s) with /soc/seninf-top@1a300000/seninf-csi-port-3
[    0.425979][    T1] /soc/i2c@11cb0000/camera-af-main@c: Fixed dependency cycle(s) with /mtk-composite-v4l2-2
[    0.427314][    T1] /soc/i2c@11cb0000/sensor0@36: Fixed dependency cycle(s) with /soc/seninf-top@1a300000/seninf-csi-port-4
[    0.428957][    T1] /soc/i2c@11f01000/mt6375@34/tcpc: Fixed dependency cycle(s) with /soc/typec-mux-switch
[    0.430258][    T1] /soc/i2c@11f01000/mt6375@34/auxadc: Fixed dependency cycle(s) with /soc/i2c@11f01000/mt6375@34/auxadc
[    0.431830][    T1] /soc/i2c@11e00000/flashlights_tran@63/flashlights_tran@0: Fixed dependency cycle(s) with /mtk-composite-v4l2-1
[    0.433561][    T1] /soc/i2c@11cb1000/camera-af-main-four@d: Fixed dependency cycle(s) with /mtk-composite-v4l2-2
[    0.434958][    T1] /soc/i2c@11cb1000/sensor3@10: Fixed dependency cycle(s) with /soc/seninf-top@1a300000/seninf-csi-port-0
[    0.436567][    T1] /soc/i2c@11d10000/camera-af-main-two@b: Fixed dependency cycle(s) with /mtk-composite-v4l2-2
[    0.437959][    T1] /soc/i2c@11d10000/sensor2@10: Fixed dependency cycle(s) with /soc/seninf-top@1a300000/seninf-csi-port-1
[    0.440247][    T1] /soc/i2c@11f01000/mt6375@34/tcpc: Fixed dependency cycle(s) with /soc/typec-mux-switch
[    0.441562][    T1] /soc/typec-mux-switch: Fixed dependency cycle(s) with /soc/i2c@11f01000/mt6375@34/tcpc
[    0.445320][    T1] /soc/funnel@d041000: Fixed dependency cycle(s) with /soc/etf@d044000
[    0.446405][    T1] /soc/funnel@d041000: Fixed dependency cycle(s) with /soc/gpu-etm
[    0.447445][    T1] /soc/funnel@d041000: Fixed dependency cycle(s) with /soc/funnel0
[    0.448485][    T1] /soc/funnel@d041000: Fixed dependency cycle(s) with /soc/btm1
[    0.449484][    T1] /soc/funnel@d041000: Fixed dependency cycle(s) with /soc/btm0
[    0.450485][    T1] /soc/funnel@d041000: Fixed dependency cycle(s) with /soc/btts
[    0.451550][    T1] /soc/funnel@d041000: Fixed dependency cycle(s) with /soc/etf@d044000
[    0.452660][    T1] /soc/etf@d044000: Fixed dependency cycle(s) with /soc/etr@d07d000
[    0.453714][    T1] /soc/etf@d044000: Fixed dependency cycle(s) with /soc/funnel@d041000
[    0.454866][    T1] /soc/etf@d044000: Fixed dependency cycle(s) with /soc/etr@d07d000
[    0.455934][    T1] /soc/etr@d07d000: Fixed dependency cycle(s) with /soc/etf@d044000
[    0.457036][    T1] /soc/funnel@d041000: Fixed dependency cycle(s) with /soc/btts
[    0.458064][    T1] /soc/btts: Fixed dependency cycle(s) with /soc/funnel@d041000
[    0.459107][    T1] /soc/funnel@d041000: Fixed dependency cycle(s) with /soc/btm0
[    0.460132][    T1] /soc/btm0: Fixed dependency cycle(s) with /soc/funnel@d041000
[    0.461179][    T1] /soc/funnel@d041000: Fixed dependency cycle(s) with /soc/btm1
[    0.462205][    T1] /soc/btm1: Fixed dependency cycle(s) with /soc/funnel@d041000
[    0.463247][    T1] /soc/funnel@d041000: Fixed dependency cycle(s) with /soc/gpu-etm
[    0.464316][    T1] /soc/gpu-etm: Fixed dependency cycle(s) with /soc/funnel@d041000
[    0.465407][    T1] /soc/ete0: Fixed dependency cycle(s) with /soc/funnel0
[    0.466363][    T1] /soc/ete1: Fixed dependency cycle(s) with /soc/funnel0
[    0.467316][    T1] /soc/ete2: Fixed dependency cycle(s) with /soc/funnel0
[    0.468271][    T1] /soc/ete3: Fixed dependency cycle(s) with /soc/funnel0
[    0.469231][    T1] /soc/ete4: Fixed dependency cycle(s) with /soc/funnel0
[    0.470187][    T1] /soc/ete5: Fixed dependency cycle(s) with /soc/funnel0
[    0.471144][    T1] /soc/ete6: Fixed dependency cycle(s) with /soc/funnel0
[    0.472099][    T1] /soc/ete7: Fixed dependency cycle(s) with /soc/funnel0
[    0.473051][    T1] /soc/ete7: Fixed dependency cycle(s) with /soc/funnel0
[    0.473998][    T1] /soc/ete6: Fixed dependency cycle(s) with /soc/funnel0
[    0.474943][    T1] /soc/ete5: Fixed dependency cycle(s) with /soc/funnel0
[    0.475891][    T1] /soc/ete4: Fixed dependency cycle(s) with /soc/funnel0
[    0.476831][    T1] /soc/ete3: Fixed dependency cycle(s) with /soc/funnel0
[    0.477775][    T1] /soc/ete2: Fixed dependency cycle(s) with /soc/funnel0
[    0.478714][    T1] /soc/ete1: Fixed dependency cycle(s) with /soc/funnel0
[    0.479664][    T1] /soc/ete0: Fixed dependency cycle(s) with /soc/funnel0
[    0.480600][    T1] /soc/funnel@d041000: Fixed dependency cycle(s) with /soc/funnel0
[    0.481653][    T1] /soc/funnel0: Fixed dependency cycle(s) with /soc/funnel@d041000
[    0.482700][    T1] /soc/funnel0: Fixed dependency cycle(s) with /soc/ete7
[    0.483633][    T1] /soc/funnel0: Fixed dependency cycle(s) with /soc/ete6
[    0.484567][    T1] /soc/funnel0: Fixed dependency cycle(s) with /soc/ete5
[    0.485497][    T1] /soc/funnel0: Fixed dependency cycle(s) with /soc/ete4
[    0.486429][    T1] /soc/funnel0: Fixed dependency cycle(s) with /soc/ete3
[    0.487359][    T1] /soc/funnel0: Fixed dependency cycle(s) with /soc/ete2
[    0.488294][    T1] /soc/funnel0: Fixed dependency cycle(s) with /soc/ete1
[    0.489224][    T1] /soc/funnel0: Fixed dependency cycle(s) with /soc/ete0
[    0.492860][    T1] /soc/usb0@11201000: Fixed dependency cycle(s) with /extcon-usb
[    0.493914][    T1] /extcon-usb: Fixed dependency cycle(s) with /soc/usb0@11201000
[    0.496036][    T1] Modules: 23664 pages in range for non-PLT usage
[    0.496040][    T1] Modules: 515184 pages in range for PLT usage
[    0.499945][    T1] iommu: Default domain type: Translated
[    0.501495][    T1] iommu: DMA domain TLB invalidation policy: strict mode
[    0.502928][    T1] SCSI subsystem initialized
[    0.503587][    T1] usbcore: registered new interface driver usbfs
[    0.504422][    T1] usbcore: registered new interface driver hub
[    0.505238][    T1] usbcore: registered new device driver usb
[    0.506068][    T1] mc: Linux media interface: v0.10
[    0.506751][    T1] videodev: Linux video capture interface: v2.00
[    0.507607][    T1] EDAC MC: Ver: 3.0.0
[    0.508564][    T1] scmi_core: SCMI protocol bus registered
[    0.509441][    T1] Advanced Linux Sound Architecture Driver Initialized.
[    0.510914][    T1] clocksource: Switched to clocksource arch_sys_counter
[    0.512918][    T1] VFS: Disk quotas dquot_6.6.0
[    0.513608][    T1] VFS: Dquot-cache hash table entries: 512 (order 0, 4096 bytes)
[    0.515287][    T1] NET: Registered PF_INET protocol family
[    0.516207][    T1] IP idents hash table entries: 262144 (order: 9, 2097152 bytes, linear)
[    0.521992][    T1] tcp_listen_portaddr_hash hash table entries: 8192 (order: 5, 131072 bytes, linear)
[    0.523274][    T1] Table-perturb hash table entries: 65536 (order: 6, 262144 bytes, linear)
[    0.524634][    T1] TCP established hash table entries: 131072 (order: 8, 1048576 bytes, linear)
[    0.526050][    T1] TCP bind hash table entries: 65536 (order: 9, 2097152 bytes, linear)
[    0.527346][    T1] TCP: Hash tables configured (established 131072 bind 65536)
[    0.528386][    T1] UDP hash table entries: 8192 (order: 6, 262144 bytes, linear)
[    0.529433][    T1] UDP-Lite hash table entries: 8192 (order: 6, 262144 bytes, linear)
[    0.530782][    T1] NET: Registered PF_UNIX/PF_LOCAL protocol family
[    0.531652][    T1] NET: Registered PF_XDP protocol family
[    0.532390][    T1] PCI: CLS 0 bytes, default 64
[    0.533120][   T10] Trying to unpack rootfs image as initramfs...
[    0.539197][    T1] kvm [1]: HYP mode not available
[    0.540887][    T1] Initialise system trusted keyrings
[    0.541649][    T1] workingset: timestamp_bits=46 max_order=22 bucket_order=0
[    0.546286][    T1] fuse: init (API version 7.39)
[    0.568629][    T1] Key type asymmetric registered
[    0.569270][    T1] Asymmetric key parser 'x509' registered
[    0.570044][    T1] Block layer SCSI generic (bsg) driver version 0.4 loaded (major 240)
[    0.571186][    T1] io scheduler mq-deadline registered
[    0.571883][    T1] io scheduler kyber registered
[    0.572620][    T1] io scheduler bfq registered
[    0.585865][    T1] Serial: 8250/16550 driver, 4 ports, IRQ sharing disabled
[    0.590410][    T1] printk: console [ttynull0] enabled
[    0.594983][    T1] brd: module loaded
[    0.599622][    T1] loop: module loaded
[    0.601369][    T1] wireguard: WireGuard 1.0.0 loaded. See www.wireguard.com for information.
[    0.602511][    T1] wireguard: Copyright (C) 2015-2019 Jason A. Donenfeld <Jason@zx2c4.com>. All Rights Reserved.
[    0.604338][    T1] tun: Universal TUN/TAP device driver, 1.6
[    0.607367][    T1] usbcore: registered new interface driver uas
[    0.608188][    T1] usbcore: registered new interface driver usb-storage
[    0.609192][    T1] usbcore: registered new interface driver xpad
[    0.609315][   T10] rootfs image is not initramfs (Decoding failed); looks like an initrd
[    0.610163][    T1] gspca_main: v2.14.0 registered
[    0.611800][    T1] usbcore: registered new interface driver uvcvideo
[    0.613706][    T1] device-mapper: uevent: version 1.0.3
[    0.614606][    T1] device-mapper: ioctl: 4.48.0-ioctl (2023-03-01) initialised: dm-devel@redhat.com
[    0.617266][    T1] sdhci: Secure Digital Host Controller Interface driver
[    0.618187][    T1] sdhci: Copyright(c) Pierre Ossman
[    0.618861][    T1] sdhci-pltfm: SDHCI platform and OF driver helper
[    0.621213][    T1] SMCCC: SOC_ID: ARCH_SOC_ID not implemented, skipping ....
[    0.622240][   T10] Freeing initrd memory: 32844K
[    0.622421][    T1] hid: raw HID events driver (C) Jiri Kosina
[    0.624204][    T1] usbcore: registered new interface driver usbhid
[    0.625044][    T1] usbhid: USB HID core driver
[    0.625864][    T1] ashmem: initialized
[    0.627910][    T1] hw perfevents: enabled with armv8_pmuv3 PMU driver, 21 counters available
[    0.630775][   T95] watchdog: Delayed init of the lockup detector failed: -19
[    0.631767][   T95] watchdog: Hard watchdog permanently disabled
[    0.632139][    T1] gnss: GNSS driver registered with major 505
[    0.634065][    T1] usbcore: registered new interface driver snd-usb-audio
[    0.635358][    T1] GACT probability NOT on
[    0.635926][    T1] Mirror/redirect action on
[    0.636520][    T1] netem: version 1.3
[    0.637084][    T1] u32 classifier
[    0.637538][    T1]     input device check on
[    0.638118][    T1]     Actions configured
[    0.657705][    T1] xt_time: kernel timezone is -0000
[    0.658443][    T1] ipip: IPv4 and MPLS over IPv4 tunneling driver
[    0.659489][    T1] gre: GRE over IPv4 demultiplexor driver
[    0.660235][    T1] ip_gre: GRE over IPv4 tunneling driver
[    0.661302][    T1] IPv4 over IPsec tunneling driver
[    0.662096][    T1] Initializing XFRM netlink socket
[    0.662772][    T1] IPsec XFRM device driver
[    0.663669][    T1] NET: Registered PF_INET6 protocol family
[    0.665200][    T1] Segment Routing with IPv6
[    0.665795][    T1] In-situ OAM (IOAM) with IPv6
[    0.666511][    T1] mip6: Mobile IPv6
[    0.667241][    T1] sit: IPv6, IPv4 and MPLS over IPv4 tunneling driver
[    0.668401][    T1] ip6_gre: GRE over IPv6 tunneling driver
[    0.669291][    T1] NET: Registered PF_PACKET protocol family
[    0.670063][    T1] NET: Registered PF_KEY protocol family
[    0.671011][    T1] NET: Registered PF_VSOCK protocol family
[    0.675050][    T1] registered taskstats version 1
[    0.675799][    T1] Loading compiled-in X.509 certificates
[    0.677452][    T1] Loaded X.509 cert 'Build time autogenerated kernel key: b79de11375fe4e9fb35b4d79f8436c5a02a98888'
[    0.682518][    T1] page_owner is disabled
[    0.683231][    T1] Key type .fscrypt registered
[    0.683849][    T1] Key type fscrypt-provisioning registered
[    0.687084][    T1] clk: Disabling unused clocks
[    0.687712][    T1] ALSA device list:
[    0.688202][    T1]   No soundcards found.
[    0.689109][    T1] Freeing unused kernel memory: 4160K
[    0.689885][    T1] Run /init as init process
[    0.692092][    T1] init: init first stage started!
[    0.696104][    T1] init: softdep lines in modules.softdep must have at least 4 entries
[    0.697179][    T1] init: softdep lines in modules.softdep must have at least 4 entries
[    0.698454][    T1] init: Loading module /lib/modules/bootprof.ko with args ''
[    0.699529][    T1] bootprof: loading out-of-tree module taints kernel.
[    0.700793][    T1] BOOTPROF: pl=4700, bl2ext=1053 ,lk=2633, logo=747, tfa=193, sec_os=1, gz=143
[    0.702114][    T1] BOOTPROF:       702.114462: ON (TH:15)
[    0.702848][    T1] BOOTPROF:       702.848539:Kernel_init_done
[    0.703692][    T1] init: Loaded kernel module /lib/modules/bootprof.ko
[    0.704684][    T1] init: Loading module /lib/modules/mrdump.ko with args ''
[    0.706349][    T1] mboot_params:[DT] 0x800@0x11d000, 0x2(0xec0)
[    0.707168][    T1] mboot_params: [DT] 0x10000@0x48090000
[    0.707940][    T1] mboot_params: using dram:0x48081000(0x1000)
[    0.708731][    T1] mboot_params: buffer start: 0xffffffc08010d000, size: 0x1000
[    0.709718][    T1] mboot_params: last init function: 0x0
[    0.710472][    T1] mrdump_parse_chosen: mrdump_cbaddr=0x0000000048082000, mrdump_cbsize=0x0000000000008000
[    0.711780][    T1] mrdump_parse_chosen: lk version MRDUMP11
[    0.712534][    T1] mrdump_parse_chosen: ddr reserve mode no
[    0.713315][    T1] [mrdump] phys:0x48080000 - 0x48090000 (0x10000)
[    0.714159][    T1] [mrdump] rmem->priv = ffffffc080a30000
[    0.714937][    T1] mrdump_cblock_init: done.
[    0.715523][    T1] minirdump: [DT] reserved 0x48090000+0x10000->(____ptrval____)
[    0.716548][   T96] mrdump_ka_work_func: retry in 0.1 second
[    0.716604][    T1] init: Loaded kernel module /lib/modules/mrdump.ko
[    0.718329][    T1] init: Loading module /lib/modules/aee_aed.ko with args ''
[    0.720246][    T1] aee kernel api ready
[    0.720384][    T1] init: Loaded kernel module /lib/modules/aee_aed.ko
[    0.721888][    T1] init: Loading module /lib/modules/monitor_hang.ko with args ''
[    0.723682][    T1] mrdump: hang data 0xffffff8028000000 size:0x400000
[    0.725047][    T1] monitor_hang: can't get monitor_hang_boot_up_enable status.
[    0.726806][    T1] MKP: mkp_init:43 start
[    0.727381][    T1] MKP: mkp_init:55 failed, ret: -3
[    0.728768][    T1] MKP: resource base=0x0000000040000000, size=0x0000000000010000
[    0.729953][    T1] enable_action_panic: enable mkp panic
[    0.730955][   T94] aee_get_stext failed
[    0.730959][   T94] aee_get_etext failed
[    0.731484][   T94] aee_get_init_begin failed
[    0.732008][   T94] mkp: init_debug_kinfo failed
[    0.733202][   T94] MKP: mkp_protect_kernel_work_fn: retry in 0.1 second
[    0.733713][    T1] MKP: mkp_init:64 done
[    0.735743][    T1] mtk_dbgtop_drm was loaded
[    0.736552][    T1] mtk_dbgtop_drm 1000d000.drm: driver probed
[    0.737333][    T1] mtk_dbgtop_drm 1000d000.drm: mtk_dbgtop_drm_probe: version = 2.
[    0.738353][    T1] mtk_dbgtop_drm 1000d000.drm: mtk_dbgtop_drm_probe: found sec-write = 1.
[    0.739487][    T1] mtk_dbgtop_drm 1000d000.drm: base (____ptrval____)
[    0.742927][    T1] log_store: get address 0xa0d.
[    0.743564][    T1] log_store:[DT] log_store: 0x11df00@0x100
[    0.744319][    T1] log_store: get ok, sram addr:0x11df00, size:0x100
[    0.745181][    T1] log_store: sram header address 0x(____ptrval____).
[    0.746053][    T1] sig 0x5678ef90 flag 0x227 add 0x33ff70000 size 0x80000 offsize 0x20 point 0x150a7
[    0.747451][    T1] log_store: pmic child device not found.
[    0.748200][    T1] log_store: bootmode: 0x0 boottype: 0x2.
[    0.748943][    T1] log store:sram_dram_buff addr 0x33ff70000, size 0x80000.
[    0.749895][    T1] [PHY layout]log_store_mem:0x33ff70000-0x33ffeffff (0x80000)
[    0.750871][    T1] buff (____ptrval____), sig cdab3412 size 80000 pl 0, sz 150a7 lk 150a7, sz 1e33b p c, l c
[    0.752211][    T1] tran_devmsg_parse_chosen: tran_devmsg is enable
[    0.753051][    T1] tran_devmsg_init: tran_devmsg_mem:0x7ffe0000-0x10000 (0xffffffc080a75000)
[    0.756972][    T1] mtk-wdt 1c00b000.watchdog: error -ENXIO: IRQ index 0 not found
[    0.757990][    T1] [wdtk] kick watchdog
[    0.758588][    T1] mtk-wdt 1c00b000.watchdog: Watchdog enabled (timeout=31 sec, nowayout=0)
[    0.758596][   T86] [wdtk] kick watchdog
[    0.762554][    T1] hangdet_init: compatible node found: watchdog
[    0.763403][    T1] apwdt enabled
[    0.764178][    T1] hangdet_init: compatible node found: systimer
[    0.765075][    T1] hangdet_init systimer_cnt 133284135
[    0.765121][   T10] [wdk] bind thread 112 to cpu 0
[    0.765776][    T1] hangdet_init set wdk_ktime 765776540
[    0.767152][    T1] Planted kprobe at ffffffd739b89144 for hrtimer_start_range_ns
[    0.767179][  T112] [wdk-c] cpu=0 o_k=0 lbit=0x1 cbit=0xff,fe,7,1,765082770,1,0,0,0,0,[767175386,15000000] 31 ffffffff  
[    0.767186][   T10] [wdk] bind thread 113 to cpu 1
[    0.767232][   T10] [wdk] bind thread 114 to cpu 2
[    0.767257][  T114] [wdk-c] cpu=2 o_k=2 lbit=0x5 cbit=0xff,fa,7,1,765082770,7,0,0,0,0,[767252924,14999917] 31 ffffffff  
[    0.767259][  T114] 
[    0.767279][   T10] [wdk] bind thread 115 to cpu 3
[    0.767307][  T115] [wdk-c] cpu=3 o_k=3 lbit=0xd cbit=0xff,f2,7,1,765082770,f,0,0,0,0,[767303924,14999866] 31 ffffffff  
[    0.767309][  T115] 
[    0.767341][   T10] [wdk] bind thread 116 to cpu 4
[    0.767362][  T116] [wdk-c] cpu=4 o_k=4 lbit=0x1d cbit=0xff,e2,7,1,765082770,1f,0,0,0,0,[767358463,14999812] 31 ffffffff  
[    0.767364][  T116] 
[    0.767391][   T10] [wdk] bind thread 117 to cpu 5
[    0.767413][  T117] [wdk-c] cpu=5 o_k=5 lbit=0x3d cbit=0xff,c2,7,1,765082770,3f,0,0,0,0,[767409540,14999760] 31 ffffffff  
[    0.767415][  T117] 
[    0.767449][   T10] [wdk] bind thread 118 to cpu 6
[    0.767475][  T118] [wdk-c] cpu=6 o_k=6 lbit=0x7d cbit=0xff,82,7,1,765082770,7f,0,0,0,0,[767471693,14999698] 31 ffffffff  
[    0.767478][  T118] 
[    0.767499][   T10] [wdk] bind thread 119 to cpu 7
[    0.767503][   T10] [wdk] WDT start kicker done CPU_NR=8 online cpu NR8
[    0.767504][   T10] [wdk]init_wk done late_initcall cpus_kick_bit=0xff -----
[    0.767528][  T119] [wdk-c] cpu=7 o_k=7 lbit=0xfd cbit=0xff,2,7,1,765082770,ff,0,0,0,0,[767524309,14999645] 31 ffffffff  
[    0.767531][  T119] 
[    0.786235][  T112] 
[    0.786250][    T1] Planted kprobe at ffffffd739b9a434 for hrtimer_start_range_ns
[    0.786291][  T113] [thread:113] 1970-01-01 00:00:00.775381 UTC;android time 1970-01-01 00:00:00.775381
[    0.786349][  T113] [wdk-k] cpu=1 o_k=1 lbit=0xff cbit=0xff,0,7,1,765082770,ff,0,0,0,0,[786284540,14980895] 30 ffffffff  
[    0.786351][  T113] 
[    0.790564][    T1] reboot set flag, old value 0x6c002000, 1.
[    0.791643][    T1] reboot set flag new value 0x6c002800.
[    0.792387][    T1] BOOTPROF:       792.385847:initcall: init_module [aee_hangdet]    30.106846ms
[    0.794204][  T120] random: crng init done
[    0.796258][    T1] [DEVAPC]: driver registered
[    0.796874][    T1] [DEVAPC]: subsys_enabled[0]:1
[    0.797503][    T1] [DEVAPC]: subsys_enabled[1]:1
[    0.798133][    T1] [DEVAPC]: subsys_enabled[2]:1
[    0.798763][    T1] [DEVAPC]: subsys_enabled[3]:1
[    0.799407][    T1] [DEVAPC]: subsys_enabled[4]:1
[    0.800036][    T1] [DEVAPC]: subsys_enabled[5]:1
[    0.800665][    T1] [DEVAPC]: subsys_enabled[6]:1
[    0.801293][    T1] [DEVAPC]: subsys_enabled[7]:1
[    0.801921][    T1] [DEVAPC]: subsys_enabled[8]:1
[    0.802628][    T1] [DEVAPC]: IRQ[0]:27
[    0.803163][    T1] [DEVAPC]: IRQ[1]:28
[    0.803686][    T1] [DEVAPC]: IRQ[2]:29
[    0.804218][    T1] [DEVAPC]: IRQ[3]:30
[    0.804741][    T1] [DEVAPC]: IRQ[4]:31
[    0.805263][    T1] [DEVAPC]: IRQ[5]:32
[    0.805786][    T1] [DEVAPC]: IRQ[6]:33
[    0.806351][    T1] [DEVAPC]: (Infra) Cannot get devapc clock from CCF (-2)
[    0.807462][    T1] [DEVAPC]: no violation for slave:0x0
[    0.808241][    T1] [DEVAPC]: no violation for slave:0x1
[    0.808978][    T1] [DEVAPC]: no violation for slave:0x2
[    0.809726][    T1] [DEVAPC]: no violation for slave:0x3
[    0.810575][    T1] [DEVAPC]: no violation for slave:0x4
[    0.811440][    T1] [DEVAPC]: no violation for slave:0x5
[    0.812160][    T1] [DEVAPC]: no violation for slave:0x6
[    0.812887][    T1] [DEVAPC]: no violation for slave:0x7
[    0.813611][    T1] [DEVAPC]: no violation for slave:0x8
[    0.816101][    T1] [DEVAPC]: start_devapc done
[    0.817243][    T1] BOOTPROF:       817.242770:initcall: init_module [device_apc_mt6899]    21.124308ms
[    0.823612][    T1] [scmi] secure-sspm-mbox-clr not support
[    0.824362][    T1] [scmi] secure-sspm_md2spm-clr not support
[    0.825130][    T1] mtk_tinysys_mbox 1c351000.tinysys-mbox: MTK MBOX Mailbox registered
[    0.826890][   T83] arm-scmi firmware:scmi: SCMI Notifications - Core Enabled.
[    0.828002][   T83] arm-scmi firmware:scmi: SCMI Protocol v1.0 'mtk:mtk' Firmware version 0x5353504d
[    0.828087][    T1] wifi_page_pool_init: init wifi page pool mod
[    0.829390][   T83] arm-scmi firmware:scmi: Detected UNSUPPORTED higher version 0x10000 for protocol 0x80.Backward compatibility is NOT assured.
[    0.829556][    T1] wifi_page_pool_init: init done[0]
[    0.833643][    T1] mt6899-pinctrl 10005000.pinctrl: mtk_eint_do_init eint total 256 pins.
[    0.834923][   T95] mkp: init_debug_kinfo success
[    0.835464][    T1] mt6899-pinctrl 10005000.pinctrl: mtk_eint_do_init eint in new mode, assign the matrix number to 152.
[    0.836084][   T95] MKP: mkp: protect krn code done
[    0.837873][   T96] mrdump control block 2nd stage init done.
[    0.838298][   T95] MKP: mkp: protect krn rodata done
[    0.840851][   T83] input: odm:gpio_keys as /devices/platform/odm/odm:gpio_keys/input/input0
[    0.844614][    T1] mtk_iommu: debug mtk_m4u_dbg_probe start, smmu_v3_enable:0
[    0.846502][    T1] mtk_iommu: secure mtk_iommu_sec_init+
[    0.849554][    T1] mtk_iommu: secure mtk_iommu_sec_probe done, dev:19011000.iommu
[    0.850613][    T1] mtk_iommu: secure mtk_iommu_sec_probe done, dev:19012000.iommu
[    0.851763][    T1] mtk_iommu: secure mtk_iommu_sec_probe done, dev:19013000.iommu
[    0.852803][    T1] mtk_iommu: secure mtk_iommu_sec_probe done, dev:19014000.iommu
[    0.853833][    T1] mtk_iommu: secure mtk_iommu_sec_probe done, dev:19016000.iommu
[    0.854861][    T1] mtk_iommu: secure mtk_iommu_sec_probe done, dev:19017000.iommu
[    0.855921][    T1] mtk_iommu: secure mtk_iommu_sec_probe done, dev:19018000.iommu
[    0.856949][    T1] mtk_iommu: secure mtk_iommu_sec_probe done, dev:19019000.iommu
[    0.857979][    T1] mtk_iommu: secure mtk_iommu_sec_probe done, dev:1e817000.iommu
[    0.859012][    T1] mtk_iommu: secure mtk_iommu_sec_probe done, dev:1e818000.iommu
[    0.860039][    T1] mtk_iommu: secure mtk_iommu_sec_probe done, dev:1e819000.iommu
[    0.861067][    T1] mtk_iommu: secure mtk_iommu_sec_probe done, dev:1e81a000.iommu
[    0.862096][    T1] mtk_iommu: secure mtk_iommu_sec_probe done, dev:1e81c000.iommu
[    0.863126][    T1] mtk_iommu: secure mtk_iommu_sec_probe done, dev:1e81d000.iommu
[    0.864161][    T1] mtk_iommu: secure mtk_iommu_sec_probe done, dev:1e81e000.iommu
[    0.865191][    T1] mtk_iommu: secure mtk_iommu_sec_probe done, dev:1e81f000.iommu
[    0.929730][    T1] mtk_iommu: secure mtk_iommu_sec_init-
[    0.930471][    T1] BOOTPROF:       930.470694:initcall: init_module [iommu_secure]    83.953154ms
[    0.939274][    T1] emicen was loaded
[    0.940056][    T1] emicen_drv 10219000.emicen: driver probed
[    0.940839][    T1] emicen_drv 10219000.emicen: cen->offset 0x40000000
[    0.941737][    T1] emicen_drv 10219000.emicen: No chn_swap info
[    0.942538][    T1] emicen_drv 10219000.emicen: No chn_swap info
[    0.943347][    T1] emicen_drv 10219000.emicen: No chn_swap info
[    0.944147][    T1] emicen_drv 10219000.emicen: No chn_swap info
[    0.944947][    T1] emicen_drv 10219000.emicen: cen->chn_swap[0] 0
[    0.945771][    T1] emicen_drv 10219000.emicen: cen->chn_swap[1] 1
[    0.946594][    T1] emicen_drv 10219000.emicen: cen->chn_swap[2] 2
[    0.947419][    T1] emicen_drv 10219000.emicen: cen->chn_swap[3] 3
[    0.948243][    T1] emicen_drv 10219000.emicen: No a2d-conf-offset
[    0.949066][    T1] emicen_drv 10219000.emicen: No a2d-chn-conf-offset
[    0.949936][    T1] a2d_cen: 0xf053f154, 0x800000, 0x66660043, 0x10804330, 0xc0, 0x24044000
[    0.951052][    T1] a2d_chn: 0x466fc51, 0x42145, 0x9ac00001
[    0.951796][    T1] emicen_drv 10219000.emicen: version(2) ch_cnt(4), rk_cnt(2)
[    0.952770][    T1] emicen_drv 10219000.emicen: rk_size0(0x180000000)
[    0.953627][    T1] emicen_drv 10219000.emicen: rk_size1(0x180000000)
[    0.954485][    T1] emicen_drv 10219000.emicen: a2d-disph 0xe
[    0.955253][    T1] emicen_drv 10219000.emicen: a2d-hash 0xb
[    0.956007][    T1] emicen_drv 10219000.emicen: emi_a2d_emi_cen[0] 0xf053f154
[    0.956957][    T1] emicen_drv 10219000.emicen: emi_a2d_emi_cen[1] 0x800000
[    0.957884][    T1] emicen_drv 10219000.emicen: emi_a2d_emi_cen[2] 0x66660043
[    0.958834][    T1] emicen_drv 10219000.emicen: emi_a2d_emi_cen[3] 0x10804330
[    0.959786][    T1] emicen_drv 10219000.emicen: emi_a2d_emi_cen[4] 0xc0
[    0.960667][    T1] emicen_drv 10219000.emicen: emi_a2d_emi_cen[5] 0x24044000
[    0.961616][    T1] emicen_drv 10219000.emicen: emi_a2d_emi_chn[0] 0x466fc51
[    0.962554][    T1] emicen_drv 10219000.emicen: emi_a2d_emi_chn[1] 0x42145
[    0.963473][    T1] emicen_drv 10219000.emicen: emi_a2d_emi_chn[2] 0x9ac00001
[    0.965053][    T1] emiisu wad loaded
[    0.966316][    T1] emiisu_drv soc:emiisu: driver probed
[    0.967050][    T1] emiisu_probe: Turn off EMIISU dump
[    0.967735][    T1] set_isu_ctrl_flag: lsu_ctrl_flag_last: 0xffffffff
[    0.968593][    T1] set_isu_ctrl_flag: cur_ctrl_trace_idx=0
[    0.969336][    T1] set_isu_ctrl_flag: isu_ctrl_trace[0]: ts=969336232, val=1f, readback=dec0dec0
[    0.970519][    T1] set_isu_ctrl_flag: KERN_REC_OFF_PROBE
[    0.971244][    T1] emiisu_drv soc:emiisu: buf_size(1000000),buf_addr(0),ver_addr(ffffffc0804f58e4),con_addr(ffffffc0804fd8d0),ctrl_intf(1)
[    0.973941][    T1] BOOTPROF:       973.940617:initcall: init_module [emi]    34.653000ms
[    0.983537][    T1] mtk_iommu: mtk_iommu_probe start dev:19010000.iommu
[    0.984512][    T1] mtk_iommu: mtk_iommu_probe, get bank nr:4
[    0.985532][    T1] disp-iommu-bank1 19011000.iommu: Get iommu bank:1(19011000.iommu) irq:294 ,pa:0x0000000019011000, success
[    0.987200][    T1] disp-iommu-bank1 19012000.iommu: Get iommu bank:2(19012000.iommu) irq:295 ,pa:0x0000000019012000, success
[    0.988837][    T1] disp-iommu-bank1 19013000.iommu: Get iommu bank:3(19013000.iommu) irq:296 ,pa:0x0000000019013000, success
[    0.990472][    T1] disp-iommu-bank1 19014000.iommu: Get iommu bank:4(19014000.iommu) irq:297 ,pa:0x0000000019014000, success
[    0.992395][    T1] mtk_iommu: mtk_iommu_probe done dev:19010000.iommu, head:ffffffd734cf8428
[    0.993611][    T1] mtk_iommu: mtk_iommu_probe start dev:19015000.iommu
[    0.994569][    T1] mtk_iommu: mtk_iommu_probe, get bank nr:4
[    0.995519][    T1] disp-iommu-bank1 19016000.iommu: Get iommu bank:1(19016000.iommu) irq:299 ,pa:0x0000000019016000, success
[    0.997188][    T1] disp-iommu-bank1 19017000.iommu: Get iommu bank:2(19017000.iommu) irq:300 ,pa:0x0000000019017000, success
[    0.998828][    T1] disp-iommu-bank1 19018000.iommu: Get iommu bank:3(19018000.iommu) irq:301 ,pa:0x0000000019018000, success
[    1.000524][    T1] disp-iommu-bank1 19019000.iommu: Get iommu bank:4(19019000.iommu) irq:302 ,pa:0x0000000019019000, success
[    1.002412][    T1] mtk_iommu: mtk_iommu_probe done dev:19015000.iommu, head:ffffffd734cf8428
[    1.003685][    T1] mtk_iommu: mtk_iommu_probe start dev:1e816000.iommu
[    1.004608][    T1] mtk_iommu: mtk_iommu_probe, get bank nr:4
[    1.005509][    T1] disp-iommu-bank1 1e817000.iommu: Get iommu bank:1(1e817000.iommu) irq:304 ,pa:0x000000001e817000, success
[    1.007193][    T1] disp-iommu-bank1 1e818000.iommu: Get iommu bank:2(1e818000.iommu) irq:305 ,pa:0x000000001e818000, success
[    1.008832][    T1] disp-iommu-bank1 1e819000.iommu: Get iommu bank:3(1e819000.iommu) irq:306 ,pa:0x000000001e819000, success
[    1.010491][    T1] disp-iommu-bank1 1e81a000.iommu: Get iommu bank:4(1e81a000.iommu) irq:307 ,pa:0x000000001e81a000, success
[    1.012004][    T1] mtk-iommu 1e816000.iommu: skip smi
[    1.012975][    T1] mtk_iommu: mtk_iommu_probe done dev:1e816000.iommu, head:ffffffd734cf8418
[    1.014281][    T1] mtk_iommu: mtk_iommu_probe start dev:1e81b000.iommu
[    1.015216][    T1] mtk_iommu: mtk_iommu_probe, get bank nr:4
[    1.016134][    T1] disp-iommu-bank1 1e81c000.iommu: Get iommu bank:1(1e81c000.iommu) irq:309 ,pa:0x000000001e81c000, success
[    1.017818][    T1] disp-iommu-bank1 1e81d000.iommu: Get iommu bank:2(1e81d000.iommu) irq:310 ,pa:0x000000001e81d000, success
[    1.019474][    T1] disp-iommu-bank1 1e81e000.iommu: Get iommu bank:3(1e81e000.iommu) irq:311 ,pa:0x000000001e81e000, success
[    1.021132][    T1] disp-iommu-bank1 1e81f000.iommu: Get iommu bank:4(1e81f000.iommu) irq:312 ,pa:0x000000001e81f000, success
[    1.022639][    T1] mtk-iommu 1e81b000.iommu: skip smi
[    1.023629][    T1] mtk_iommu: mtk_iommu_probe done dev:1e81b000.iommu, head:ffffffd734cf8418
[    1.025160][    T1] BOOTPROF:      1025.160002:initcall: init_module [mtk_iommu]    47.039385ms
[    1.030175][    T1] dma_heap: system mtk_heap_create add heap[system] success
[    1.031175][    T1] dma_heap: system mtk_heap_create add heap[system-uncached] success
[    1.032249][    T1] dma_heap: system mtk_heap_create add heap[mtk_mm] success
[    1.033216][    T1] dma_heap: system mtk_heap_create add heap[mtk_mm-uncached] success
[    1.035468][    T1] dma_heap: system mtk_dma_heap_config_parse node:mtkheap-slc,type:5,name:mtk_slc,uncached:0,trusted:0,dev:soc:mtkheap-slc
[    1.037170][    T1] dma_heap: system mtk_heap_create add heap[mtk_slc] success
[    1.048376][    T1] [VCP] vcp_init begins
[    1.049918][    T1] mtk_iommu: mtk_iommu_device_group create group, data:(0,1)-->(0,0), dev:1ea00000.vcp, domid:5
[    1.051326][    T1] vcp 1ea00000.vcp: Adding to iommu group 0
[    1.052109][    T1] mtk_iommu: mtee_hypmmu_type2_enabled, hyp-mmu ret:1
[    1.052992][    T1] mtk_iommu: hyp-mmu type2 enabled. turn on coherent_walk
[    1.053919][    T1] mtk_iommu: register_share_region: tab_id:0, reg base=0x108000 size=0x4000
[    1.055072][    T1] mtk_iommu: register_share_region: tab_id:0, reg base=0x10c000 size=0x4000
[    1.056214][    T1] mtk_iommu: register_share_region: tab_id:0, reg base=0x110000 size=0x40000
[    1.057370][    T1] mtk_iommu: mtk_iommu_domain_finalise, create table data:(0,1)
[    1.058416][    T1] mtk_iommu: mtk_iommu_domain_finalise, dom:5, start:0x0000000150000000, end:0x00000001cfffffff, table:0x674e0000
[    1.060001][    T1] mtk_iommu: mtk_iommu_attach_device, set mtk_iommu_domain, data:(0,1), tab_id:0
[    1.061244][    T1] mtk_iommu: mtk_iommu_hw_init, register irq done, (0,1,0) 308
[    1.062240][    T1] mtk_iommu: mtk_iommu_hw_init, register irq done, (0,1,1) 309
[    1.063247][    T1] mtk_iommu: mtk_iommu_hw_init, register irq done, (0,1,2) 310
[    1.064238][    T1] mtk_iommu: mtk_iommu_hw_init, register irq done, (0,1,3) 311
[    1.065229][    T1] mtk_iommu: mtk_iommu_hw_init, register irq done, (0,1,4) 312
[    1.066220][    T1] mtk_iommu: mtk_iommu_hw_init done, (0,1), dump reg: 0x48:0x0, 0x50:0x0, 0x54:0x2a002a, 0xa0:0xfffcfffd, 0x110:0x100a, 0x114:0x4b666900, 0x120:0x63, 0x124:0x1fbf
[    1.068389][    T1] mtk_iommu: mtk_iommu_attach_device, iommu_dev:1e81b000.iommu(0,1), user_dev:1ea00000.vcp, pgtable:0x674e0000 -- 0x674e0000 -- 0x7bf00000, tab_id:0
[    1.070722][    T1] [VCP] vcp_hwvoter support by default: 1
[    1.071482][    T1] [VCP] vcpreg.core_nums = 1
[    1.072076][    T1] [VCP] vcpreg.fmeter_ck = 22 vcpreg.fmeter_type = 5
[    1.072945][    T1] [VCP] vcpreg.twohart = 1
[    1.073514][    T1] [VCP] vcpreg.secure_dump = 1, vcp_excep_mode = 1
[    1.074364][    T1] [VCP] resource request status register not found
[    1.075327][    T1] vcp 1ea00000.vcp: invalid resource (null)
[    1.076097][    T1] MBOX 0 can't find send status reg
[    1.076771][    T1] vcp 1ea00000.vcp: invalid resource (null)
[    1.077536][    T1] MBOX 0 can't find recv status reg
[    1.078262][    T1] vcp 1ea00000.vcp: invalid resource (null)
[    1.079040][    T1] MBOX 1 can't find send status reg
[    1.079714][    T1] vcp 1ea00000.vcp: invalid resource (null)
[    1.080479][    T1] MBOX 1 can't find recv status reg
[    1.081194][    T1] vcp 1ea00000.vcp: invalid resource (null)
[    1.081961][    T1] MBOX 2 can't find send status reg
[    1.082634][    T1] vcp 1ea00000.vcp: invalid resource (null)
[    1.083405][    T1] MBOX 2 can't find recv status reg
[    1.084117][    T1] vcp 1ea00000.vcp: invalid resource (null)
[    1.084884][    T1] MBOX 3 can't find send status reg
[    1.085556][    T1] vcp 1ea00000.vcp: invalid resource (null)
[    1.086322][    T1] MBOX 3 can't find recv status reg
[    1.087041][    T1] vcp 1ea00000.vcp: invalid resource (null)
[    1.087808][    T1] MBOX 4 can't find send status reg
[    1.088480][    T1] vcp 1ea00000.vcp: invalid resource (null)
[    1.089246][    T1] MBOX 4 can't find recv status reg
[    1.091390][    T1] vcp_ipidev (with 36 IPI) has registered.
[    1.092147][    T1] [VCP] vcp_reserve_memory_ioremap 1
[    1.092859][    T1] [VCP] secure dump, 0xbf200000 (0xffffffc081000000), (0x600000 + 0x200000) <= 0x800000
[    1.092864][    T1] [VCP] vcp-mem-tbl vcp_mem_num 11
[    1.094799][    T1] @@@@ reserved: <0  491520>
[    1.095402][    T1] @@@@ reserved: <1  73728>
[    1.095983][    T1] @@@@ reserved: <2  1572864>
[    1.096587][    T1] @@@@ reserved: <3  1024>
[    1.097156][    T1] @@@@ reserved: <4  1024>
[    1.097725][    T1] @@@@ reserved: <5  1024>
[    1.098295][    T1] @@@@ reserved: <6  1024>
[    1.098864][    T1] @@@@ reserved: <7  1048576>
[    1.099471][    T1] @@@@ reserved: <8  4096>
[    1.100041][    T1] @@@@ reserved: <9  4096>
[    1.100609][    T1] @@@@ reserved: <10  2097152>
[    1.101691][    T1] mrdump: file size of VCP_VSI_LAST_LOG is too large 0x180000
[    1.102672][    T1] [VCP] add vsi and log buffer to mrdump iova:0x1cfc00000, virt:0xffffffc081201000
[    1.103904][    T1] [VCP] [2] iova:0x1cfc00000, virt:0xffffffc081201000, len:0x180000
[    1.105011][    T1] [VCP] [3] iova:0x1cfbff000, virt:0xffffffc080a9a000, len:0x400
[    1.106075][    T1] [VCP] [4] iova:0x1cfbfe000, virt:0xffffffc080a9e000, len:0x400
[    1.107140][    T1] [VCP] [5] iova:0x1cfbfd000, virt:0xffffffc080aad000, len:0x400
[    1.108192][    T1] [VCP] [6] iova:0x1cfbfc000, virt:0xffffffc080abd000, len:0x400
[    1.109399][    T1] [VCP] [7] iova:0x1cfa00000, virt:0xffffffc080ee1000, len:0x100000
[    1.110491][    T1] [VCP] [8] iova:0x1cf9ff000, virt:0xffffffc080ad5000, len:0x1000
[    1.111564][    T1] [VCP] [9] iova:0x1cf9fe000, virt:0xffffffc080ae5000, len:0x1000
[    1.112586][    T1] [VCP] [10] iova:0xbf200000, virt:0xffffffc081000000, len:0x200000
[    1.114097][    T1] [VCP] device link to reg-dummy
[    1.114894][    T1] [VCP] device link to reg-dummy
[    1.115542][    T1] [VCP] vcp-ao support
[    1.115546][    T1] [VCP] vcp_device_probe done
[    1.118460][    T1] [VCP] INFRA VCP driver support
[    1.122414][    T1] vcp_io_vdec soc:vcp-iommu-vdec: Adding to iommu group 0
[    1.124915][    T1] vcp_io_venc soc:vcp-iommu-venc: Adding to iommu group 0
[    1.127272][    T1] vcp_io_work soc:vcp-iommu-work: Adding to iommu group 0
[    1.129800][    T1] mtk_iommu: mtk_iommu_device_group create group, data:(0,1)-->(0,0), dev:soc:vcp-iommu-sec, domid:4
[    1.131247][    T1] vcp_io_sec soc:vcp-iommu-sec: Adding to iommu group 1
[    1.132155][    T1] mtk_iommu: mtk_iommu_domain_finalise, dom:4, start:0x0000000110000000, end:0x000000014fffffff, table:0x674e0000
[    1.133731][    T1] mtk_iommu: mtk_iommu_attach_device, set mtk_iommu_domain, data:(0,1), tab_id:0
[    1.138712][    T1] [VCP] vcp_excep_init 0 -1 -1 -1
[    1.139421][    T1] [hw_voter]: call vcp_hw_voter_dbg_init
[    1.140154][    T1] [hw_voter]: vcp hwvoter mtk_ipi_register done
[    1.140970][    T1] [hw_voter]: vcp_hw_voter_create_procfs done
[    1.141880][    T1] [VCP] vcp_init core0 status: 0x0
[    1.145463][    T1] [VCP] reset_vcp: CORE0_RSTN_CLR cf9fe001 40c000 ff01 ret 0 clk 728000
[    1.146610][    T1] [VCP] vcp_enable_pm_clk id 0 done 1 clk 728000
[    1.147467][    T1] BOOTPROF:      1147.466464:initcall: init_module [vcp]    99.068308ms
[    1.151789][    T1] mtk-dvfsrc 1c00f000.dvfsrc: error -ENXIO: IRQ index 0 not found
[    1.155704][    T1] mtk-dvfsrc-devfreq mtk-dvfsrc-devfreq: _opp_is_duplicate: duplicate OPPs detected. Existing: freq: 8533000000, volt: 0, enabled: 1. New: freq: 8533000000, volt: 0, enabled: 1
[    1.159671][    T1] mtk-hw-semaphore hw-semaphore: hw_semaphore_probe: start to probe
[    1.160723][    T1] mtk-hw-semaphore hw-semaphore: hw_semaphore_probe:type:0 pa=0x1c001000
[    1.161825][    T1] mtk-hw-semaphore hw-semaphore: hw_semaphore_probe:type:1 pa=0x1ec24000
[    1.162935][    T1] mtk-hw-semaphore hw-semaphore: hw_semaphore_probe:master:0,(type,offset,bit)=(0,0x69c,5)
[    1.164240][    T1] mtk-hw-semaphore hw-semaphore: hw_semaphore_probe:master:1,(type,offset,bit)=(1,0x18,1)
[    1.165537][    T1] mtk-hw-semaphore hw-semaphore: hw_semaphore_probe:master:2,(type,offset,bit)=(1,0x18,3)
[    1.166828][    T1] mtk-hw-semaphore hw-semaphore: hw_semaphore_probe:master:3,(type,offset,bit)=(0,0x6a8,5)
[    1.168152][    T1] mtk-hw-semaphore hw-semaphore: hw_semaphore_probe:master:4,(type,offset,bit)=(1,0x18,0)
[    1.169444][    T1] (NULL device *): mtk_smi_set_hw_sema_ops register smi cb
[    1.214177][    T1] BOOTPROF:      1214.176233:initcall: init_module [clk_mt6899]    41.861231ms
[    1.239658][    T1] BOOTPROF:      1239.657156:initcall: init_module [clk_mt6899_cam]    17.151001ms
[    1.274306][    T1] BOOTPROF:      1274.302772:initcall: init_module [clk_mt6899_mmsys]    18.051692ms
[    1.309578][    T1] mtk-scpsys-mt6899 1c001000.power-controller: Failed to find phandler named mminfra-hwv-regmap
[    1.311316][    T1] mtk-scpsys-mt6899 1c001000.power-controller: hw-voter-regmap regmap is null(-19)
[    1.312589][    T1] mtk-scpsys-mt6899 1c001000.power-controller: cksys2-regmap regmap is null(-19)
[    1.313780][    T1] mtk-scpsys-mt6899 1c001000.power-controller: cksys2-regmap regmap is null(-19)
[    1.314982][    T1] mtk-scpsys-mt6899 1c001000.power-controller: cksys2-regmap regmap is null(-19)
[    1.316172][    T1] mtk-scpsys-mt6899 1c001000.power-controller: cksys2-regmap regmap is null(-19)
[    1.317372][    T1] mtk-scpsys-mt6899 1c001000.power-controller: cksys2-regmap regmap is null(-19)
[    1.318574][    T1] mtk-scpsys-mt6899 1c001000.power-controller: cksys2-regmap regmap is null(-19)
[    1.319783][    T1] mtk-scpsys-mt6899 1c001000.power-controller: cksys2-regmap regmap is null(-19)
[    1.321477][    T1] mtk-scpsys-mt6899 1163e000.power-controller: hw-voter-regmap regmap is null(-19)
[    1.322826][    T1] mtk-scpsys-mt6899 1163e000.power-controller: cksys2-regmap regmap is null(-19)
[    1.324026][    T1] mtk-scpsys-mt6899 1163e000.power-controller: cksys2-regmap regmap is null(-19)
[    1.325212][    T1] mtk-scpsys-mt6899 1163e000.power-controller: cksys2-regmap regmap is null(-19)
[    1.326475][    T1] mtk-scpsys-mt6899 1163e000.power-controller: cksys2-regmap regmap is null(-19)
[    1.327684][    T1] mtk-scpsys-mt6899 1163e000.power-controller: cksys2-regmap regmap is null(-19)
[    1.328890][    T1] mtk-scpsys-mt6899 1163e000.power-controller: cksys2-regmap regmap is null(-19)
[    1.330080][    T1] mtk-scpsys-mt6899 1163e000.power-controller: cksys2-regmap regmap is null(-19)
[    1.331278][    T1] mtk-scpsys-mt6899 1163e000.power-controller: cksys2-regmap regmap is null(-19)
[    1.332469][    T1] mtk-scpsys-mt6899 1163e000.power-controller: cksys2-regmap regmap is null(-19)
[    1.333656][    T1] mtk-scpsys-mt6899 1163e000.power-controller: cksys2-regmap regmap is null(-19)
[    1.334842][    T1] mtk-scpsys-mt6899 1163e000.power-controller: cksys2-regmap regmap is null(-19)
[    1.336076][    T1] mtk-scpsys-mt6899 1163e000.power-controller: cksys2-regmap regmap is null(-19)
[    1.337306][    T1] mtk-scpsys-mt6899 1163e000.power-controller: cksys2-regmap regmap is null(-19)
[    1.338524][    T1] mtk-scpsys-mt6899 1163e000.power-controller: cksys2-regmap regmap is null(-19)
[    1.339755][    T1] mtk-scpsys-mt6899 1163e000.power-controller: cksys2-regmap regmap is null(-19)
[    1.340976][    T1] mtk-scpsys-mt6899 1163e000.power-controller: cksys2-regmap regmap is null(-19)
[    1.342178][    T1] mtk-scpsys-mt6899 1163e000.power-controller: cksys2-regmap regmap is null(-19)
[    1.343384][    T1] mtk-scpsys-mt6899 1163e000.power-controller: cksys2-regmap regmap is null(-19)
[    1.344574][    T1] mtk-scpsys-mt6899 1163e000.power-controller: cksys2-regmap regmap is null(-19)
[    1.345761][    T1] mtk-scpsys-mt6899 1163e000.power-controller: cksys2-regmap regmap is null(-19)
[    1.346974][    T1] mtk-scpsys-mt6899 1163e000.power-controller: cksys2-regmap regmap is null(-19)
[    1.348180][    T1] mtk-scpsys-mt6899 1163e000.power-controller: cksys2-regmap regmap is null(-19)
[    1.349385][    T1] mtk-scpsys-mt6899 1163e000.power-controller: cksys2-regmap regmap is null(-19)
[    1.350590][    T1] mtk-scpsys-mt6899 1163e000.power-controller: cksys2-regmap regmap is null(-19)
[    1.351784][    T1] mtk-scpsys-mt6899 1163e000.power-controller: cksys2-regmap regmap is null(-19)
[    1.358598][    T1] BOOTPROF:      1358.597233:initcall: init_module [mtk_scpsys_mt6899]    49.417846ms
[    1.361282][   T83] mtk-smi-common 1e804000.disp-ssc0-smi-2x1-sub-comm: mtk_smi_common_probe: init power on
[    1.362908][   T83] mtk-smi-common 1e805000.disp-ssc1-smi-2x1-sub-comm: mtk_smi_common_probe: init power on
[    1.364637][   T83] mtk-smi-common 1e80c000.mdp-ssc4-smi-2x1-sub-comm: mtk_smi_common_probe: init power on
[    1.366205][   T83] mtk-smi-common 1e80d000.mdp-ssc5-smi-2x1-sub-comm: mtk_smi_common_probe: init power on
[    1.366492][    T1] of_clk_src_onecell_get: invalid clock index 245
[    1.367735][   T83] mtk-smi-common 1e807000.mmsram-smi-2x1-sub-comm3: mtk_smi_common_probe: init power on
[    1.368332][    T1] of_clk_src_onecell_get: invalid clock index 22
[    1.369828][   T83] mtk-smi-common 1e808000.mmsram-smi-2x1-sub-comm4: mtk_smi_common_probe: init power on
[    1.370411][    T1] of_clk_src_onecell_get: invalid clock index 11
[    1.372653][    T1] of_clk_src_onecell_get: invalid clock index 59
[    1.373548][   T83] mtk-smi-common 14210000.smi-disp-dram-sub-comm0: mtk_smi_common_probe: init power on
[    1.373566][    T1] of_clk_src_onecell_get: invalid clock index 112
[    1.375651][    T1] of_clk_src_onecell_get: invalid clock index 8
[    1.375684][   T83] mtk-smi-common 14211000.smi-disp-dram-sub-comm1: mtk_smi_common_probe: init power on
[    1.376463][    T1] of_clk_src_onecell_get: invalid clock index 6
[    1.378532][    T1] of_clk_src_onecell_get: invalid clock index 6
[    1.378571][   T83] mtk-smi-common 14212000.smi-disp-dram-sub-comm2: mtk_smi_common_probe: init power on
[    1.379358][    T1] of_clk_src_onecell_get: invalid clock index 2
[    1.381415][    T1] of_clk_src_onecell_get: invalid clock index 4
[    1.381448][   T83] mtk-smi-common 14213000.smi-disp-dram-sub-comm3: mtk_smi_common_probe: init power on
[    1.382226][    T1] of_clk_src_onecell_get: invalid clock index 6
[    1.384297][    T1] of_clk_src_onecell_get: invalid clock index 2
[    1.384332][   T83] mtk-smi-common 14214000.smi-sram-disp-sub-comm0: mtk_smi_common_probe: init power on
[    1.385104][    T1] of_clk_src_onecell_get: invalid clock index 2
[    1.387193][    T1] of_clk_src_onecell_get: invalid clock index 4
[    1.388008][    T1] of_clk_src_onecell_get: invalid clock index 1
[    1.388033][   T83] mtk-smi-common 14215000.smi-sram-disp-sub-comm1: mtk_smi_common_probe: init power on
[    1.388817][    T1] of_clk_src_onecell_get: invalid clock index 1
[    1.390936][    T1] of_clk_src_onecell_get: invalid clock index 100
[    1.391810][    T1] of_clk_src_onecell_get: invalid clock index 78
[    1.392668][    T1] of_clk_src_onecell_get: invalid clock index 58
[    1.393536][    T1] of_clk_src_onecell_get: invalid clock index 87
[    1.394379][    T1] of_clk_src_onecell_get: invalid clock index 20
[    1.395225][    T1] of_clk_src_onecell_get: invalid clock index 4
[    1.396044][    T1] of_clk_src_onecell_get: invalid clock index 6
[    1.396862][    T1] of_clk_src_onecell_get: invalid clock index 7
[    1.397679][    T1] of_clk_src_onecell_get: invalid clock index 7
[    1.398495][    T1] of_clk_src_onecell_get: invalid clock index 7
[    1.399318][    T1] of_clk_src_onecell_get: invalid clock index 9
[    1.400130][    T1] of_clk_src_onecell_get: invalid clock index 2
[    1.400959][    T1] of_clk_src_onecell_get: invalid clock index 16
[    1.401086][   T83] mtk-smi-larb 1440c000.smi-larb0: mtk_smi_larb_probe: init power on
[    1.401782][    T1] of_clk_src_onecell_get: invalid clock index 8
[    1.403656][    T1] of_clk_src_onecell_get: invalid clock index 6
[    1.404485][    T1] of_clk_src_onecell_get: invalid clock index 16
[    1.404605][   T83] mtk-smi-larb 1440d000.smi-larb1: mtk_smi_larb_probe: init power on
[    1.405312][    T1] of_clk_src_onecell_get: invalid clock index 15
[    1.407217][    T1] of_clk_src_onecell_get: invalid clock index 32
[    1.407310][   T83] mtk-smi-larb 14410000.smi-larb20: mtk_smi_larb_probe: init power on
[    1.408103][    T1] of_clk_src_onecell_get: invalid clock index 111
[    1.409952][    T1] of_clk_src_onecell_get: invalid clock index 18
[    1.410055][   T83] mtk-smi-larb 14411000.smi-larb21: mtk_smi_larb_probe: init power on
[    1.410778][    T1] of_clk_src_onecell_get: invalid clock index 10
[    1.412687][    T1] of_clk_src_onecell_get: invalid clock index 12
[    1.412800][   T83] mtk-smi-larb 14020000.smi-larb32: mtk_smi_larb_probe: init power on
[    1.413512][    T1] of_clk_src_onecell_get: invalid clock index 7
[    1.415392][    T1] of_clk_src_onecell_get: invalid clock index 8
[    1.415513][   T83] mtk-smi-larb 1420f000.smi-larb33: mtk_smi_larb_probe: init power on
[    1.416207][    T1] of_clk_src_onecell_get: invalid clock index 12
[    1.418086][    T1] of_clk_src_onecell_get: invalid clock index 7
[    1.418899][    T1] of_clk_src_onecell_get: invalid clock index 8
[    1.419742][    T1] of_clk_src_onecell_get: invalid clock index 12
[    1.420579][    T1] of_clk_src_onecell_get: invalid clock index 7
[    1.421401][    T1] of_clk_src_onecell_get: invalid clock index 8
[    1.422226][    T1] of_clk_src_onecell_get: invalid clock index 10
[    1.423084][    T1] of_clk_src_onecell_get: invalid clock index 14
[    1.424621][    T1] of_clk_src_onecell_get: invalid clock index 34
[    1.425467][    T1] of_clk_src_onecell_get: invalid clock index 44
[    1.426290][    T1] of_clk_src_onecell_get: invalid clock index 1
[    1.427119][    T1] of_clk_src_onecell_get: invalid clock index 1
[    1.427930][    T1] of_clk_src_onecell_get: invalid clock index 1
[    1.428742][    T1] of_clk_src_onecell_get: invalid clock index 1
[    1.429552][    T1] of_clk_src_onecell_get: invalid clock index 1
[    1.436340][    T1] pd-md add to notifier
[    1.436882][    T1] pd-conn add to notifier
[    1.437440][    T1] pd-peri-usb0 add to notifier
[    1.438052][    T1] pd-peri-audio add to notifier
[    1.438678][    T1] pd-adsp-ao add to notifier
[    1.438813][   T83] mtk-smi-larb 1602e000.smi-larb4: skip rpm callback
[    1.439274][    T1] pd-adsp-infra add to notifier
[    1.440762][    T1] pd-adsp-top-dormant add to notifier
[    1.440882][   T83] mtk-smi-larb 1600d000.smi-larb5: skip rpm callback
[    1.441454][    T1] PM: genpd_xlate_onecell: invalid domain index 7
[    1.443171][    T1] add pd device fail
[    1.443671][    T1] 1
[    1.443861][   T83] mtk-smi-dbg smi-dbg: smi dbg_version=2
[    1.443975][    T1] pd-mm-infra add to notifier
[    1.444793][   T83] mtk-smi-larb 1440c000.smi-larb0: larb:1 id:0 pa:0x000000001440c000 va:0000000031c14d4a regs_nr:231
[    1.445299][    T1] pd-isp-vcore add to notifier
[    1.446736][   T83] mtk-smi-larb 1440d000.smi-larb1: larb:1 id:1 pa:0x000000001440d000 va:00000000208e94d3 regs_nr:231
[    1.447333][    T1] pd-isp-main add to notifier
[    1.447336][    T1] pd-isp-traw add to notifier
[    1.449055][   T83] mtk-smi-larb 14410000.smi-larb20: larb:1 id:20 pa:0x0000000014410000 va:00000000e242bb9a regs_nr:231
[    1.449350][    T1] pd-isp-dip1 add to notifier
[    1.449972][   T83] mtk-smi-larb 14411000.smi-larb21: larb:1 id:21 pa:0x0000000014411000 va:000000006ab2dd7e regs_nr:231
[    1.451400][    T1] pd-vde0 add to notifier
[    1.452012][   T83] mtk-smi-larb 14020000.smi-larb32: larb:1 id:32 pa:0x0000000014020000 va:00000000272db0d2 regs_nr:231
[    1.453436][    T1] pd-vde1 add to notifier
[    1.454004][   T83] mtk-smi-larb 1420f000.smi-larb33: larb:1 id:33 pa:0x000000001420f000 va:00000000fa95d613 regs_nr:231
[    1.455430][    T1] pd-ven0 add to notifier
[    1.455999][   T83] mtk-smi-larb 1f002000.smi-larb2: larb:1 id:2 pa:0x000000001f002000 va:00000000d654e564 regs_nr:231
[    1.457419][    T1] pd-ven1 add to notifier
[    1.457991][   T83] mtk-smi-larb 1f802000.smi-larb3: larb:1 id:3 pa:0x000000001f802000 va:00000000eecdf0a8 regs_nr:231
[    1.459400][    T1] pd-cam-vcore add to notifier
[    1.459971][   T83] mtk-smi-larb 15001000.smi-larb9: larb:1 id:9 pa:0x0000000015001000 va:0000000031437398 regs_nr:231
[    1.461362][    T1] pd-cam-main add to notifier
[    1.461989][   T83] mtk-smi-larb 15230000.smi-larb11: larb:1 id:11 pa:0x0000000015230000 va:000000004505d18e regs_nr:231
[    1.463397][    T1] pd-cam-mraw add to notifier
[    1.464008][   T83] mtk-smi-larb 15320000.smi-larb12: larb:1 id:12 pa:0x0000000015320000 va:0000000053bca103 regs_nr:231
[    1.465428][    T1] pd-cam-suba add to notifier
[    1.466045][   T83] mtk-smi-larb 15140000.smi-larb15: larb:1 id:15 pa:0x0000000015140000 va:00000000ffdea226 regs_nr:231
[    1.467473][    T1] pd-cam-subb add to notifier
[    1.468083][   T83] mtk-smi-larb 15006000.smi-larb18: larb:1 id:18 pa:0x0000000015006000 va:000000008467672b regs_nr:231
[    1.469503][    T1] pd-cam-subc add to notifier
[    1.470120][   T83] mtk-smi-larb 15530000.smi-larb22: larb:1 id:22 pa:0x0000000015530000 va:00000000f6a824bf regs_nr:231
[    1.471543][    T1] pd-cam-ccu add to notifier
[    1.472161][   T83] mtk-smi-larb 15630000.smi-larb23: larb:1 id:23 pa:0x0000000015630000 va:000000005c9a21bb regs_nr:231
[    1.473578][    T1] pd-cam-ccu-ao add to notifier
[    1.474187][   T83] mtk-smi-larb 15720000.smi-larb28: larb:1 id:28 pa:0x0000000015720000 va:00000000b01908c1 regs_nr:231
[    1.475612][    T1] pd-disp-vcore add to notifier
[    1.476244][   T83] mtk-smi-larb 15190000.smi-larb38: larb:1 id:38 pa:0x0000000015190000 va:00000000085cd2c7 regs_nr:231
[    1.477664][    T1] pd-dis1-shutdown add to notifier
[    1.478307][   T83] mtk-smi-larb 1a001000.smi-larb13: larb:1 id:13 pa:0x000000001a001000 va:00000000a0d6a528 regs_nr:231
[    1.479729][    T1] pd-mml0-shutdown add to notifier
[    1.480404][   T83] mtk-smi-larb 1a002000.smi-larb14: larb:1 id:14 pa:0x000000001a002000 va:0000000074376ce7 regs_nr:231
[    1.481824][    T1] pd-mml1-shutdown add to notifier
[    1.482499][   T83] mtk-smi-larb 1a003000.smi-larb27: larb:1 id:27 pa:0x000000001a003000 va:000000004cfb5d1e regs_nr:231
[    1.483927][    T1] pd-dis0-shutdown add to notifier
[    1.484595][   T83] mtk-smi-larb 1a004000.smi-larb29: larb:1 id:29 pa:0x000000001a004000 va:00000000e138c744 regs_nr:231
[    1.486015][    T1] pd-ovl0-shutdown add to notifier
[    1.486689][   T83] mtk-smi-larb 1a010000.smi-larb16: larb:1 id:16 pa:0x000000001a010000 va:00000000bb84dcdb regs_nr:231
[    1.488112][    T1] pd-dp-tx add to notifier
[    1.488789][   T83] mtk-smi-larb 1a011000.smi-larb17: larb:1 id:17 pa:0x000000001a011000 va:00000000b2431dff regs_nr:231
[    1.490202][    T1] pd-csi-rx add to notifier
[    1.490787][   T83] mtk-smi-larb 1a012000.smi-larb36: larb:1 id:36 pa:0x000000001a012000 va:00000000803e115a regs_nr:231
[    1.492212][    T1] 2
[    1.492803][   T83] mtk-smi-larb 1a013000.smi-larb34: larb:1 id:34 pa:0x000000001a013000 va:0000000076f52b83 regs_nr:231
[    1.494231][    T1] genirq: Flags mismatch irq 320. 00000004 (HWV IRQ) vs. 00000004 (HWV IRQ)
[    1.494540][   T83] mtk-smi-larb 1a014000.smi-larb37: larb:1 id:37 pa:0x000000001a014000 va:00000000115c28e7 regs_nr:231
[    1.495963][    T1] [pdchk]hwv require irq fail 320 -16
[    1.497111][   T83] mtk-smi-larb 1a015000.smi-larb35: larb:1 id:35 pa:0x000000001a015000 va:000000007e15519b regs_nr:231
[    1.498533][    T1] genirq: Flags mismatch irq 321. 00000004 (HWV IRQ) vs. 00000004 (HFRP HWV IRQ)
[    1.499244][   T83] mtk-smi-larb 1a016000.smi-larb25: larb:1 id:25 pa:0x000000001a016000 va:000000002bf5cfb8 regs_nr:231
[    1.500664][    T1] [pdchk]hfrp hwv require irq fail 321 -16
[    1.501860][   T83] mtk-smi-larb 1a017000.smi-larb26: larb:1 id:26 pa:0x000000001a017000 va:00000000204c5899 regs_nr:231
[    1.503607][    T1] BOOTPROF:      1503.606772:initcall: init_module [pd_chk_mt6899]   137.409462ms
[    1.504056][   T83] mtk-smi-larb 1a018000.smi-larb19: larb:1 id:19 pa:0x000000001a018000 va:000000009dbc50ee regs_nr:231
[    1.508238][   T83] mtk-smi-larb 1b801000.smi-larb30: larb:1 id:30 pa:0x000000001b801000 va:00000000fcf9468b regs_nr:231
[    1.509720][   T83] mtk-smi-larb 1602e000.smi-larb4: larb:1 id:4 pa:0x000000001602e000 va:00000000527a990a regs_nr:231
[    1.511183][   T83] mtk-smi-larb 1600d000.smi-larb5: larb:1 id:5 pa:0x000000001600d000 va:000000009a4bd512 regs_nr:231
[    1.512632][   T83] mtk-smi-larb 17010000.smi-larb7: larb:1 id:7 pa:0x0000000017010000 va:000000001340e3a1 regs_nr:231
[    1.514076][   T83] mtk-smi-larb 17810000.smi-larb8: larb:1 id:8 pa:0x0000000017810000 va:000000009dad8cf3 regs_nr:231
[    1.514218][    T1] tran_manual_hang module init start
[    1.515781][   T83] mtk-smi-common 1e804000.disp-ssc0-smi-2x1-sub-comm: larb:0 id:3 pa:0x000000001e804000 va:0000000013104a4a regs_nr:66
[    1.516192][    T1] tran_manual_hang module init done
[    1.517809][   T83] mtk-smi-common 1e805000.disp-ssc1-smi-2x1-sub-comm: larb:0 id:4 pa:0x000000001e805000 va:0000000006d0fb89 regs_nr:66
[    1.520096][   T83] mtk-smi-common 1e80c000.mdp-ssc4-smi-2x1-sub-comm: larb:0 id:5 pa:0x000000001e80c000 va:00000000d97236b1 regs_nr:66
[    1.521722][   T83] mtk-smi-common 1e80d000.mdp-ssc5-smi-2x1-sub-comm: larb:0 id:6 pa:0x000000001e80d000 va:000000007206eb9c regs_nr:66
[    1.522632][    T1] spmi-mtk 1cc04000.spmi: invalid resource (null)
[    1.523357][   T83] mtk-smi-common 1e807000.mmsram-smi-2x1-sub-comm3: larb:0 id:7 pa:0x000000001e807000 va:00000000d35f9362 regs_nr:66
[    1.524163][    T1] spmi-mtk 1cc04000.spmi: [PMIF]:no bus dbg regs found
