----- timezone:Asia/Shanghai
<6>[    0.000000][    T0] Booting Linux on physical CPU 0x0000000000 [0x410fd871]
<5>[    0.000000][    T0] Linux version 6.6.118-android15-8-gf9c84f40b6ba-ab14657223-4k (kleaf@build-host) (Android (11368308, +pgo, +bolt, +lto, +mlgo, based on r510928) clang version 18.0.0 (https://android.googlesource.com/toolchain/llvm-project 477610d4d0d988e69dbc3fae4fe86bff3f07f2b5), LLD 18.0.0) #1 SMP PREEMPT Sat Jan  3 21:50:53 UTC 2026
<6>[    0.000000][    T0] KASLR enabled
<6>[    0.000000][    T0] Machine model: MT6899
<6>[    0.000000][    T0] stackdepot: disabled
<4>[    0.000000][    T0] KVM is not available. Ignoring kvm-arm.mode
<6>[    0.000000][    T0] earlycon: uart8250 at MMIO32 0x0000000011001000 (options '')
<6>[    0.000000][    T0] printk: bootconsole [uart8250] enabled
<6>[    0.000000][    T0] panic_on_taint: bitmask=0x20 nousertaint_mode=disabled
<6>[    0.000000][    T0] efi: UEFI not found.
<6>[    0.000000][    T0] OF: reserved mem: 0x0000000040000000..0x000000004000ffff (64 KiB) map non-reusable mkp-kernel-code-protection-memory
<6>[    0.000000][    T0] OF: reserved mem: 0x0000000042390000..0x000000004251ffff (1600 KiB) map non-reusable ccci-dpmaif-cache-memory
<6>[    0.000000][    T0] OF: reserved mem: 0x0000000042520000..0x000000004256ffff (320 KiB) nomap non-reusable ccci-dpmaif-nocache-memory
<6>[    0.000000][    T0] Reserved memory: created CMA memory pool at 0x0000000090000000, size 160 MiB
<6>[    0.000000][    T0] OF: reserved mem: initialized node ssmr-reserved-cma-memory, compatible id shared-dma-pool
<6>[    0.000000][    T0] OF: reserved mem: 0x0000000090000000..0x0000000099ffffff (163840 KiB) map reusable ssmr-reserved-cma-memory
<6>[    0.000000][    T0] OF: reserved mem: 0x0000000048080000..0x000000004808ffff (64 KiB) nomap non-reusable mblock-1-aee_debug_kinfo
<6>[    0.000000][    T0] OF: reserved mem: 0x0000000048090000..0x000000004809ffff (64 KiB) nomap non-reusable mblock-3-minirdump
<6>[    0.000000][    T0] OF: reserved mem: 0x0000000048410000..0x000000004841ffff (64 KiB) nomap non-reusable mblock-6-crypto_hw
<6>[    0.000000][    T0] OF: reserved mem: 0x0000000048800000..0x00000000489fffff (2048 KiB) nomap non-reusable mblock-4-BL31-reserved
<6>[    0.000000][    T0] OF: reserved mem: 0x000000006ec00000..0x000000006ef0ffff (3136 KiB) nomap non-reusable mblock-2-pstore
<6>[    0.000000][    T0] OF: reserved mem: 0x000000007a000000..0x000000007b2affff (19136 KiB) nomap non-reusable mblock-44-adsp_image_reserved
<6>[    0.000000][    T0] OF: reserved mem: 0x000000007be00000..0x000000007dffffff (34816 KiB) nomap non-reusable mblock-24-platform_mtksmmu_protpgd
<6>[    0.000000][    T0] OF: reserved mem: 0x000000007e000000..0x000000007e7fffff (8192 KiB) map non-reusable mblock-5-aee_lk
<6>[    0.000000][    T0] OF: reserved mem: 0x000000007fd60000..0x000000007fedffff (1536 KiB) nomap non-reusable mblock-50-me_GPUEB_SHARED
<6>[    0.000000][    T0] OF: reserved mem: 0x000000007fee0000..0x000000007ffdffff (1024 KiB) nomap non-reusable mblock-26-MCUPM-reserved
<6>[    0.000000][    T0] OF: reserved mem: 0x000000007ffe0000..0x000000007ffeffff (64 KiB) map non-reusable mblock-11-tran_devmsg
<6>[    0.000000][    T0] OF: reserved mem: 0x000000007fff0000..0x000000007fffffff (64 KiB) nomap non-reusable mblock-9-emi_mbist_buf
<6>[    0.000000][    T0] OF: reserved mem: 0x0000000080000000..0x00000000800fffff (1024 KiB) nomap non-reusable mblock-33-mm_ccu_reserved
<6>[    0.000000][    T0] OF: reserved mem: 0x0000000089e00000..0x000000008aafffff (13312 KiB) nomap non-reusable mblock-46-consys_emi_reserved
<6>[    0.000000][    T0] Reserved memory: created DMA memory pool at 0x000000008ab00000, size 20 MiB
<6>[    0.000000][    T0] OF: reserved mem: initialized node mblock-47-shared-dma-pool_wifi-reserve-memory_dma, compatible id shared-dma-pool
<6>[    0.000000][    T0] OF: reserved mem: 0x000000008ab00000..0x000000008befffff (20480 KiB) nomap non-reusable mblock-47-shared-dma-pool_wifi-reserve-memory_dma
<6>[    0.000000][    T0] OF: reserved mem: 0x000000008bf00000..0x000000008bf1ffff (128 KiB) nomap non-reusable mblock-48-consys_scp_emi-reserved
<6>[    0.000000][    T0] OF: reserved mem: 0x000000008c000000..0x000000008db5ffff (28032 KiB) nomap non-reusable mblock-39-ap_md_c_smem
<6>[    0.000000][    T0] OF: reserved mem: 0x000000008e000000..0x000000008e13ffff (1280 KiB) nomap non-reusable mblock-30-ap_md_nc_smem
<6>[    0.000000][    T0] OF: reserved mem: 0x000000008ed60000..0x000000008effffff (2688 KiB) nomap non-reusable mblock-35-apu_apusys-rv_aee-coredump
<6>[    0.000000][    T0] OF: reserved mem: 0x000000008f000000..0x000000008f89ffff (8832 KiB) nomap non-reusable mblock-32-reserve-memory-scp_share
<6>[    0.000000][    T0] OF: reserved mem: 0x000000008f900000..0x000000008f9fffff (1024 KiB) nomap non-reusable mblock-36-apu_sapu_apurvgzctrlshm
<6>[    0.000000][    T0] OF: reserved mem: 0x000000008fa00000..0x000000008fffffff (6144 KiB) nomap non-reusable mblock-34-apu_apusys-rv_secure
<6>[    0.000000][    T0] OF: reserved mem: 0x000000009fc60000..0x000000009fd6ffff (1088 KiB) nomap non-reusable mblock-52-sspm_ap-shared
<6>[    0.000000][    T0] OF: reserved mem: 0x000000009fd70000..0x000000009ffeffff (2560 KiB) nomap non-reusable mblock-25-SSPM-reserved
<6>[    0.000000][    T0] OF: reserved mem: 0x00000000b8000000..0x00000000b8a1ffff (10368 KiB) nomap non-reusable mblock-31-SCP-reserved
<6>[    0.000000][    T0] OF: reserved mem: 0x00000000bec00000..0x00000000bf3fffff (8192 KiB) nomap non-reusable mblock-45-me_vcp_reserved
<6>[    0.000000][    T0] OF: reserved mem: 0x00000000bf400000..0x00000000bfcfffff (9216 KiB) nomap non-reusable mblock-27-tee-secmem
<6>[    0.000000][    T0] OF: reserved mem: 0x00000000bfdf0000..0x00000000bfdfffff (64 KiB) nomap non-reusable mblock-37-ccci_tag_mem
<6>[    0.000000][    T0] OF: reserved mem: 0x00000000bfe00000..0x00000000bfffffff (2048 KiB) nomap non-reusable mblock-12-atf-log-reserved
<6>[    0.000000][    T0] OF: reserved mem: 0x00000000d0000000..0x00000000d26effff (39872 KiB) nomap non-reusable mblock-38-md_mem_usage
<6>[    0.000000][    T0] OF: reserved mem: 0x00000000d3000000..0x00000000d313ffff (1280 KiB) nomap non-reusable mblock-40-md_mem_usage
<6>[    0.000000][    T0] OF: reserved mem: 0x00000000d4000000..0x00000000dacdffff (111488 KiB) nomap non-reusable mblock-41-md_mem_usage
<6>[    0.000000][    T0] OF: reserved mem: 0x00000000db000000..0x00000000db0dffff (896 KiB) nomap non-reusable mblock-42-md_mem_usage
<6>[    0.000000][    T0] OF: reserved mem: 0x00000000ed600000..0x00000000edffffff (10240 KiB) nomap non-reusable mblock-43-md_mem_usage
<6>[    0.000000][    T0] OF: reserved mem: 0x00000000f4000000..0x00000000f4c9ffff (12928 KiB) nomap non-reusable mblock-49-adsp_shared_reserved
<6>[    0.000000][    T0] OF: reserved mem: 0x00000000f6000000..0x00000000f627ffff (2560 KiB) nomap non-reusable mblock-29-platform-debug_dfdmcu_dump
<6>[    0.000000][    T0] OF: reserved mem: 0x00000000f7000000..0x00000000f71fffff (2048 KiB) nomap non-reusable mblock-15-platform-debug_dfdsoc_dump
<6>[    0.000000][    T0] OF: reserved mem: 0x00000000f7200000..0x00000000fd1fffff (98304 KiB) nomap non-reusable mblock-28-tee-reserved
<6>[    0.000000][    T0] OF: reserved mem: 0x00000000fd200000..0x00000000fd7fffff (6144 KiB) nomap non-reusable mblock-18-me_GPUmputab_PMA
<6>[    0.000000][    T0] OF: reserved mem: 0x00000000fd920000..0x00000000fd95ffff (256 KiB) nomap non-reusable mblock-51-platform-debug_slbc_shared
<6>[    0.000000][    T0] OF: reserved mem: 0x00000000fd960000..0x00000000fffeffff (39488 KiB) map non-reusable mblock-16-framebuffer
<6>[    0.000000][    T0] OF: reserved mem: 0x00000001bfff0000..0x00000001bfffffff (64 KiB) nomap non-reusable mblock-7-dramc-rk0
<6>[    0.000000][    T0] OF: reserved mem: 0x000000033ce00000..0x000000033cffffff (2048 KiB) nomap non-reusable mblock-19-me_gpu_reserved
<6>[    0.000000][    T0] OF: reserved mem: 0x000000033d000000..0x000000033d3fffff (4096 KiB) nomap non-reusable mblock-14-tkv-reserved
<6>[    0.000000][    T0] OF: reserved mem: 0x000000033d400000..0x000000033d5fffff (2048 KiB) nomap non-reusable mblock-22-mkp
<6>[    0.000000][    T0] OF: reserved mem: 0x000000033d600000..0x000000033d7fffff (2048 KiB) nomap non-reusable mblock-21-security_pvmfw
<6>[    0.000000][    T0] OF: reserved mem: 0x000000033d800000..0x000000033fbfffff (36864 KiB) nomap non-reusable mblock-20-gz
<6>[    0.000000][    T0] OF: reserved mem: 0x000000033fc00000..0x000000033fdfffff (2048 KiB) nomap non-reusable mblock-17-me_cmdq_reserved
<6>[    0.000000][    T0] OF: reserved mem: 0x000000033fe00000..0x000000033fe4ffff (320 KiB) map non-reusable mblock-23-gz-log
<6>[    0.000000][    T0] OF: reserved mem: 0x000000033ff60000..0x000000033ff6ffff (64 KiB) nomap non-reusable mblock-13-security_dice_common
<6>[    0.000000][    T0] OF: reserved mem: 0x000000033ff70000..0x000000033ffeffff (512 KiB) map non-reusable mblock-10-log_store
<6>[    0.000000][    T0] OF: reserved mem: 0x000000033fff0000..0x000000033fffffff (64 KiB) nomap non-reusable mblock-8-dramc-rk1
<6>[    0.000000][    T0] Zone ranges:
<6>[    0.000000][    T0]   DMA32    empty
<6>[    0.000000][    T0]   Normal   [mem 0x0000000040000000-0x000000033fffffff]
<6>[    0.000000][    T0] Movable zone start for each node
<6>[    0.000000][    T0] NoSplit zone start for each node
<6>[    0.000000][    T0] NoMerge zone start for each node
<6>[    0.000000][    T0] Early memory node ranges
<6>[    0.000000][    T0]   node   0: [mem 0x0000000040000000-0x000000004251ffff]
<6>[    0.000000][    T0]   node   0: [mem 0x0000000042520000-0x000000004256ffff]
<6>[    0.000000][    T0]   node   0: [mem 0x0000000042570000-0x000000004807ffff]
<6>[    0.000000][    T0]   node   0: [mem 0x0000000048080000-0x000000004809ffff]
<6>[    0.000000][    T0]   node   0: [mem 0x00000000480a0000-0x000000004840ffff]
<6>[    0.000000][    T0]   node   0: [mem 0x0000000048410000-0x000000004841ffff]
<6>[    0.000000][    T0]   node   0: [mem 0x0000000048420000-0x00000000487fffff]
<6>[    0.000000][    T0]   node   0: [mem 0x0000000048800000-0x00000000489fffff]
<6>[    0.000000][    T0]   node   0: [mem 0x0000000048a00000-0x000000006ebfffff]
<6>[    0.000000][    T0]   node   0: [mem 0x000000006ec00000-0x000000006ef0ffff]
<6>[    0.000000][    T0]   node   0: [mem 0x000000006ef10000-0x0000000079ffffff]
<6>[    0.000000][    T0]   node   0: [mem 0x000000007a000000-0x000000007b2affff]
<6>[    0.000000][    T0]   node   0: [mem 0x000000007b2b0000-0x000000007bdfffff]
<6>[    0.000000][    T0]   node   0: [mem 0x000000007be00000-0x000000007dffffff]
<6>[    0.000000][    T0]   node   0: [mem 0x000000007e000000-0x000000007fd5ffff]
<6>[    0.000000][    T0]   node   0: [mem 0x000000007fd60000-0x000000007ffdffff]
<6>[    0.000000][    T0]   node   0: [mem 0x000000007ffe0000-0x000000007ffeffff]
<6>[    0.000000][    T0]   node   0: [mem 0x000000007fff0000-0x00000000800fffff]
<6>[    0.000000][    T0]   node   0: [mem 0x0000000080100000-0x0000000089dfffff]
<6>[    0.000000][    T0]   node   0: [mem 0x0000000089e00000-0x000000008bf1ffff]
<6>[    0.000000][    T0]   node   0: [mem 0x000000008bf20000-0x000000008bffffff]
<6>[    0.000000][    T0]   node   0: [mem 0x000000008c000000-0x000000008db5ffff]
<6>[    0.000000][    T0]   node   0: [mem 0x000000008db60000-0x000000008dffffff]
<6>[    0.000000][    T0]   node   0: [mem 0x000000008e000000-0x000000008e13ffff]
<6>[    0.000000][    T0]   node   0: [mem 0x000000008e140000-0x000000008ed5ffff]
<6>[    0.000000][    T0]   node   0: [mem 0x000000008ed60000-0x000000008f89ffff]
<6>[    0.000000][    T0]   node   0: [mem 0x000000008f8a0000-0x000000008f8fffff]
<6>[    0.000000][    T0]   node   0: [mem 0x000000008f900000-0x000000008fffffff]
<6>[    0.000000][    T0]   node   0: [mem 0x0000000090000000-0x000000009fc5ffff]
<6>[    0.000000][    T0]   node   0: [mem 0x000000009fc60000-0x000000009ffeffff]
<6>[    0.000000][    T0]   node   0: [mem 0x000000009fff0000-0x00000000b7ffffff]
<6>[    0.000000][    T0]   node   0: [mem 0x00000000b8000000-0x00000000b8a1ffff]
<6>[    0.000000][    T0]   node   0: [mem 0x00000000b8a20000-0x00000000bebfffff]
<6>[    0.000000][    T0]   node   0: [mem 0x00000000bec00000-0x00000000bfcfffff]
<6>[    0.000000][    T0]   node   0: [mem 0x00000000bfd00000-0x00000000bfdeffff]
<6>[    0.000000][    T0]   node   0: [mem 0x00000000bfdf0000-0x00000000bfffffff]
<6>[    0.000000][    T0]   node   0: [mem 0x00000000c0000000-0x00000000cfffffff]
<6>[    0.000000][    T0]   node   0: [mem 0x00000000d0000000-0x00000000d26effff]
<6>[    0.000000][    T0]   node   0: [mem 0x00000000d26f0000-0x00000000d2ffffff]
<6>[    0.000000][    T0]   node   0: [mem 0x00000000d3000000-0x00000000d313ffff]
<6>[    0.000000][    T0]   node   0: [mem 0x00000000d3140000-0x00000000d3ffffff]
<6>[    0.000000][    T0]   node   0: [mem 0x00000000d4000000-0x00000000dacdffff]
<6>[    0.000000][    T0]   node   0: [mem 0x00000000dace0000-0x00000000daffffff]
<6>[    0.000000][    T0]   node   0: [mem 0x00000000db000000-0x00000000db0dffff]
<6>[    0.000000][    T0]   node   0: [mem 0x00000000db0e0000-0x00000000ed5fffff]
<6>[    0.000000][    T0]   node   0: [mem 0x00000000ed600000-0x00000000edffffff]
<6>[    0.000000][    T0]   node   0: [mem 0x00000000ee000000-0x00000000f3ffffff]
<6>[    0.000000][    T0]   node   0: [mem 0x00000000f4000000-0x00000000f4c9ffff]
<6>[    0.000000][    T0]   node   0: [mem 0x00000000f4ca0000-0x00000000f5ffffff]
<6>[    0.000000][    T0]   node   0: [mem 0x00000000f6000000-0x00000000f627ffff]
<6>[    0.000000][    T0]   node   0: [mem 0x00000000f6280000-0x00000000f6ffffff]
<6>[    0.000000][    T0]   node   0: [mem 0x00000000f7000000-0x00000000fd7fffff]
<6>[    0.000000][    T0]   node   0: [mem 0x00000000fd800000-0x00000000fd91ffff]
<6>[    0.000000][    T0]   node   0: [mem 0x00000000fd920000-0x00000000fd95ffff]
<6>[    0.000000][    T0]   node   0: [mem 0x00000000fd960000-0x00000001bffeffff]
<6>[    0.000000][    T0]   node   0: [mem 0x00000001bfff0000-0x00000001bfffffff]
<6>[    0.000000][    T0]   node   0: [mem 0x00000001c0000000-0x000000033cdfffff]
<6>[    0.000000][    T0]   node   0: [mem 0x000000033ce00000-0x000000033fdfffff]
<6>[    0.000000][    T0]   node   0: [mem 0x000000033fe00000-0x000000033ff5ffff]
<6>[    0.000000][    T0]   node   0: [mem 0x000000033ff60000-0x000000033ff6ffff]
<6>[    0.000000][    T0]   node   0: [mem 0x000000033ff70000-0x000000033ffeffff]
<6>[    0.000000][    T0]   node   0: [mem 0x000000033fff0000-0x000000033fffffff]
<6>[    0.000000][    T0] Initmem setup node 0 [mem 0x0000000040000000-0x000000033fffffff]
<6>[    0.000000][    T0] cma: Reserved 16 MiB at 0x0000000100000000 on node -1
<6>[    0.000000][    T0] psci: probing for conduit method from DT.
<6>[    0.000000][    T0] psci: PSCIv1.1 detected in firmware.
<6>[    0.000000][    T0] psci: Using standard PSCI v0.2 function IDs
<6>[    0.000000][    T0] psci: MIGRATE_INFO_TYPE not supported.
<6>[    0.000000][    T0] psci: SMC Calling Convention v1.4
<6>[    0.000000][    T0] Load bootconfig: 872 bytes 52 nodes
<6>[    0.000000][    T0] percpu: Embedded 31 pages/cpu s88232 r8192 d30552 u126976
<7>[    0.000000][    T0] pcpu-alloc: s88232 r8192 d30552 u126976 alloc=31*4096
<7>[    0.000000][    T0] pcpu-alloc: [0] 0 [0] 1 [0] 2 [0] 3 [0] 4 [0] 5 [0] 6 [0] 7 
<6>[    0.000000][    T0] Detected PIPT I-cache on CPU0
<4>[    0.000000][    T0] CPU features: SYS_ID_AA64MMFR1_EL1[11:8]: forced to 0
<4>[    0.000000][    T0] CPU features: SYS_ID_AA64PFR1_EL1[11:8]: forced to 0
<6>[    0.000000][    T0] CPU features: detected: Address authentication (architected QARMA3 algorithm)
<6>[    0.000000][    T0] CPU features: detected: GIC system register CPU interface
<6>[    0.000000][    T0] CPU features: detected: HCRX_EL2 register
<6>[    0.000000][    T0] CPU features: detected: Hardware dirty bit management
<6>[    0.000000][    T0] CPU features: detected: Spectre-v4
<6>[    0.000000][    T0] CPU features: detected: Spectre-BHB
<6>[    0.000000][    T0] CPU features: detected: SSBS not fully self-synchronizing
<6>[    0.000000][    T0] alternatives: applying boot alternatives
<5>[    0.000000][    T0] Kernel command line: console=ttynull stack_depot_disable=on cgroup_disable=pressure kasan.stacktrace=off kvm-arm.mode=protected bootconfig ioremap_guard  console=tty0 root=/dev/ram nosoftlockup 8250.nr_uarts=4 vmalloc=400M swiotlb=noforce firmware_class.path=/vendor/firmware,/odm/firmware cgroup.memory=nosocket,nokmem disable_dma32=on rcu_nocbs=all transparent_hugepage=never gpt=1 loop.max_part=7 ufshcd_core.poll_queues=0 arm64.nomte earlycon=uart8250,mmio32,0x11001000 console=ttyS0,921600n1 log_buf_len=4M PMIC_UVLO=0xffff usb2jtag_mode=0 root=/dev/ram bootopt=64S3,32N2,64N2 log_buf_len=2m mtk_printk_ctrl.disable_uart=0 panic_on_taint=20 sfi=0x00000000 ramoops.mem_address=0x6ec00000 ramoops.mem_size=0x310000 ramoops.pmsg_size=0x100000 ramoops.console_size=0x200000 tkv=13908312064 bootconfig
<6>[    0.000000][    T0] cgroup: Disabling pressure control group feature
<5>[    0.000000][    T0] Unknown kernel command line parameters "vmalloc=400M PMIC_UVLO=0xffff usb2jtag_mode=0 bootopt=64S3,32N2,64N2 sfi=0x00000000 tkv=13908312064", will be passed to user space.
<6>[    0.000000][    T0] printk: log buffer data + meta data: 2097152 + 7340032 = 9437184 bytes
<6>[    0.000000][    T0] printk: early log buf free: 116456(88%)
<6>[    0.000000][    T0] Dentry cache hash table entries: 2097152 (order: 12, 16777216 bytes, linear)
<6>[    0.000000][    T0] Inode-cache hash table entries: 1048576 (order: 11, 8388608 bytes, linear)
<6>[    0.000000][    T0] Built 1 zonelists, mobility grouping on.  Total pages: 3096576
<6>[    0.000000][    T0] mem auto-init: stack:all(zero), heap alloc:on, heap free:off
<6>[    0.000000][    T0] software IO TLB: SWIOTLB bounce buffer size adjusted to 12MB
<6>[    0.000000][    T0] Memory: 11510684K/12582912K available (16960K kernel code, 2074K rwdata, 12480K rodata, 4160K init, 583K bss, 892004K reserved, 180224K cma-reserved)
<6>[    0.000000][    T0] SLUB: HWalign=64, Order=0-3, MinObjects=0, CPUs=8, Nodes=1
<6>[    0.000000][    T0] trace event string verifier disabled
<6>[    0.000000][    T0] rcu: Preemptible hierarchical RCU implementation.
<6>[    0.000000][    T0] rcu: 	RCU event tracing is enabled.
<6>[    0.000000][    T0] rcu: 	RCU restricting CPUs from NR_CPUS=32 to nr_cpu_ids=8.
<6>[    0.000000][    T0] rcu: 	RCU priority boosting: priority 1 delay 500 ms.
<6>[    0.000000][    T0] 	Trampoline variant of Tasks RCU enabled.
<6>[    0.000000][    T0] 	Tracing variant of Tasks RCU enabled.
<6>[    0.000000][    T0] rcu: RCU calculated value of scheduler-enlistment delay is 25 jiffies.
<6>[    0.000000][    T0] rcu: Adjusting geometry for rcu_fanout_leaf=16, nr_cpu_ids=8
<6>[    0.000000][    T0] NR_IRQS: 64, nr_irqs: 64, preallocated irqs: 0
<6>[    0.000000][    T0] GIC: enabling workaround for GICv3: ARM64 erratum 2941627
<6>[    0.000000][    T0] GICv3: 960 SPIs implemented
<6>[    0.000000][    T0] GICv3: 224 Extended SPIs implemented
<6>[    0.000000][    T0] Root IRQ handler: gic_handle_irq
<6>[    0.000000][    T0] GICv3: GICv3 features: 16 PPIs
<6>[    0.000000][    T0] GICv3: CPU0: found redistributor 0 region 0:0x000000000c440000
<6>[    0.000000][    T0] GICv3: GIC: PPI partition interrupt-partition-0[0] { /cpus/cpu@0[0] /cpus/cpu@1[1] /cpus/cpu@2[2] /cpus/cpu@3[3] /cpus/cpu@100[4] /cpus/cpu@101[5] /cpus/cpu@102[6] /cpus/cpu@200[7] }
<6>[    0.000000][    T0] rcu: 	Offload RCU callbacks from CPUs: 0-7.
<6>[    0.000000][    T0] rcu: srcu_init: Setting srcu_struct sizes based on contention.
<6>[    0.000000][    T0] arch_timer: cp15 timer(s) running at 13.00MHz (virt).
<6>[    0.000000][    T0] clocksource: arch_sys_counter: mask: 0xffffffffffffff max_cycles: 0x2ff89eacb, max_idle_ns: 440795202429 ns
<6>[    0.000000][    T0] sched_clock: 56 bits at 13MHz, resolution 76ns, wraps every 4398046511101ns
<6>[    0.002187][    T0] kfence: initialized - using 524288 bytes for 63 objects at 0x(____ptrval____)-0x(____ptrval____)
<6>[    0.003730][    T0] serial port 0 not yet initialized
<6>[    0.004409][    T0] Calibrating delay loop (skipped), value calculated using timer frequency.. 26.00 BogoMIPS (lpj=52000)
<6>[    0.005868][    T0] pid_max: default: 32768 minimum: 301
<6>[    0.007724][    T0] LSM: initializing lsm=capability,selinux,bpf,integrity
<6>[    0.009364][    T0] SELinux:  Initializing.
<6>[    0.011834][    T0] LSM support for eBPF active
<6>[    0.012810][    T0] Mount-cache hash table entries: 32768 (order: 6, 262144 bytes, linear)
<6>[    0.013922][    T0] Mountpoint-cache hash table entries: 32768 (order: 6, 262144 bytes, linear)
<4>[    0.016554][    T1] cacheinfo: Unable to detect cache hierarchy for CPU 0
<6>[    0.017733][    T1] RCU Tasks: Setting shift to 3 and lim to 1 rcu_task_cb_adjust=1.
<6>[    0.018796][    T1] RCU Tasks Trace: Setting shift to 3 and lim to 1 rcu_task_cb_adjust=1.
<6>[    0.019972][    T1] rcu: Hierarchical SRCU implementation.
<6>[    0.020702][    T1] rcu: 	Max phase no-delay instances is 1000.
<6>[    0.021903][    T1] dyndbg: Ignore empty _ddebug table in a CONFIG_DYNAMIC_DEBUG_CORE build
<6>[    0.025043][    T1] EFI services will not be available.
<6>[    0.025928][    T1] smp: Bringing up secondary CPUs ...
<6>[    0.026982][    T0] Detected PIPT I-cache on CPU1
<6>[    0.027005][    T0] GICv3: CPU1: found redistributor 100 region 0:0x000000000c460000
<6>[    0.027021][    T0] CPU1: Booted secondary processor 0x0000000100 [0x410fd871]
<6>[    0.027455][    T0] Detected PIPT I-cache on CPU2
<6>[    0.027477][    T0] GICv3: CPU2: found redistributor 200 region 0:0x000000000c480000
<6>[    0.027495][    T0] CPU2: Booted secondary processor 0x0000000200 [0x410fd871]
<6>[    0.027908][    T0] Detected PIPT I-cache on CPU3
<6>[    0.027932][    T0] GICv3: CPU3: found redistributor 300 region 0:0x000000000c4a0000
<6>[    0.027947][    T0] CPU3: Booted secondary processor 0x0000000300 [0x410fd871]
<6>[    0.028544][    T0] Detected PIPT I-cache on CPU4
<6>[    0.028574][    T0] GICv3: CPU4: found redistributor 400 region 0:0x000000000c4c0000
<6>[    0.028594][    T0] CPU4: Booted secondary processor 0x0000000400 [0x410fd871]
<6>[    0.029070][    T0] Detected PIPT I-cache on CPU5
<6>[    0.029101][    T0] GICv3: CPU5: found redistributor 500 region 0:0x000000000c4e0000
<6>[    0.029118][    T0] CPU5: Booted secondary processor 0x0000000500 [0x410fd871]
<6>[    0.029594][    T0] Detected PIPT I-cache on CPU6
<6>[    0.029625][    T0] GICv3: CPU6: found redistributor 600 region 0:0x000000000c500000
<6>[    0.029643][    T0] CPU6: Booted secondary processor 0x0000000600 [0x410fd871]
<6>[    0.030340][    T0] Detected PIPT I-cache on CPU7
<6>[    0.030374][    T0] GICv3: CPU7: found redistributor 700 region 0:0x000000000c520000
<6>[    0.030392][    T0] CPU7: Booted secondary processor 0x0000000700 [0x410fd871]
<6>[    0.030455][    T1] smp: Brought up 1 node, 8 CPUs
<6>[    0.049383][    T1] SMP: Total of 8 processors activated.
<6>[    0.050112][    T1] CPU features: detected: Branch Target Identification
<6>[    0.051002][    T1] CPU features: detected: ARMv8.4 Translation Table Level
<6>[    0.051927][    T1] CPU features: detected: Data cache clean to the PoU not required for I/D coherence
<6>[    0.053164][    T1] CPU features: detected: Common not Private translations
<6>[    0.054092][    T1] CPU features: detected: CRC32 instructions
<6>[    0.054867][    T1] CPU features: detected: Data cache clean to Point of Deep Persistence
<6>[    0.055952][    T1] CPU features: detected: Data cache clean to Point of Persistence
<6>[    0.056981][    T1] CPU features: detected: Data independent timing control (DIT)
<6>[    0.057975][    T1] CPU features: detected: E0PD
<6>[    0.058598][    T1] CPU features: detected: Enhanced Counter Virtualization
<6>[    0.059531][    T1] CPU features: detected: Enhanced Counter Virtualization (CNTPOFF)
<6>[    0.060570][    T1] CPU features: detected: Enhanced Privileged Access Never
<6>[    0.061506][    T1] CPU features: detected: Enhanced Virtualization Traps
<6>[    0.062407][    T1] CPU features: detected: Fine Grained Traps
<6>[    0.063185][    T1] CPU features: detected: Generic authentication (architected QARMA3 algorithm)
<6>[    0.064364][    T1] CPU features: detected: RCpc load-acquire (LDAPR)
<6>[    0.065219][    T1] CPU features: detected: LSE atomic instructions
<6>[    0.066053][    T1] CPU features: detected: Privileged Access Never
<6>[    0.066885][    T1] CPU features: detected: RAS Extension Support
<6>[    0.067704][    T1] CPU features: detected: Speculation barrier (SB)
<6>[    0.068554][    T1] CPU features: detected: Stage-2 Force Write-Back
<6>[    0.069398][    T1] CPU features: detected: TLB range maintenance instructions
<6>[    0.070357][    T1] CPU features: detected: WFx with timeout
<6>[    0.071108][    T1] CPU features: detected: Speculative Store Bypassing Safe (SSBS)
<6>[    0.072128][    T1] CPU features: detected: Scalable Vector Extension
<6>[    0.073004][   T63] CPU features: detected CPU6: Activity Monitors Unit (AMU)
<6>[    0.073004][   T48] CPU features: detected CPU4: Activity Monitors Unit (AMU)
<6>[    0.073004][   T70] CPU features: detected CPU7: Activity Monitors Unit (AMU)
<6>[    0.073004][   T22] CPU features: detected CPU0: Activity Monitors Unit (AMU)
<6>[    0.073004][   T56] CPU features: detected CPU5: Activity Monitors Unit (AMU)
<6>[    0.073004][   T34] CPU features: detected CPU2: Activity Monitors Unit (AMU)
<6>[    0.073005][   T27] CPU features: detected CPU1: Activity Monitors Unit (AMU)
<6>[    0.073005][   T41] CPU features: detected CPU3: Activity Monitors Unit (AMU)
<6>[    0.080623][    T1] SVE: maximum available vector length 16 bytes per vector
<6>[    0.081561][    T1] SVE: default vector length 16 bytes per vector
<6>[    0.082386][    T1] CPU: All CPU(s) started at EL1
<6>[    0.083031][    T1] alternatives: applying system-wide alternatives
<6>[    0.103872][    T1] clocksource: jiffies: mask: 0xffffffff max_cycles: 0xffffffff, max_idle_ns: 7645041785100000 ns
<6>[    0.105276][    T1] futex hash table entries: 2048 (order: 5, 131072 bytes, linear)
<6>[    0.107915][    T1] pinctrl core: initialized pinctrl subsystem
<6>[    0.109433][    T1] NET: Registered PF_NETLINK/PF_ROUTE protocol family
<6>[    0.111123][    T1] DMA: preallocated 2048 KiB GFP_KERNEL pool for atomic allocations
<6>[    0.112532][    T1] audit: initializing netlink subsys (disabled)
<5>[    0.113440][   T76] audit: type=2000 audit(0.100:1): state=initialized audit_enabled=0 res=1
<6>[    0.113463][    T1] ramoops: using module parameters
<6>[    0.117932][    T1] pstore: Using crash dump compression: deflate
<6>[    0.118749][    T1] printk: console [ramoops-1] enabled
<6>[    0.119958][    T1] pstore: Registered ramoops as persistent store backend
<6>[    0.120874][    T1] ramoops: using 0x310000@0x6ec00000, ecc: 0
<6>[    0.121819][    T1] thermal_sys: Registered thermal governor 'bang_bang'
<6>[    0.121822][    T1] thermal_sys: Registered thermal governor 'step_wise'
<6>[    0.122716][    T1] thermal_sys: Registered thermal governor 'user_space'
<6>[    0.123608][    T1] thermal_sys: Registered thermal governor 'power_allocator'
<6>[    0.124549][    T1] cpuidle: using governor menu
<6>[    0.126354][    T1] hw-breakpoint: found 6 breakpoint and 4 watchpoint registers.
<6>[    0.127450][    T1] ASID allocator initialised with 65536 entries
<6>[    0.128522][    T1] Serial: AMBA PL011 UART driver
<3>[    0.153461][    T1] OF: /soc/ccu_rproc@1b080000: could not find phandle 263105
<3>[    0.154500][    T1] OF: /soc/ccu_rproc1@1b180000: could not find phandle 263107
<3>[    0.157450][    T1] OF: /soc/disp-oddmr0@14015000: could not find phandle 263173
<3>[    0.158500][    T1] OF: /soc/disp-postmask0@14017000: could not find phandle 263168
<3>[    0.159842][    T1] OF: /soc/disp1-wdma0@1420e000: could not find phandle 263205
<3>[    0.161052][    T1] OF: /soc/disp-ovl0-2l@14402000: could not find phandle 262145
<3>[    0.162099][    T1] OF: /soc/disp-ovl1-2l@14403000: could not find phandle 262785
<3>[    0.163148][    T1] OF: /soc/disp-ovl2-2l@14404000: could not find phandle 262147
<3>[    0.164189][    T1] OF: /soc/disp-ovl3-2l@14405000: could not find phandle 262787
<3>[    0.165259][    T1] OF: /soc/disp-ufbc-wdma0@14409000: could not find phandle 262820
<3>[    0.166345][    T1] OF: /soc/disp-wdma2@1440a000: could not find phandle 262178
<3>[    0.168096][    T1] OF: /soc/imgsys-fw@15000000: could not find phandle 196636
<3>[    0.169109][    T1] OF: /soc/dvs@1a770000: could not find phandle 262756
<3>[    0.170060][    T1] OF: /soc/dvp@1a770800: could not find phandle 262756
<3>[    0.171005][    T1] OF: /soc/dvgf@1a770c00: could not find phandle 262756
<3>[    0.172239][    T1] OF: /soc/jpgenc@17030000: could not find phandle 262375
<3>[    0.173226][    T1] OF: /soc/jpgdec0@17040000: could not find phandle 262385
<3>[    0.174219][    T1] OF: /soc/jpgenc@17830000: could not find phandle 262407
<3>[    0.175194][    T1] OF: /soc/jpgdec1@17840000: could not find phandle 262417
<3>[    0.176639][    T1] OF: /soc/camsv1@1a500000: could not find phandle 262592
<3>[    0.177627][    T1] OF: /soc/camsv2@1a510000: could not find phandle 262560
<3>[    0.178608][    T1] OF: /soc/camsv3@1a520000: could not find phandle 263072
<3>[    0.179589][    T1] OF: /soc/camsv4@1a530000: could not find phandle 263073
<3>[    0.180579][    T1] OF: /soc/camsv5@1a540000: could not find phandle 263074
<3>[    0.181572][    T1] OF: /soc/mraw1@1a700000: could not find phandle 262944
<3>[    0.182553][    T1] OF: /soc/mraw2@1a710000: could not find phandle 262976
<3>[    0.183539][    T1] OF: /soc/mraw3@1a720000: could not find phandle 262946
<3>[    0.184528][    T1] OF: /soc/pda@1a750000: could not find phandle 262948
<3>[    0.185565][    T1] OF: /soc/cam-raw-a@1a800000: could not find phandle 262656
<3>[    0.186580][    T1] OF: /soc/cam-yuv-a@1a880000: could not find phandle 262688
<3>[    0.187599][    T1] OF: /soc/cam-raw-b@1a900000: could not find phandle 263296
<3>[    0.188628][    T1] OF: /soc/cam-yuv-b@1a980000: could not find phandle 263232
<3>[    0.189644][    T1] OF: /soc/cam-raw-c@1aa00000: could not find phandle 263328
<3>[    0.190666][    T1] OF: /soc/cam-yuv-c@1aa80000: could not find phandle 263264
<3>[    0.191813][    T1] OF: /soc/mml0-rdma0@1f003000: could not find phandle 262208
<3>[    0.192886][    T1] OF: /soc/mml0-wrot0@1f00f000: could not find phandle 262209
<3>[    0.193909][    T1] OF: /soc/mml0-rdma2@1f011000: could not find phandle 262212
<3>[    0.194992][    T1] OF: /soc/mml1-rdma0@1f803000: could not find phandle 262240
<3>[    0.196049][    T1] OF: /soc/mml1-wrot0@1f80f000: could not find phandle 262241
<3>[    0.197077][    T1] OF: /soc/mml1-rdma2@1f811000: could not find phandle 262244
<3>[    0.198099][    T1] OF: /soc/mml1-wrot2@1f815000: could not find phandle 262245
<3>[    0.199381][    T1] OF: /soc/spi1@11011800/fingerprint@0: could not get #gpio-cells for /cpus/idle-states/mcusysoff-l
<3>[    0.200804][    T1] OF: /soc/spi1@11011800/fingerprint@0: could not get #gpio-cells for /smi-img-vcore-sub-comm1@15782000
<6>[    0.206801][    T1] /soc/gce@1e980000: Fixed dependency cycle(s) with /soc/gce@1e980000
<6>[    0.207886][    T1] /soc/gce@1e990000: Fixed dependency cycle(s) with /soc/gce@1e990000
<6>[    0.209606][    T1] /soc/dsi0@1420a000: Fixed dependency cycle(s) with /soc/dsi0@1420a000/panel1@0
<6>[    0.210815][    T1] /soc/dsi0@1420a000/panel1@0: Fixed dependency cycle(s) with /soc/dsi0@1420a000
<6>[    0.215806][    T1] /soc/seninf-top@1a300000/seninf-csi-port-0: Fixed dependency cycle(s) with /soc/i2c@11cb1000/sensor3@10
<6>[    0.217300][    T1] /soc/seninf-top@1a300000/seninf-csi-port-1: Fixed dependency cycle(s) with /soc/i2c@11d10000/sensor2@10
<6>[    0.218788][    T1] /soc/seninf-top@1a300000/seninf-csi-port-3: Fixed dependency cycle(s) with /soc/i2c@11b70000/sensor1@10
<6>[    0.220283][    T1] /soc/seninf-top@1a300000/seninf-csi-port-4: Fixed dependency cycle(s) with /soc/i2c@11cb0000/sensor0@36
<6>[    0.227293][    T1] /soc/i2c@11b70000/sensor1@10: Fixed dependency cycle(s) with /soc/seninf-top@1a300000/seninf-csi-port-3
<6>[    0.228835][    T1] /soc/i2c@11cb0000/camera-af-main@c: Fixed dependency cycle(s) with /mtk-composite-v4l2-2
<6>[    0.230160][    T1] /soc/i2c@11cb0000/sensor0@36: Fixed dependency cycle(s) with /soc/seninf-top@1a300000/seninf-csi-port-4
<6>[    0.231679][    T1] /soc/i2c@11f01000/mt6375@34/tcpc: Fixed dependency cycle(s) with /soc/typec-mux-switch
<6>[    0.232976][    T1] /soc/i2c@11f01000/mt6375@34/auxadc: Fixed dependency cycle(s) with /soc/i2c@11f01000/mt6375@34/auxadc
<6>[    0.234467][    T1] /soc/i2c@11e00000/flashlights_tran@63/flashlights_tran@0: Fixed dependency cycle(s) with /mtk-composite-v4l2-1
<6>[    0.236054][    T1] /soc/i2c@11cb1000/camera-af-main-four@d: Fixed dependency cycle(s) with /mtk-composite-v4l2-2
<6>[    0.237428][    T1] /soc/i2c@11cb1000/sensor3@10: Fixed dependency cycle(s) with /soc/seninf-top@1a300000/seninf-csi-port-0
<6>[    0.238939][    T1] /soc/i2c@11d10000/camera-af-main-two@b: Fixed dependency cycle(s) with /mtk-composite-v4l2-2
<6>[    0.240313][    T1] /soc/i2c@11d10000/sensor2@10: Fixed dependency cycle(s) with /soc/seninf-top@1a300000/seninf-csi-port-1
<6>[    0.241854][    T1] /soc/typec-mux-switch: Fixed dependency cycle(s) with /soc/i2c@11f01000/mt6375@34/tcpc
<6>[    0.243214][    T1] /soc/funnel@d041000: Fixed dependency cycle(s) with /soc/etf@d044000
<6>[    0.244295][    T1] /soc/funnel@d041000: Fixed dependency cycle(s) with /soc/gpu-etm
<6>[    0.245332][    T1] /soc/funnel@d041000: Fixed dependency cycle(s) with /soc/funnel0
<6>[    0.246370][    T1] /soc/funnel@d041000: Fixed dependency cycle(s) with /soc/btm1
<6>[    0.247368][    T1] /soc/funnel@d041000: Fixed dependency cycle(s) with /soc/btm0
<6>[    0.248366][    T1] /soc/funnel@d041000: Fixed dependency cycle(s) with /soc/btts
<6>[    0.249366][    T1] /soc/etf@d044000: Fixed dependency cycle(s) with /soc/etr@d07d000
<6>[    0.250419][    T1] /soc/etf@d044000: Fixed dependency cycle(s) with /soc/funnel@d041000
<6>[    0.251507][    T1] /soc/etr@d07d000: Fixed dependency cycle(s) with /soc/etf@d044000
<6>[    0.252560][    T1] /soc/btts: Fixed dependency cycle(s) with /soc/funnel@d041000
<6>[    0.253566][    T1] /soc/btm0: Fixed dependency cycle(s) with /soc/funnel@d041000
<6>[    0.254574][    T1] /soc/btm1: Fixed dependency cycle(s) with /soc/funnel@d041000
<6>[    0.255580][    T1] /soc/gpu-etm: Fixed dependency cycle(s) with /soc/funnel@d041000
<6>[    0.256621][    T1] /soc/ete0: Fixed dependency cycle(s) with /soc/funnel0
<6>[    0.257546][    T1] /soc/ete1: Fixed dependency cycle(s) with /soc/funnel0
<6>[    0.258472][    T1] /soc/ete2: Fixed dependency cycle(s) with /soc/funnel0
<6>[    0.259399][    T1] /soc/ete3: Fixed dependency cycle(s) with /soc/funnel0
<6>[    0.260324][    T1] /soc/ete4: Fixed dependency cycle(s) with /soc/funnel0
<6>[    0.261250][    T1] /soc/ete5: Fixed dependency cycle(s) with /soc/funnel0
<6>[    0.262175][    T1] /soc/ete6: Fixed dependency cycle(s) with /soc/funnel0
<6>[    0.263100][    T1] /soc/ete7: Fixed dependency cycle(s) with /soc/funnel0
<6>[    0.264023][    T1] /soc/funnel0: Fixed dependency cycle(s) with /soc/funnel@d041000
<6>[    0.265056][    T1] /soc/funnel0: Fixed dependency cycle(s) with /soc/ete7
<6>[    0.265972][    T1] /soc/funnel0: Fixed dependency cycle(s) with /soc/ete6
<6>[    0.266888][    T1] /soc/funnel0: Fixed dependency cycle(s) with /soc/ete5
<6>[    0.267805][    T1] /soc/funnel0: Fixed dependency cycle(s) with /soc/ete4
<6>[    0.268723][    T1] /soc/funnel0: Fixed dependency cycle(s) with /soc/ete3
<6>[    0.269639][    T1] /soc/funnel0: Fixed dependency cycle(s) with /soc/ete2
<6>[    0.270556][    T1] /soc/funnel0: Fixed dependency cycle(s) with /soc/ete1
<6>[    0.271472][    T1] /soc/funnel0: Fixed dependency cycle(s) with /soc/ete0
<6>[    0.277616][    T1] /soc/gce@1e980000: Fixed dependency cycle(s) with /soc/gce@1e980000
<6>[    0.278812][    T1] /soc/gce@1e990000: Fixed dependency cycle(s) with /soc/gce@1e990000
<6>[    0.285798][    T1] /soc/dsi0@1420a000: Fixed dependency cycle(s) with /soc/dsi0@1420a000/panel1@0
<6>[    0.287017][    T1] /soc/dsi0@1420a000/panel1@0: Fixed dependency cycle(s) with /soc/dsi0@1420a000
<4>[    0.295217][    T1] sysfs: cannot create duplicate filename '/bus/platform/devices/15001000.smi-larb9'
<4>[    0.296460][    T1] CPU: 1 PID: 1 Comm: swapper/0 Not tainted 6.6.118-android15-8-gf9c84f40b6ba-ab14657223-4k #1 25a527f1cb0b19a5e937990136432f15ffb42a72
<4>[    0.298292][    T1] Hardware name: MT6899 (DT)
<4>[    0.298884][    T1] Call trace:
<4>[    0.299304][    T1]  dump_backtrace+0xe8/0x108
<4>[    0.299904][    T1]  show_stack+0x18/0x28
<4>[    0.300440][    T1]  dump_stack_lvl+0x50/0x6c
<4>[    0.301026][    T1]  dump_stack+0x18/0x24
<4>[    0.301562][    T1]  sysfs_warn_dup+0x68/0x88
<4>[    0.302149][    T1]  sysfs_do_create_link_sd+0x94/0xdc
<4>[    0.302835][    T1]  sysfs_create_link+0x30/0x48
<4>[    0.303451][    T1]  bus_add_device+0xbc/0x154
<4>[    0.304049][    T1]  device_add+0x200/0x48c
<4>[    0.304609][    T1]  of_platform_device_create_pdata+0xb8/0x13c
<4>[    0.305402][    T1]  of_platform_bus_create+0x1e8/0x388
<4>[    0.306100][    T1]  of_platform_bus_create+0x234/0x388
<4>[    0.306796][    T1]  of_platform_populate+0x74/0xe0
<4>[    0.307447][    T1]  of_platform_default_populate_init+0xc4/0xdc
<4>[    0.308251][    T1]  do_one_initcall+0xdc/0x360
<4>[    0.308857][    T1]  do_initcall_level+0xc8/0x19c
<4>[    0.309488][    T1]  do_initcalls+0x70/0xc0
<4>[    0.310049][    T1]  do_basic_setup+0x1c/0x28
<4>[    0.310632][    T1]  kernel_init_freeable+0xd0/0x138
<4>[    0.311297][    T1]  kernel_init+0x20/0x1a8
<4>[    0.311858][    T1]  ret_from_fork+0x10/0x20
<4>[    0.312590][    T1] sysfs: cannot create duplicate filename '/bus/platform/devices/15006000.smi-larb18'
<4>[    0.313843][    T1] CPU: 1 PID: 1 Comm: swapper/0 Not tainted 6.6.118-android15-8-gf9c84f40b6ba-ab14657223-4k #1 25a527f1cb0b19a5e937990136432f15ffb42a72
<4>[    0.315671][    T1] Hardware name: MT6899 (DT)
<4>[    0.316264][    T1] Call trace:
<4>[    0.316681][    T1]  dump_backtrace+0xe8/0x108
<4>[    0.317276][    T1]  show_stack+0x18/0x28
<4>[    0.317811][    T1]  dump_stack_lvl+0x50/0x6c
<4>[    0.318394][    T1]  dump_stack+0x18/0x24
<4>[    0.318929][    T1]  sysfs_warn_dup+0x68/0x88
<4>[    0.319514][    T1]  sysfs_do_create_link_sd+0x94/0xdc
<4>[    0.320200][    T1]  sysfs_create_link+0x30/0x48
<4>[    0.320814][    T1]  bus_add_device+0xbc/0x154
<4>[    0.321411][    T1]  device_add+0x200/0x48c
<4>[    0.321970][    T1]  of_platform_device_create_pdata+0xb8/0x13c
<4>[    0.322760][    T1]  of_platform_bus_create+0x1e8/0x388
<4>[    0.323457][    T1]  of_platform_bus_create+0x234/0x388
<4>[    0.324154][    T1]  of_platform_populate+0x74/0xe0
<4>[    0.324805][    T1]  of_platform_default_populate_init+0xc4/0xdc
<4>[    0.325606][    T1]  do_one_initcall+0xdc/0x360
<4>[    0.326211][    T1]  do_initcall_level+0xc8/0x19c
<4>[    0.326841][    T1]  do_initcalls+0x70/0xc0
<4>[    0.327402][    T1]  do_basic_setup+0x1c/0x28
<4>[    0.327986][    T1]  kernel_init_freeable+0xd0/0x138
<4>[    0.328649][    T1]  kernel_init+0x20/0x1a8
<4>[    0.329210][    T1]  ret_from_fork+0x10/0x20
<4>[    0.330492][    T1] sysfs: cannot create duplicate filename '/bus/platform/devices/15140000.smi-larb15'
<4>[    0.331745][    T1] CPU: 1 PID: 1 Comm: swapper/0 Not tainted 6.6.118-android15-8-gf9c84f40b6ba-ab14657223-4k #1 25a527f1cb0b19a5e937990136432f15ffb42a72
<4>[    0.333573][    T1] Hardware name: MT6899 (DT)
<4>[    0.334166][    T1] Call trace:
<4>[    0.334584][    T1]  dump_backtrace+0xe8/0x108
<4>[    0.335178][    T1]  show_stack+0x18/0x28
<4>[    0.335713][    T1]  dump_stack_lvl+0x50/0x6c
<4>[    0.336296][    T1]  dump_stack+0x18/0x24
<4>[    0.336832][    T1]  sysfs_warn_dup+0x68/0x88
<4>[    0.337416][    T1]  sysfs_do_create_link_sd+0x94/0xdc
<4>[    0.338101][    T1]  sysfs_create_link+0x30/0x48
<4>[    0.338716][    T1]  bus_add_device+0xbc/0x154
<4>[    0.339312][    T1]  device_add+0x200/0x48c
<4>[    0.339871][    T1]  of_platform_device_create_pdata+0xb8/0x13c
<4>[    0.340661][    T1]  of_platform_bus_create+0x1e8/0x388
<4>[    0.341358][    T1]  of_platform_bus_create+0x234/0x388
<4>[    0.342055][    T1]  of_platform_populate+0x74/0xe0
<4>[    0.342706][    T1]  of_platform_default_populate_init+0xc4/0xdc
<4>[    0.343508][    T1]  do_one_initcall+0xdc/0x360
<4>[    0.344112][    T1]  do_initcall_level+0xc8/0x19c
<4>[    0.344742][    T1]  do_initcalls+0x70/0xc0
<4>[    0.345303][    T1]  do_basic_setup+0x1c/0x28
<4>[    0.345886][    T1]  kernel_init_freeable+0xd0/0x138
<4>[    0.346550][    T1]  kernel_init+0x20/0x1a8
<4>[    0.347111][    T1]  ret_from_fork+0x10/0x20
<4>[    0.347828][    T1] sysfs: cannot create duplicate filename '/bus/platform/devices/15190000.smi-larb38'
<4>[    0.349079][    T1] CPU: 1 PID: 1 Comm: swapper/0 Not tainted 6.6.118-android15-8-gf9c84f40b6ba-ab14657223-4k #1 25a527f1cb0b19a5e937990136432f15ffb42a72
<4>[    0.350906][    T1] Hardware name: MT6899 (DT)
<4>[    0.351498][    T1] Call trace:
<4>[    0.351917][    T1]  dump_backtrace+0xe8/0x108
<4>[    0.352510][    T1]  show_stack+0x18/0x28
<4>[    0.353045][    T1]  dump_stack_lvl+0x50/0x6c
<4>[    0.353628][    T1]  dump_stack+0x18/0x24
<4>[    0.354164][    T1]  sysfs_warn_dup+0x68/0x88
<4>[    0.354748][    T1]  sysfs_do_create_link_sd+0x94/0xdc
<4>[    0.355433][    T1]  sysfs_create_link+0x30/0x48
<4>[    0.356049][    T1]  bus_add_device+0xbc/0x154
<4>[    0.356644][    T1]  device_add+0x200/0x48c
<4>[    0.357204][    T1]  of_platform_device_create_pdata+0xb8/0x13c
<4>[    0.357994][    T1]  of_platform_bus_create+0x1e8/0x388
<4>[    0.358691][    T1]  of_platform_bus_create+0x234/0x388
<4>[    0.359388][    T1]  of_platform_populate+0x74/0xe0
<4>[    0.360039][    T1]  of_platform_default_populate_init+0xc4/0xdc
<4>[    0.360841][    T1]  do_one_initcall+0xdc/0x360
<4>[    0.361445][    T1]  do_initcall_level+0xc8/0x19c
<4>[    0.362075][    T1]  do_initcalls+0x70/0xc0
<4>[    0.362635][    T1]  do_basic_setup+0x1c/0x28
<4>[    0.363219][    T1]  kernel_init_freeable+0xd0/0x138
<4>[    0.363883][    T1]  kernel_init+0x20/0x1a8
<4>[    0.364444][    T1]  ret_from_fork+0x10/0x20
<4>[    0.365335][    T1] sysfs: cannot create duplicate filename '/bus/platform/devices/15320000.smi-larb12'
<4>[    0.366588][    T1] CPU: 1 PID: 1 Comm: swapper/0 Not tainted 6.6.118-android15-8-gf9c84f40b6ba-ab14657223-4k #1 25a527f1cb0b19a5e937990136432f15ffb42a72
<4>[    0.368418][    T1] Hardware name: MT6899 (DT)
<4>[    0.369011][    T1] Call trace:
<4>[    0.369430][    T1]  dump_backtrace+0xe8/0x108
<4>[    0.370024][    T1]  show_stack+0x18/0x28
<4>[    0.370560][    T1]  dump_stack_lvl+0x50/0x6c
<4>[    0.371142][    T1]  dump_stack+0x18/0x24
<4>[    0.371679][    T1]  sysfs_warn_dup+0x68/0x88
<4>[    0.372263][    T1]  sysfs_do_create_link_sd+0x94/0xdc
<4>[    0.372948][    T1]  sysfs_create_link+0x30/0x48
<4>[    0.373563][    T1]  bus_add_device+0xbc/0x154
<4>[    0.374159][    T1]  device_add+0x200/0x48c
<4>[    0.374718][    T1]  of_platform_device_create_pdata+0xb8/0x13c
<4>[    0.375508][    T1]  of_platform_bus_create+0x1e8/0x388
<4>[    0.376205][    T1]  of_platform_bus_create+0x234/0x388
<4>[    0.376902][    T1]  of_platform_populate+0x74/0xe0
<4>[    0.377554][    T1]  of_platform_default_populate_init+0xc4/0xdc
<4>[    0.378356][    T1]  do_one_initcall+0xdc/0x360
<4>[    0.378960][    T1]  do_initcall_level+0xc8/0x19c
<4>[    0.379589][    T1]  do_initcalls+0x70/0xc0
<4>[    0.380151][    T1]  do_basic_setup+0x1c/0x28
<4>[    0.380734][    T1]  kernel_init_freeable+0xd0/0x138
<4>[    0.381399][    T1]  kernel_init+0x20/0x1a8
<4>[    0.381960][    T1]  ret_from_fork+0x10/0x20
<4>[    0.383146][    T1] sysfs: cannot create duplicate filename '/bus/platform/devices/15720000.smi-larb28'
<4>[    0.384401][    T1] CPU: 1 PID: 1 Comm: swapper/0 Not tainted 6.6.118-android15-8-gf9c84f40b6ba-ab14657223-4k #1 25a527f1cb0b19a5e937990136432f15ffb42a72
<4>[    0.386229][    T1] Hardware name: MT6899 (DT)
<4>[    0.386821][    T1] Call trace:
<4>[    0.387240][    T1]  dump_backtrace+0xe8/0x108
<4>[    0.387834][    T1]  show_stack+0x18/0x28
<4>[    0.388369][    T1]  dump_stack_lvl+0x50/0x6c
<4>[    0.388951][    T1]  dump_stack+0x18/0x24
<4>[    0.389487][    T1]  sysfs_warn_dup+0x68/0x88
<4>[    0.390071][    T1]  sysfs_do_create_link_sd+0x94/0xdc
<4>[    0.390756][    T1]  sysfs_create_link+0x30/0x48
<4>[    0.391371][    T1]  bus_add_device+0xbc/0x154
<4>[    0.391967][    T1]  device_add+0x200/0x48c
<4>[    0.392526][    T1]  of_platform_device_create_pdata+0xb8/0x13c
<4>[    0.393316][    T1]  of_platform_bus_create+0x1e8/0x388
<4>[    0.394013][    T1]  of_platform_bus_create+0x234/0x388
<4>[    0.394709][    T1]  of_platform_populate+0x74/0xe0
<4>[    0.395361][    T1]  of_platform_default_populate_init+0xc4/0xdc
<4>[    0.396162][    T1]  do_one_initcall+0xdc/0x360
<4>[    0.396765][    T1]  do_initcall_level+0xc8/0x19c
<4>[    0.397396][    T1]  do_initcalls+0x70/0xc0
<4>[    0.397956][    T1]  do_basic_setup+0x1c/0x28
<4>[    0.398540][    T1]  kernel_init_freeable+0xd0/0x138
<4>[    0.399204][    T1]  kernel_init+0x20/0x1a8
<4>[    0.399764][    T1]  ret_from_fork+0x10/0x20
<6>[    0.404382][    T1] /soc/seninf-top@1a300000/seninf-csi-port-0: Fixed dependency cycle(s) with /soc/i2c@11cb1000/sensor3@10
<6>[    0.405880][    T1] /soc/seninf-top@1a300000/seninf-csi-port-1: Fixed dependency cycle(s) with /soc/i2c@11d10000/sensor2@10
<6>[    0.407371][    T1] /soc/seninf-top@1a300000/seninf-csi-port-3: Fixed dependency cycle(s) with /soc/i2c@11b70000/sensor1@10
<6>[    0.408868][    T1] /soc/seninf-top@1a300000/seninf-csi-port-4: Fixed dependency cycle(s) with /soc/i2c@11cb0000/sensor0@36
<6>[    0.423963][    T1] /soc/i2c@11b70000/sensor1@10: Fixed dependency cycle(s) with /soc/seninf-top@1a300000/seninf-csi-port-3
<6>[    0.425655][    T1] /soc/i2c@11cb0000/camera-af-main@c: Fixed dependency cycle(s) with /mtk-composite-v4l2-2
<6>[    0.426991][    T1] /soc/i2c@11cb0000/sensor0@36: Fixed dependency cycle(s) with /soc/seninf-top@1a300000/seninf-csi-port-4
<6>[    0.428633][    T1] /soc/i2c@11f01000/mt6375@34/tcpc: Fixed dependency cycle(s) with /soc/typec-mux-switch
<6>[    0.429937][    T1] /soc/i2c@11f01000/mt6375@34/auxadc: Fixed dependency cycle(s) with /soc/i2c@11f01000/mt6375@34/auxadc
<6>[    0.431508][    T1] /soc/i2c@11e00000/flashlights_tran@63/flashlights_tran@0: Fixed dependency cycle(s) with /mtk-composite-v4l2-1
<6>[    0.433232][    T1] /soc/i2c@11cb1000/camera-af-main-four@d: Fixed dependency cycle(s) with /mtk-composite-v4l2-2
<6>[    0.434632][    T1] /soc/i2c@11cb1000/sensor3@10: Fixed dependency cycle(s) with /soc/seninf-top@1a300000/seninf-csi-port-0
<6>[    0.436231][    T1] /soc/i2c@11d10000/camera-af-main-two@b: Fixed dependency cycle(s) with /mtk-composite-v4l2-2
<6>[    0.437622][    T1] /soc/i2c@11d10000/sensor2@10: Fixed dependency cycle(s) with /soc/seninf-top@1a300000/seninf-csi-port-1
<6>[    0.439895][    T1] /soc/i2c@11f01000/mt6375@34/tcpc: Fixed dependency cycle(s) with /soc/typec-mux-switch
<6>[    0.441204][    T1] /soc/typec-mux-switch: Fixed dependency cycle(s) with /soc/i2c@11f01000/mt6375@34/tcpc
<6>[    0.444920][    T1] /soc/funnel@d041000: Fixed dependency cycle(s) with /soc/etf@d044000
<6>[    0.446004][    T1] /soc/funnel@d041000: Fixed dependency cycle(s) with /soc/gpu-etm
<6>[    0.447042][    T1] /soc/funnel@d041000: Fixed dependency cycle(s) with /soc/funnel0
<6>[    0.448081][    T1] /soc/funnel@d041000: Fixed dependency cycle(s) with /soc/btm1
<6>[    0.449079][    T1] /soc/funnel@d041000: Fixed dependency cycle(s) with /soc/btm0
<6>[    0.450077][    T1] /soc/funnel@d041000: Fixed dependency cycle(s) with /soc/btts
<6>[    0.451143][    T1] /soc/funnel@d041000: Fixed dependency cycle(s) with /soc/etf@d044000
<6>[    0.452242][    T1] /soc/etf@d044000: Fixed dependency cycle(s) with /soc/etr@d07d000
<6>[    0.453294][    T1] /soc/etf@d044000: Fixed dependency cycle(s) with /soc/funnel@d041000
<6>[    0.454445][    T1] /soc/etf@d044000: Fixed dependency cycle(s) with /soc/etr@d07d000
<6>[    0.455516][    T1] /soc/etr@d07d000: Fixed dependency cycle(s) with /soc/etf@d044000
<6>[    0.456614][    T1] /soc/funnel@d041000: Fixed dependency cycle(s) with /soc/btts
<6>[    0.457637][    T1] /soc/btts: Fixed dependency cycle(s) with /soc/funnel@d041000
<6>[    0.458678][    T1] /soc/funnel@d041000: Fixed dependency cycle(s) with /soc/btm0
<6>[    0.459697][    T1] /soc/btm0: Fixed dependency cycle(s) with /soc/funnel@d041000
<6>[    0.460741][    T1] /soc/funnel@d041000: Fixed dependency cycle(s) with /soc/btm1
<6>[    0.461765][    T1] /soc/btm1: Fixed dependency cycle(s) with /soc/funnel@d041000
<6>[    0.462809][    T1] /soc/funnel@d041000: Fixed dependency cycle(s) with /soc/gpu-etm
<6>[    0.463867][    T1] /soc/gpu-etm: Fixed dependency cycle(s) with /soc/funnel@d041000
<6>[    0.464956][    T1] /soc/ete0: Fixed dependency cycle(s) with /soc/funnel0
<6>[    0.465908][    T1] /soc/ete1: Fixed dependency cycle(s) with /soc/funnel0
<6>[    0.466869][    T1] /soc/ete2: Fixed dependency cycle(s) with /soc/funnel0
<6>[    0.467822][    T1] /soc/ete3: Fixed dependency cycle(s) with /soc/funnel0
<6>[    0.468778][    T1] /soc/ete4: Fixed dependency cycle(s) with /soc/funnel0
<6>[    0.469736][    T1] /soc/ete5: Fixed dependency cycle(s) with /soc/funnel0
<6>[    0.470690][    T1] /soc/ete6: Fixed dependency cycle(s) with /soc/funnel0
<6>[    0.471639][    T1] /soc/ete7: Fixed dependency cycle(s) with /soc/funnel0
<6>[    0.472595][    T1] /soc/ete7: Fixed dependency cycle(s) with /soc/funnel0
<6>[    0.473537][    T1] /soc/ete6: Fixed dependency cycle(s) with /soc/funnel0
<6>[    0.474479][    T1] /soc/ete5: Fixed dependency cycle(s) with /soc/funnel0
<6>[    0.475416][    T1] /soc/ete4: Fixed dependency cycle(s) with /soc/funnel0
<6>[    0.476361][    T1] /soc/ete3: Fixed dependency cycle(s) with /soc/funnel0
<6>[    0.477299][    T1] /soc/ete2: Fixed dependency cycle(s) with /soc/funnel0
<6>[    0.478239][    T1] /soc/ete1: Fixed dependency cycle(s) with /soc/funnel0
<6>[    0.479185][    T1] /soc/ete0: Fixed dependency cycle(s) with /soc/funnel0
<6>[    0.480122][    T1] /soc/funnel@d041000: Fixed dependency cycle(s) with /soc/funnel0
<6>[    0.481170][    T1] /soc/funnel0: Fixed dependency cycle(s) with /soc/funnel@d041000
<6>[    0.482219][    T1] /soc/funnel0: Fixed dependency cycle(s) with /soc/ete7
<6>[    0.483148][    T1] /soc/funnel0: Fixed dependency cycle(s) with /soc/ete6
<6>[    0.484082][    T1] /soc/funnel0: Fixed dependency cycle(s) with /soc/ete5
<6>[    0.485010][    T1] /soc/funnel0: Fixed dependency cycle(s) with /soc/ete4
<6>[    0.485941][    T1] /soc/funnel0: Fixed dependency cycle(s) with /soc/ete3
<6>[    0.486870][    T1] /soc/funnel0: Fixed dependency cycle(s) with /soc/ete2
<6>[    0.487798][    T1] /soc/funnel0: Fixed dependency cycle(s) with /soc/ete1
<6>[    0.488733][    T1] /soc/funnel0: Fixed dependency cycle(s) with /soc/ete0
<6>[    0.492373][    T1] /soc/usb0@11201000: Fixed dependency cycle(s) with /extcon-usb
<6>[    0.493433][    T1] /extcon-usb: Fixed dependency cycle(s) with /soc/usb0@11201000
<6>[    0.495544][    T1] Modules: 23664 pages in range for non-PLT usage
<6>[    0.495548][    T1] Modules: 515184 pages in range for PLT usage
<6>[    0.499512][    T1] iommu: Default domain type: Translated
<6>[    0.501047][    T1] iommu: DMA domain TLB invalidation policy: strict mode
<5>[    0.502489][    T1] SCSI subsystem initialized
<6>[    0.503144][    T1] usbcore: registered new interface driver usbfs
<6>[    0.503982][    T1] usbcore: registered new interface driver hub
<6>[    0.504793][    T1] usbcore: registered new device driver usb
<6>[    0.505617][    T1] mc: Linux media interface: v0.10
<6>[    0.506300][    T1] videodev: Linux video capture interface: v2.00
<6>[    0.507156][    T1] EDAC MC: Ver: 3.0.0
<6>[    0.508098][    T1] scmi_core: SCMI protocol bus registered
<6>[    0.508962][    T1] Advanced Linux Sound Architecture Driver Initialized.
<6>[    0.510359][    T1] clocksource: Switched to clocksource arch_sys_counter
<5>[    0.512715][    T1] VFS: Disk quotas dquot_6.6.0
<6>[    0.513405][    T1] VFS: Dquot-cache hash table entries: 512 (order 0, 4096 bytes)
<6>[    0.515126][    T1] NET: Registered PF_INET protocol family
<6>[    0.516043][    T1] IP idents hash table entries: 262144 (order: 9, 2097152 bytes, linear)
<6>[    0.521823][    T1] tcp_listen_portaddr_hash hash table entries: 8192 (order: 5, 131072 bytes, linear)
<6>[    0.523108][    T1] Table-perturb hash table entries: 65536 (order: 6, 262144 bytes, linear)
<6>[    0.524467][    T1] TCP established hash table entries: 131072 (order: 8, 1048576 bytes, linear)
<6>[    0.525880][    T1] TCP bind hash table entries: 65536 (order: 9, 2097152 bytes, linear)
<6>[    0.527176][    T1] TCP: Hash tables configured (established 131072 bind 65536)
<6>[    0.528213][    T1] UDP hash table entries: 8192 (order: 6, 262144 bytes, linear)
<6>[    0.529261][    T1] UDP-Lite hash table entries: 8192 (order: 6, 262144 bytes, linear)
<6>[    0.530628][    T1] NET: Registered PF_UNIX/PF_LOCAL protocol family
<6>[    0.531487][    T1] NET: Registered PF_XDP protocol family
<6>[    0.532224][    T1] PCI: CLS 0 bytes, default 64
<6>[    0.532954][   T11] Trying to unpack rootfs image as initramfs...
<6>[    0.538646][    T1] kvm [1]: HYP mode not available
<5>[    0.540272][    T1] Initialise system trusted keyrings
<6>[    0.541036][    T1] workingset: timestamp_bits=46 max_order=22 bucket_order=0
<6>[    0.545656][    T1] fuse: init (API version 7.39)
<5>[    0.567740][    T1] Key type asymmetric registered
<5>[    0.568385][    T1] Asymmetric key parser 'x509' registered
<6>[    0.569151][    T1] Block layer SCSI generic (bsg) driver version 0.4 loaded (major 240)
<6>[    0.570290][    T1] io scheduler mq-deadline registered
<6>[    0.571002][    T1] io scheduler kyber registered
<6>[    0.571741][    T1] io scheduler bfq registered
<6>[    0.585020][    T1] Serial: 8250/16550 driver, 4 ports, IRQ sharing disabled
<6>[    0.589569][    T1] printk: console [ttynull0] enabled
<6>[    0.594132][    T1] brd: module loaded
<6>[    0.598704][    T1] loop: module loaded
<6>[    0.600562][    T1] wireguard: WireGuard 1.0.0 loaded. See www.wireguard.com for information.
<6>[    0.601703][    T1] wireguard: Copyright (C) 2015-2019 Jason A. Donenfeld <Jason@zx2c4.com>. All Rights Reserved.
<6>[    0.603525][    T1] tun: Universal TUN/TAP device driver, 1.6
<6>[    0.606529][    T1] usbcore: registered new interface driver uas
<6>[    0.607346][    T1] usbcore: registered new interface driver usb-storage
<6>[    0.608361][    T1] usbcore: registered new interface driver xpad
<6>[    0.609344][    T1] gspca_main: v2.14.0 registered
<6>[    0.610003][    T1] usbcore: registered new interface driver uvcvideo
<6>[    0.610706][   T11] rootfs image is not initramfs (invalid magic at start of compressed archive); looks like an initrd
<6>[    0.611676][    T1] device-mapper: uevent: version 1.0.3
<6>[    0.613180][    T1] device-mapper: ioctl: 4.48.0-ioctl (2023-03-01) initialised: dm-devel@redhat.com
<6>[    0.615785][    T1] sdhci: Secure Digital Host Controller Interface driver
<6>[    0.616706][    T1] sdhci: Copyright(c) Pierre Ossman
<6>[    0.617379][    T1] sdhci-pltfm: SDHCI platform and OF driver helper
<6>[    0.619577][    T1] SMCCC: SOC_ID: ARCH_SOC_ID not implemented, skipping ....
<6>[    0.620774][    T1] hid: raw HID events driver (C) Jiri Kosina
<6>[    0.622092][    T1] usbcore: registered new interface driver usbhid
<6>[    0.622949][    T1] usbhid: USB HID core driver
<6>[    0.623776][    T1] ashmem: initialized
<6>[    0.624124][   T11] Freeing initrd memory: 32844K
<6>[    0.625829][    T1] hw perfevents: enabled with armv8_pmuv3 PMU driver, 21 counters available
<6>[    0.628936][   T29] watchdog: Delayed init of the lockup detector failed: -19
<6>[    0.629894][   T29] watchdog: Hard watchdog permanently disabled
<6>[    0.631023][    T1] gnss: GNSS driver registered with major 505
<6>[    0.632512][    T1] usbcore: registered new interface driver snd-usb-audio
<6>[    0.633750][    T1] GACT probability NOT on
<6>[    0.634315][    T1] Mirror/redirect action on
<6>[    0.634920][    T1] netem: version 1.3
<6>[    0.635486][    T1] u32 classifier
<6>[    0.635940][    T1]     input device check on
<6>[    0.636520][    T1]     Actions configured
<6>[    0.655892][    T1] xt_time: kernel timezone is -0000
<6>[    0.656628][    T1] ipip: IPv4 and MPLS over IPv4 tunneling driver
<6>[    0.657652][    T1] gre: GRE over IPv4 demultiplexor driver
<6>[    0.658409][    T1] ip_gre: GRE over IPv4 tunneling driver
<6>[    0.659474][    T1] IPv4 over IPsec tunneling driver
<6>[    0.660269][    T1] Initializing XFRM netlink socket
<6>[    0.660936][    T1] IPsec XFRM device driver
<6>[    0.661812][    T1] NET: Registered PF_INET6 protocol family
<6>[    0.663395][    T1] Segment Routing with IPv6
<6>[    0.663998][    T1] In-situ OAM (IOAM) with IPv6
<6>[    0.664709][    T1] mip6: Mobile IPv6
<6>[    0.665427][    T1] sit: IPv6, IPv4 and MPLS over IPv4 tunneling driver
<6>[    0.666609][    T1] ip6_gre: GRE over IPv6 tunneling driver
<6>[    0.667491][    T1] NET: Registered PF_PACKET protocol family
<6>[    0.668263][    T1] NET: Registered PF_KEY protocol family
<6>[    0.669196][    T1] NET: Registered PF_VSOCK protocol family
<6>[    0.673063][    T1] registered taskstats version 1
<5>[    0.673813][    T1] Loading compiled-in X.509 certificates
<5>[    0.675454][    T1] Loaded X.509 cert 'Build time autogenerated kernel key: b79de11375fe4e9fb35b4d79f8436c5a02a98888'
<6>[    0.680419][    T1] page_owner is disabled
<5>[    0.681106][    T1] Key type .fscrypt registered
<5>[    0.681723][    T1] Key type fscrypt-provisioning registered
<6>[    0.685015][    T1] clk: Disabling unused clocks
<6>[    0.685641][    T1] ALSA device list:
<6>[    0.686131][    T1]   No soundcards found.
<6>[    0.687160][    T1] Freeing unused kernel memory: 4160K
<6>[    0.687936][    T1] Run /init as init process
<7>[    0.688518][    T1]   with arguments:
<7>[    0.688520][    T1]     /init
<7>[    0.688521][    T1]   with environment:
<7>[    0.688523][    T1]     HOME=/
<7>[    0.688524][    T1]     TERM=linux
<7>[    0.688525][    T1]     vmalloc=400M
<7>[    0.688527][    T1]     PMIC_UVLO=0xffff
<7>[    0.688528][    T1]     usb2jtag_mode=0
<7>[    0.688529][    T1]     bootopt=64S3,32N2,64N2
<7>[    0.688530][    T1]     sfi=0x00000000
<7>[    0.688531][    T1]     tkv=13908312064
<14>[    0.690105][    T1] init: init first stage started!
<11>[    0.694119][    T1] init: softdep lines in modules.softdep must have at least 4 entries
<11>[    0.695233][    T1] init: softdep lines in modules.softdep must have at least 4 entries
<14>[    0.696509][    T1] init: Loading module /lib/modules/bootprof.ko with args ''
<4>[    0.697580][    T1] bootprof: loading out-of-tree module taints kernel.
<6>[    0.698861][    T1] BOOTPROF: pl=4687, bl2ext=1053 ,lk=2631, logo=747, tfa=193, sec_os=1, gz=143
<6>[    0.700181][    T1] BOOTPROF:       700.181231: ON (TH:15)
<6>[    0.700916][    T1] BOOTPROF:       700.915693:Kernel_init_done
<14>[    0.701752][    T1] init: Loaded kernel module /lib/modules/bootprof.ko
<14>[    0.702750][    T1] init: Loading module /lib/modules/mrdump.ko with args ''
<5>[    0.704389][    T1] mboot_params:[DT] 0x800@0x11d000, 0x2(0xec0)
<5>[    0.705198][    T1] mboot_params: [DT] 0x10000@0x48090000
<6>[    0.705972][    T1] mboot_params: using dram:0x48081000(0x1000)
<5>[    0.706775][    T1] mboot_params: buffer start: 0xffffffc08010d000, size: 0x1000
<5>[    0.707763][    T1] mboot_params: last init function: 0x0
<5>[    0.708522][    T1] mrdump_parse_chosen: mrdump_cbaddr=0x0000000048082000, mrdump_cbsize=0x0000000000008000
<5>[    0.709822][    T1] mrdump_parse_chosen: lk version MRDUMP11
<5>[    0.710581][    T1] mrdump_parse_chosen: ddr reserve mode no
<6>[    0.711364][    T1] [mrdump] phys:0x48080000 - 0x48090000 (0x10000)
<6>[    0.712207][    T1] [mrdump] rmem->priv = ffffffc080a30000
<5>[    0.712976][    T1] mrdump_cblock_init: done.
<5>[    0.713559][    T1] minirdump: [DT] reserved 0x48090000+0x10000->(____ptrval____)
<6>[    0.714590][   T94] mrdump_ka_work_func: retry in 0.1 second
<14>[    0.714641][    T1] init: Loaded kernel module /lib/modules/mrdump.ko
<14>[    0.716372][    T1] init: Loading module /lib/modules/aee_aed.ko with args ''
<5>[    0.718285][    T1] aee kernel api ready
<14>[    0.718424][    T1] init: Loaded kernel module /lib/modules/aee_aed.ko
<14>[    0.719901][    T1] init: Loading module /lib/modules/monitor_hang.ko with args ''
<5>[    0.721680][    T1] mrdump: hang data 0xffffff8028000000 size:0x400000
<6>[    0.723090][    T1] monitor_hang: can't get monitor_hang_boot_up_enable status.
<6>[    0.724897][    T1] MKP: mkp_init:43 start
<6>[    0.725452][    T1] MKP: mkp_init:55 failed, ret: -3
<6>[    0.726879][    T1] MKP: resource base=0x0000000040000000, size=0x0000000000010000
<6>[    0.728074][    T1] enable_action_panic: enable mkp panic
<6>[    0.728910][   T95] aee_get_stext failed
<6>[    0.728913][   T95] aee_get_etext failed
<6>[    0.729437][   T95] aee_get_init_begin failed
<6>[    0.729961][   T95] mkp: init_debug_kinfo failed
<6>[    0.731177][   T95] MKP: mkp_protect_kernel_work_fn: retry in 0.1 second
<6>[    0.731257][    T1] MKP: mkp_init:64 done
<6>[    0.733260][    T1] mtk_dbgtop_drm was loaded
<6>[    0.734106][    T1] mtk_dbgtop_drm 1000d000.drm: driver probed
<6>[    0.734940][    T1] mtk_dbgtop_drm 1000d000.drm: mtk_dbgtop_drm_probe: version = 2.
<6>[    0.735996][    T1] mtk_dbgtop_drm 1000d000.drm: mtk_dbgtop_drm_probe: found sec-write = 1.
<6>[    0.737121][    T1] mtk_dbgtop_drm 1000d000.drm: base (____ptrval____)
<5>[    0.740770][    T1] log_store: get address 0xa0d.
<5>[    0.741402][    T1] log_store:[DT] log_store: 0x11df00@0x100
<6>[    0.742152][    T1] log_store: get ok, sram addr:0x11df00, size:0x100
<5>[    0.743036][    T1] log_store: sram header address 0x(____ptrval____).
<5>[    0.743904][    T1] sig 0x5678ef90 flag 0x227 add 0x33ff70000 size 0x80000 offsize 0x20 point 0x154f4
<3>[    0.745320][    T1] log_store: pmic child device not found.
<5>[    0.746066][    T1] log_store: bootmode: 0x0 boottype: 0x2.
<5>[    0.746816][    T1] log store:sram_dram_buff addr 0x33ff70000, size 0x80000.
<5>[    0.747766][    T1] [PHY layout]log_store_mem:0x33ff70000-0x33ffeffff (0x80000)
<5>[    0.748738][    T1] buff (____ptrval____), sig cdab3412 size 80000 pl 0, sz 154f4 lk 154f4, sz 1e33c p c, l c
<6>[    0.750062][    T1] tran_devmsg_parse_chosen: tran_devmsg is enable
<6>[    0.750911][    T1] tran_devmsg_init: tran_devmsg_mem:0x7ffe0000-0x10000 (0xffffffc080a72000)
<3>[    0.755091][    T1] mtk-wdt 1c00b000.watchdog: error -ENXIO: IRQ index 0 not found
<6>[    0.756105][    T1] [wdtk] kick watchdog
<6>[    0.756704][   T86] [wdtk] kick watchdog
<6>[    0.757233][    T1] mtk-wdt 1c00b000.watchdog: Watchdog enabled (timeout=31 sec, nowayout=0)
<6>[    0.760896][    T1] hangdet_init: compatible node found: watchdog
<6>[    0.761721][    T1] apwdt enabled
<6>[    0.762530][    T1] hangdet_init: compatible node found: systimer
<6>[    0.763433][    T1] hangdet_init systimer_cnt 133098247
<6>[    0.763502][   T11] [wdk] bind thread 112 to cpu 0
<6>[    0.764133][    T1] hangdet_init set wdk_ktime 764133001
<6>[    0.765494][    T1] Planted kprobe at ffffffe611189144 for hrtimer_start_range_ns
<6>[    0.765527][  T112] [wdk-c] cpu=0 o_k=0 lbit=0x1 cbit=0xff,fe,7,1,763438231,1,0,0,0,0,[765522231,15000000] 31 ffffffff  
<6>[    0.765544][   T11] [wdk] bind thread 113 to cpu 1
<6>[    0.765594][   T11] [wdk] bind thread 114 to cpu 2
<6>[    0.765625][  T114] [wdk-c] cpu=2 o_k=2 lbit=0x5 cbit=0xff,fa,7,1,763438231,7,0,0,0,0,[765620616,14999896] 31 ffffffff  
<6>[    0.765628][  T114] 
<6>[    0.765656][   T11] [wdk] bind thread 115 to cpu 3
<6>[    0.765682][  T115] [wdk-c] cpu=3 o_k=3 lbit=0xd cbit=0xff,f2,7,1,763438231,f,0,0,0,0,[765677924,14999840] 31 ffffffff  
<6>[    0.765684][  T115] 
<6>[    0.765740][   T11] [wdk] bind thread 116 to cpu 4
<6>[    0.765764][  T116] [wdk-c] cpu=4 o_k=4 lbit=0x1d cbit=0xff,e2,7,1,763438231,1f,0,0,0,0,[765760308,14999756] 31 ffffffff  
<6>[    0.765765][  T116] 
<6>[    0.765795][   T11] [wdk] bind thread 117 to cpu 5
<6>[    0.765819][  T117] [wdk-c] cpu=5 o_k=5 lbit=0x3d cbit=0xff,c2,7,1,763438231,3f,0,0,0,0,[765814847,14999702] 31 ffffffff  
<6>[    0.765822][  T117] 
<6>[    0.765879][   T11] [wdk] bind thread 118 to cpu 6
<6>[    0.765901][  T118] [wdk-c] cpu=6 o_k=6 lbit=0x7d cbit=0xff,82,7,1,763438231,7f,0,0,0,0,[765897231,14999620] 31 ffffffff  
<6>[    0.765905][  T118] 
<6>[    0.765925][   T11] [wdk] bind thread 119 to cpu 7
<6>[    0.765927][   T11] [wdk] WDT start kicker done CPU_NR=8 online cpu NR8
<6>[    0.765929][   T11] [wdk]init_wk done late_initcall cpus_kick_bit=0xff -----
<6>[    0.765947][  T119] [wdk-c] cpu=7 o_k=7 lbit=0xfd cbit=0xff,2,7,1,763438231,ff,0,0,0,0,[765944078,14999572] 31 ffffffff  
<6>[    0.765950][  T119] 
<6>[    0.766539][  T113] [thread:113] 1970-01-01 00:00:00.752185 UTC;android time 1970-01-01 00:00:00.752185
<6>[    0.767948][  T112] 
<6>[    0.786222][  T113] [wdk-k] cpu=1 o_k=1 lbit=0xff cbit=0xff,0,7,1,763438231,ff,0,0,0,0,[766535078,14998984] 31 ffffffff  
<6>[    0.786225][    T1] Planted kprobe at ffffffe61119a434 for hrtimer_start_range_ns
<6>[    0.786527][  T113] 
<6>[    0.788993][    T1] reboot set flag, old value 0x6c002000, 1.
<6>[    0.790044][    T1] reboot set flag new value 0x6c002800.
<6>[    0.790787][    T1] BOOTPROF:       790.786155:initcall: init_module [aee_hangdet]    30.163692ms
<5>[    0.792607][  T120] random: crng init done
<6>[    0.794530][    T1] [DEVAPC]: driver registered
<6>[    0.795148][    T1] [DEVAPC]: subsys_enabled[0]:1
<6>[    0.795777][    T1] [DEVAPC]: subsys_enabled[1]:1
<6>[    0.796406][    T1] [DEVAPC]: subsys_enabled[2]:1
<6>[    0.797034][    T1] [DEVAPC]: subsys_enabled[3]:1
<6>[    0.797663][    T1] [DEVAPC]: subsys_enabled[4]:1
<6>[    0.798292][    T1] [DEVAPC]: subsys_enabled[5]:1
<6>[    0.798959][    T1] [DEVAPC]: subsys_enabled[6]:1
<6>[    0.799593][    T1] [DEVAPC]: subsys_enabled[7]:1
<6>[    0.800269][    T1] [DEVAPC]: subsys_enabled[8]:1
<6>[    0.800992][    T1] [DEVAPC]: IRQ[0]:27
<6>[    0.801522][    T1] [DEVAPC]: IRQ[1]:28
<6>[    0.802047][    T1] [DEVAPC]: IRQ[2]:29
<6>[    0.802589][    T1] [DEVAPC]: IRQ[3]:30
<6>[    0.803114][    T1] [DEVAPC]: IRQ[4]:31
<6>[    0.803636][    T1] [DEVAPC]: IRQ[5]:32
<6>[    0.804159][    T1] [DEVAPC]: IRQ[6]:33
<6>[    0.804718][    T1] [DEVAPC]: (Infra) Cannot get devapc clock from CCF (-2)
<6>[    0.805789][    T1] [DEVAPC]: no violation for slave:0x0
<6>[    0.806591][    T1] [DEVAPC]: no violation for slave:0x1
<6>[    0.807328][    T1] [DEVAPC]: no violation for slave:0x2
<6>[    0.808075][    T1] [DEVAPC]: no violation for slave:0x3
<6>[    0.808923][    T1] [DEVAPC]: no violation for slave:0x4
<6>[    0.809781][    T1] [DEVAPC]: no violation for slave:0x5
<6>[    0.810507][    T1] [DEVAPC]: no violation for slave:0x6
<6>[    0.811237][    T1] [DEVAPC]: no violation for slave:0x7
<6>[    0.811958][    T1] [DEVAPC]: no violation for slave:0x8
<6>[    0.814302][    T1] [DEVAPC]: clear slave_type:0x6 VIO_SHIFT_STA:0x2 to 0x0
<6>[    0.815387][    T1] [DEVAPC]: start_devapc done
<6>[    0.816520][    T1] BOOTPROF:       816.519770:initcall: init_module [device_apc_mt6899]    22.128846ms
<5>[    0.818814][    T1] [scmi] secure-sspm-mbox-clr not support
<5>[    0.819561][    T1] [scmi] secure-sspm_md2spm-clr not support
<6>[    0.820329][    T1] mtk_tinysys_mbox 1c351000.tinysys-mbox: MTK MBOX Mailbox registered
<6>[    0.822130][   T83] arm-scmi firmware:scmi: SCMI Notifications - Core Enabled.
<6>[    0.823302][   T83] arm-scmi firmware:scmi: SCMI Protocol v1.0 'mtk:mtk' Firmware version 0x5353504d
<6>[    0.823337][    T1] wifi_page_pool_init: init wifi page pool mod
<4>[    0.824691][   T83] arm-scmi firmware:scmi: Detected UNSUPPORTED higher version 0x10000 for protocol 0x80.Backward compatibility is NOT assured.
<6>[    0.824833][    T1] wifi_page_pool_init: init done[0]
<6>[    0.828936][    T1] mt6899-pinctrl 10005000.pinctrl: mtk_eint_do_init eint total 256 pins.
<6>[    0.830763][    T1] mt6899-pinctrl 10005000.pinctrl: mtk_eint_do_init eint in new mode, assign the matrix number to 152.
<6>[    0.834373][   T95] mkp: init_debug_kinfo success
<6>[    0.835044][   T95] MKP: mkp: protect krn code done
<6>[    0.835858][   T95] MKP: mkp: protect krn rodata done
<6>[    0.837609][   T83] input: odm:gpio_keys as /devices/platform/odm/odm:gpio_keys/input/input0
<5>[    0.840944][   T94] mrdump control block 2nd stage init done.
<6>[    0.841330][    T1] mtk_iommu: debug mtk_m4u_dbg_probe start, smmu_v3_enable:0
<6>[    0.843774][    T1] mtk_iommu: secure mtk_iommu_sec_init+
<6>[    0.846759][    T1] mtk_iommu: secure mtk_iommu_sec_probe done, dev:19011000.iommu
<6>[    0.847808][    T1] mtk_iommu: secure mtk_iommu_sec_probe done, dev:19012000.iommu
<6>[    0.848840][    T1] mtk_iommu: secure mtk_iommu_sec_probe done, dev:19013000.iommu
<6>[    0.849873][    T1] mtk_iommu: secure mtk_iommu_sec_probe done, dev:19014000.iommu
<6>[    0.850916][    T1] mtk_iommu: secure mtk_iommu_sec_probe done, dev:19016000.iommu
<6>[    0.851948][    T1] mtk_iommu: secure mtk_iommu_sec_probe done, dev:19017000.iommu
<6>[    0.852979][    T1] mtk_iommu: secure mtk_iommu_sec_probe done, dev:19018000.iommu
<6>[    0.854013][    T1] mtk_iommu: secure mtk_iommu_sec_probe done, dev:19019000.iommu
<6>[    0.855049][    T1] mtk_iommu: secure mtk_iommu_sec_probe done, dev:1e817000.iommu
<6>[    0.856080][    T1] mtk_iommu: secure mtk_iommu_sec_probe done, dev:1e818000.iommu
<6>[    0.857108][    T1] mtk_iommu: secure mtk_iommu_sec_probe done, dev:1e819000.iommu
<6>[    0.858135][    T1] mtk_iommu: secure mtk_iommu_sec_probe done, dev:1e81a000.iommu
<6>[    0.859169][    T1] mtk_iommu: secure mtk_iommu_sec_probe done, dev:1e81c000.iommu
<6>[    0.860197][    T1] mtk_iommu: secure mtk_iommu_sec_probe done, dev:1e81d000.iommu
<6>[    0.861228][    T1] mtk_iommu: secure mtk_iommu_sec_probe done, dev:1e81e000.iommu
<6>[    0.862257][    T1] mtk_iommu: secure mtk_iommu_sec_probe done, dev:1e81f000.iommu
<6>[    0.925451][    T1] mtk_iommu: secure mtk_iommu_sec_init-
<6>[    0.926187][    T1] BOOTPROF:       926.187155:initcall: init_module [iommu_secure]    82.400000ms
<6>[    0.934820][    T1] emicen was loaded
<6>[    0.935595][    T1] emicen_drv 10219000.emicen: driver probed
<6>[    0.936376][    T1] emicen_drv 10219000.emicen: cen->offset 0x40000000
<6>[    0.937275][    T1] emicen_drv 10219000.emicen: No chn_swap info
<6>[    0.938076][    T1] emicen_drv 10219000.emicen: No chn_swap info
<6>[    0.938888][    T1] emicen_drv 10219000.emicen: No chn_swap info
<6>[    0.939687][    T1] emicen_drv 10219000.emicen: No chn_swap info
<6>[    0.940487][    T1] emicen_drv 10219000.emicen: cen->chn_swap[0] 0
<6>[    0.941309][    T1] emicen_drv 10219000.emicen: cen->chn_swap[1] 1
<6>[    0.942132][    T1] emicen_drv 10219000.emicen: cen->chn_swap[2] 2
<6>[    0.942959][    T1] emicen_drv 10219000.emicen: cen->chn_swap[3] 3
<6>[    0.943782][    T1] emicen_drv 10219000.emicen: No a2d-conf-offset
<6>[    0.944605][    T1] emicen_drv 10219000.emicen: No a2d-chn-conf-offset
<6>[    0.945475][    T1] a2d_cen: 0xf053f154, 0x800000, 0x66660043, 0x10804330, 0xc0, 0x24044000
<6>[    0.946591][    T1] a2d_chn: 0x466fc51, 0x42145, 0x9ac00001
<6>[    0.947334][    T1] emicen_drv 10219000.emicen: version(2) ch_cnt(4), rk_cnt(2)
<6>[    0.948309][    T1] emicen_drv 10219000.emicen: rk_size0(0x180000000)
<6>[    0.949167][    T1] emicen_drv 10219000.emicen: rk_size1(0x180000000)
<6>[    0.950024][    T1] emicen_drv 10219000.emicen: a2d-disph 0xe
<6>[    0.950795][    T1] emicen_drv 10219000.emicen: a2d-hash 0xb
<6>[    0.951549][    T1] emicen_drv 10219000.emicen: emi_a2d_emi_cen[0] 0xf053f154
<6>[    0.952499][    T1] emicen_drv 10219000.emicen: emi_a2d_emi_cen[1] 0x800000
<6>[    0.953425][    T1] emicen_drv 10219000.emicen: emi_a2d_emi_cen[2] 0x66660043
<6>[    0.954376][    T1] emicen_drv 10219000.emicen: emi_a2d_emi_cen[3] 0x10804330
<6>[    0.955326][    T1] emicen_drv 10219000.emicen: emi_a2d_emi_cen[4] 0xc0
<6>[    0.956207][    T1] emicen_drv 10219000.emicen: emi_a2d_emi_cen[5] 0x24044000
<6>[    0.957156][    T1] emicen_drv 10219000.emicen: emi_a2d_emi_chn[0] 0x466fc51
<6>[    0.958095][    T1] emicen_drv 10219000.emicen: emi_a2d_emi_chn[1] 0x42145
<6>[    0.959013][    T1] emicen_drv 10219000.emicen: emi_a2d_emi_chn[2] 0x9ac00001
<6>[    0.960554][    T1] emiisu wad loaded
<6>[    0.961865][    T1] emiisu_drv soc:emiisu: driver probed
<6>[    0.962601][    T1] emiisu_probe: Turn off EMIISU dump
<6>[    0.963285][    T1] set_isu_ctrl_flag: lsu_ctrl_flag_last: 0xffffffff
<6>[    0.964143][    T1] set_isu_ctrl_flag: cur_ctrl_trace_idx=0
<6>[    0.964885][    T1] set_isu_ctrl_flag: isu_ctrl_trace[0]: ts=964885001, val=1f, readback=dec0dec0
<6>[    0.966067][    T1] set_isu_ctrl_flag: KERN_REC_OFF_PROBE
<6>[    0.966790][    T1] emiisu_drv soc:emiisu: buf_size(1000000),buf_addr(0),ver_addr(ffffffc0804f58e4),con_addr(ffffffc0804fd8d0),ctrl_intf(1)
<6>[    0.969606][    T1] BOOTPROF:       969.606155:initcall: init_module [emi]    34.773000ms
<6>[    0.979059][    T1] mtk_iommu: mtk_iommu_probe start dev:19010000.iommu
<6>[    0.980061][    T1] mtk_iommu: mtk_iommu_probe, get bank nr:4
<6>[    0.981085][    T1] disp-iommu-bank1 19011000.iommu: Get iommu bank:1(19011000.iommu) irq:294 ,pa:0x0000000019011000, success
<6>[    0.982786][    T1] disp-iommu-bank1 19012000.iommu: Get iommu bank:2(19012000.iommu) irq:295 ,pa:0x0000000019012000, success
<6>[    0.984424][    T1] disp-iommu-bank1 19013000.iommu: Get iommu bank:3(19013000.iommu) irq:296 ,pa:0x0000000019013000, success
<6>[    0.986053][    T1] disp-iommu-bank1 19014000.iommu: Get iommu bank:4(19014000.iommu) irq:297 ,pa:0x0000000019014000, success
<6>[    0.987978][    T1] mtk_iommu: mtk_iommu_probe done dev:19010000.iommu, head:ffffffe60b99e428
<6>[    0.989205][    T1] mtk_iommu: mtk_iommu_probe start dev:19015000.iommu
<6>[    0.990173][    T1] mtk_iommu: mtk_iommu_probe, get bank nr:4
<6>[    0.991118][    T1] disp-iommu-bank1 19016000.iommu: Get iommu bank:1(19016000.iommu) irq:299 ,pa:0x0000000019016000, success
<6>[    0.992773][    T1] disp-iommu-bank1 19017000.iommu: Get iommu bank:2(19017000.iommu) irq:300 ,pa:0x0000000019017000, success
<6>[    0.994418][    T1] disp-iommu-bank1 19018000.iommu: Get iommu bank:3(19018000.iommu) irq:301 ,pa:0x0000000019018000, success
<6>[    0.996102][    T1] disp-iommu-bank1 19019000.iommu: Get iommu bank:4(19019000.iommu) irq:302 ,pa:0x0000000019019000, success
<6>[    0.998053][    T1] mtk_iommu: mtk_iommu_probe done dev:19015000.iommu, head:ffffffe60b99e428
<6>[    0.999379][    T1] mtk_iommu: mtk_iommu_probe start dev:1e816000.iommu
<6>[    1.000298][    T1] mtk_iommu: mtk_iommu_probe, get bank nr:4
<6>[    1.001191][    T1] disp-iommu-bank1 1e817000.iommu: Get iommu bank:1(1e817000.iommu) irq:304 ,pa:0x000000001e817000, success
<6>[    1.002863][    T1] disp-iommu-bank1 1e818000.iommu: Get iommu bank:2(1e818000.iommu) irq:305 ,pa:0x000000001e818000, success
<6>[    1.004557][    T1] disp-iommu-bank1 1e819000.iommu: Get iommu bank:3(1e819000.iommu) irq:306 ,pa:0x000000001e819000, success
<6>[    1.006240][    T1] disp-iommu-bank1 1e81a000.iommu: Get iommu bank:4(1e81a000.iommu) irq:307 ,pa:0x000000001e81a000, success
<6>[    1.007753][    T1] mtk-iommu 1e816000.iommu: skip smi
<6>[    1.008729][    T1] mtk_iommu: mtk_iommu_probe done dev:1e816000.iommu, head:ffffffe60b99e418
<6>[    1.010031][    T1] mtk_iommu: mtk_iommu_probe start dev:1e81b000.iommu
<6>[    1.010959][    T1] mtk_iommu: mtk_iommu_probe, get bank nr:4
<6>[    1.011864][    T1] disp-iommu-bank1 1e81c000.iommu: Get iommu bank:1(1e81c000.iommu) irq:309 ,pa:0x000000001e81c000, success
<6>[    1.013543][    T1] disp-iommu-bank1 1e81d000.iommu: Get iommu bank:2(1e81d000.iommu) irq:310 ,pa:0x000000001e81d000, success
<6>[    1.015226][    T1] disp-iommu-bank1 1e81e000.iommu: Get iommu bank:3(1e81e000.iommu) irq:311 ,pa:0x000000001e81e000, success
<6>[    1.016855][    T1] disp-iommu-bank1 1e81f000.iommu: Get iommu bank:4(1e81f000.iommu) irq:312 ,pa:0x000000001e81f000, success
<6>[    1.018368][    T1] mtk-iommu 1e81b000.iommu: skip smi
<6>[    1.019327][    T1] mtk_iommu: mtk_iommu_probe done dev:1e81b000.iommu, head:ffffffe60b99e418
<6>[    1.020822][    T1] BOOTPROF:      1020.821309:initcall: init_module [mtk_iommu]    47.117539ms
<6>[    1.025640][    T1] dma_heap: system mtk_heap_create add heap[system] success
<6>[    1.026638][    T1] dma_heap: system mtk_heap_create add heap[system-uncached] success
<6>[    1.027713][    T1] dma_heap: system mtk_heap_create add heap[mtk_mm] success
<6>[    1.028680][    T1] dma_heap: system mtk_heap_create add heap[mtk_mm-uncached] success
<6>[    1.030855][    T1] dma_heap: system mtk_dma_heap_config_parse node:mtkheap-slc,type:5,name:mtk_slc,uncached:0,trusted:0,dev:soc:mtkheap-slc
<6>[    1.032560][    T1] dma_heap: system mtk_heap_create add heap[mtk_slc] success
<6>[    1.043753][    T1] [VCP] vcp_init begins
<6>[    1.045338][    T1] mtk_iommu: mtk_iommu_device_group create group, data:(0,1)-->(0,0), dev:1ea00000.vcp, domid:5
<6>[    1.046749][    T1] vcp 1ea00000.vcp: Adding to iommu group 0
<6>[    1.047533][    T1] mtk_iommu: mtee_hypmmu_type2_enabled, hyp-mmu ret:1
<6>[    1.048415][    T1] mtk_iommu: hyp-mmu type2 enabled. turn on coherent_walk
<6>[    1.049341][    T1] mtk_iommu: register_share_region: tab_id:0, reg base=0x108000 size=0x4000
<6>[    1.050492][    T1] mtk_iommu: register_share_region: tab_id:0, reg base=0x10c000 size=0x4000
<6>[    1.051633][    T1] mtk_iommu: register_share_region: tab_id:0, reg base=0x110000 size=0x40000
<6>[    1.052785][    T1] mtk_iommu: mtk_iommu_domain_finalise, create table data:(0,1)
<6>[    1.053833][    T1] mtk_iommu: mtk_iommu_domain_finalise, dom:5, start:0x0000000150000000, end:0x00000001cfffffff, table:0x67a70000
<6>[    1.055420][    T1] mtk_iommu: mtk_iommu_attach_device, set mtk_iommu_domain, data:(0,1), tab_id:0
<6>[    1.056657][    T1] mtk_iommu: mtk_iommu_hw_init, register irq done, (0,1,0) 308
<6>[    1.057653][    T1] mtk_iommu: mtk_iommu_hw_init, register irq done, (0,1,1) 309
<6>[    1.058650][    T1] mtk_iommu: mtk_iommu_hw_init, register irq done, (0,1,2) 310
<6>[    1.059643][    T1] mtk_iommu: mtk_iommu_hw_init, register irq done, (0,1,3) 311
<6>[    1.060633][    T1] mtk_iommu: mtk_iommu_hw_init, register irq done, (0,1,4) 312
<6>[    1.061622][    T1] mtk_iommu: mtk_iommu_hw_init done, (0,1), dump reg: 0x48:0x0, 0x50:0x0, 0x54:0x2a002a, 0xa0:0xfffcfffd, 0x110:0x100a, 0x114:0x4d5c3d00, 0x120:0x63, 0x124:0x1fbf
<6>[    1.063784][    T1] mtk_iommu: mtk_iommu_attach_device, iommu_dev:1e81b000.iommu(0,1), user_dev:1ea00000.vcp, pgtable:0x67a70000 -- 0x67a70000 -- 0x7bf00000, tab_id:0
<5>[    1.066114][    T1] [VCP] vcp_hwvoter support by default: 1
<5>[    1.066875][    T1] [VCP] vcpreg.core_nums = 1
<5>[    1.067487][    T1] [VCP] vcpreg.fmeter_ck = 22 vcpreg.fmeter_type = 5
<5>[    1.068355][    T1] [VCP] vcpreg.twohart = 1
<5>[    1.068924][    T1] [VCP] vcpreg.secure_dump = 1, vcp_excep_mode = 1
<5>[    1.069775][    T1] [VCP] resource request status register not found
<3>[    1.070756][    T1] vcp 1ea00000.vcp: invalid resource (null)
<5>[    1.071523][    T1] MBOX 0 can't find send status reg
<3>[    1.072194][    T1] vcp 1ea00000.vcp: invalid resource (null)
<5>[    1.072958][    T1] MBOX 0 can't find recv status reg
<3>[    1.073680][    T1] vcp 1ea00000.vcp: invalid resource (null)
<5>[    1.074451][    T1] MBOX 1 can't find send status reg
<3>[    1.075124][    T1] vcp 1ea00000.vcp: invalid resource (null)
<5>[    1.075888][    T1] MBOX 1 can't find recv status reg
<3>[    1.076601][    T1] vcp 1ea00000.vcp: invalid resource (null)
<5>[    1.077366][    T1] MBOX 2 can't find send status reg
<3>[    1.078038][    T1] vcp 1ea00000.vcp: invalid resource (null)
<5>[    1.078808][    T1] MBOX 2 can't find recv status reg
<3>[    1.079527][    T1] vcp 1ea00000.vcp: invalid resource (null)
<5>[    1.080293][    T1] MBOX 3 can't find send status reg
<3>[    1.080965][    T1] vcp 1ea00000.vcp: invalid resource (null)
<5>[    1.081727][    T1] MBOX 3 can't find recv status reg
<3>[    1.082440][    T1] vcp 1ea00000.vcp: invalid resource (null)
<5>[    1.083205][    T1] MBOX 4 can't find send status reg
<3>[    1.083877][    T1] vcp 1ea00000.vcp: invalid resource (null)
<5>[    1.084640][    T1] MBOX 4 can't find recv status reg
<6>[    1.086821][    T1] vcp_ipidev (with 36 IPI) has registered.
<5>[    1.087576][    T1] [VCP] vcp_reserve_memory_ioremap 1
<5>[    1.088287][    T1] [VCP] secure dump, 0xbf200000 (0xffffffc081000000), (0x600000 + 0x200000) <= 0x800000
<6>[    1.088292][    T1] [VCP] vcp-mem-tbl vcp_mem_num 11
<5>[    1.090224][    T1] @@@@ reserved: <0  491520>
<5>[    1.090826][    T1] @@@@ reserved: <1  73728>
<5>[    1.091419][    T1] @@@@ reserved: <2  1572864>
<5>[    1.092021][    T1] @@@@ reserved: <3  1024>
<5>[    1.092589][    T1] @@@@ reserved: <4  1024>
<5>[    1.093157][    T1] @@@@ reserved: <5  1024>
<5>[    1.093724][    T1] @@@@ reserved: <6  1024>
<5>[    1.094292][    T1] @@@@ reserved: <7  1048576>
<5>[    1.094900][    T1] @@@@ reserved: <8  4096>
<5>[    1.095468][    T1] @@@@ reserved: <9  4096>
<5>[    1.096036][    T1] @@@@ reserved: <10  2097152>
<4>[    1.097082][    T1] mrdump: file size of VCP_VSI_LAST_LOG is too large 0x180000
<5>[    1.098060][    T1] [VCP] add vsi and log buffer to mrdump iova:0x1cfc00000, virt:0xffffffc081201000
<5>[    1.099280][    T1] [VCP] [2] iova:0x1cfc00000, virt:0xffffffc081201000, len:0x180000
<5>[    1.100372][    T1] [VCP] [3] iova:0x1cfbff000, virt:0xffffffc080aad000, len:0x400
<5>[    1.101428][    T1] [VCP] [4] iova:0x1cfbfe000, virt:0xffffffc080abd000, len:0x400
<5>[    1.102484][    T1] [VCP] [5] iova:0x1cfbfd000, virt:0xffffffc080acd000, len:0x400
<5>[    1.103534][    T1] [VCP] [6] iova:0x1cfbfc000, virt:0xffffffc080add000, len:0x400
<5>[    1.104721][    T1] [VCP] [7] iova:0x1cfa00000, virt:0xffffffc080e61000, len:0x100000
<5>[    1.105806][    T1] [VCP] [8] iova:0x1cf9ff000, virt:0xffffffc080af5000, len:0x1000
<5>[    1.106886][    T1] [VCP] [9] iova:0x1cf9fe000, virt:0xffffffc080c82000, len:0x1000
<5>[    1.107904][    T1] [VCP] [10] iova:0xbf200000, virt:0xffffffc081000000, len:0x200000
<6>[    1.109393][    T1] [VCP] device link to reg-dummy
<6>[    1.110184][    T1] [VCP] device link to reg-dummy
<6>[    1.110830][    T1] [VCP] vcp-ao support
<6>[    1.110833][    T1] [VCP] vcp_device_probe done
<5>[    1.113705][    T1] [VCP] INFRA VCP driver support
<6>[    1.117477][    T1] vcp_io_vdec soc:vcp-iommu-vdec: Adding to iommu group 0
<6>[    1.120015][    T1] vcp_io_venc soc:vcp-iommu-venc: Adding to iommu group 0
<6>[    1.122737][    T1] vcp_io_work soc:vcp-iommu-work: Adding to iommu group 0
<6>[    1.125303][    T1] mtk_iommu: mtk_iommu_device_group create group, data:(0,1)-->(0,0), dev:soc:vcp-iommu-sec, domid:4
<6>[    1.126747][    T1] vcp_io_sec soc:vcp-iommu-sec: Adding to iommu group 1
<6>[    1.127653][    T1] mtk_iommu: mtk_iommu_domain_finalise, dom:4, start:0x0000000110000000, end:0x000000014fffffff, table:0x67a70000
<6>[    1.129227][    T1] mtk_iommu: mtk_iommu_attach_device, set mtk_iommu_domain, data:(0,1), tab_id:0
<5>[    1.135116][    T1] [VCP] vcp_excep_init 0 -1 -1 -1
<5>[    1.135810][    T1] [hw_voter]: call vcp_hw_voter_dbg_init
<5>[    1.136541][    T1] [hw_voter]: vcp hwvoter mtk_ipi_register done
<5>[    1.137356][    T1] [hw_voter]: vcp_hw_voter_create_procfs done
<5>[    1.138306][    T1] [VCP] vcp_init core0 status: 0x0
<5>[    1.141840][    T1] [VCP] reset_vcp: CORE0_RSTN_CLR cf9fe001 40c000 ff01 ret 0 clk 728000
<5>[    1.142997][    T1] [VCP] vcp_enable_pm_clk id 0 done 1 clk 728000
<6>[    1.143847][    T1] BOOTPROF:      1143.846232:initcall: init_module [vcp]   100.071000ms
<3>[    1.148302][    T1] mtk-dvfsrc 1c00f000.dvfsrc: error -ENXIO: IRQ index 0 not found
<4>[    1.152285][    T1] mtk-dvfsrc-devfreq mtk-dvfsrc-devfreq: _opp_is_duplicate: duplicate OPPs detected. Existing: freq: 8533000000, volt: 0, enabled: 1. New: freq: 8533000000, volt: 0, enabled: 1
<5>[    1.156403][    T1] mtk-hw-semaphore hw-semaphore: hw_semaphore_probe: start to probe
<5>[    1.157442][    T1] mtk-hw-semaphore hw-semaphore: hw_semaphore_probe:type:0 pa=0x1c001000
<5>[    1.158542][    T1] mtk-hw-semaphore hw-semaphore: hw_semaphore_probe:type:1 pa=0x1ec24000
<5>[    1.159636][    T1] mtk-hw-semaphore hw-semaphore: hw_semaphore_probe:master:0,(type,offset,bit)=(0,0x69c,5)
<5>[    1.160935][    T1] mtk-hw-semaphore hw-semaphore: hw_semaphore_probe:master:1,(type,offset,bit)=(1,0x18,1)
<5>[    1.162221][    T1] mtk-hw-semaphore hw-semaphore: hw_semaphore_probe:master:2,(type,offset,bit)=(1,0x18,3)
<5>[    1.163508][    T1] mtk-hw-semaphore hw-semaphore: hw_semaphore_probe:master:3,(type,offset,bit)=(0,0x6a8,5)
<5>[    1.164803][    T1] mtk-hw-semaphore hw-semaphore: hw_semaphore_probe:master:4,(type,offset,bit)=(1,0x18,0)
<5>[    1.166109][    T1] (NULL device *): mtk_smi_set_hw_sema_ops register smi cb
<6>[    1.210660][    T1] BOOTPROF:      1210.659386:initcall: init_module [clk_mt6899]    41.580923ms
<6>[    1.236374][    T1] BOOTPROF:      1236.373617:initcall: init_module [clk_mt6899_cam]    17.378846ms
<6>[    1.270991][    T1] BOOTPROF:      1270.990540:initcall: init_module [clk_mt6899_mmsys]    18.013000ms
<5>[    1.306591][    T1] mtk-scpsys-mt6899 1c001000.power-controller: Failed to find phandler named mminfra-hwv-regmap
<5>[    1.308264][    T1] mtk-scpsys-mt6899 1c001000.power-controller: hw-voter-regmap regmap is null(-19)
<5>[    1.309508][    T1] mtk-scpsys-mt6899 1c001000.power-controller: cksys2-regmap regmap is null(-19)
<5>[    1.310701][    T1] mtk-scpsys-mt6899 1c001000.power-controller: cksys2-regmap regmap is null(-19)
<5>[    1.311880][    T1] mtk-scpsys-mt6899 1c001000.power-controller: cksys2-regmap regmap is null(-19)
<5>[    1.313057][    T1] mtk-scpsys-mt6899 1c001000.power-controller: cksys2-regmap regmap is null(-19)
<5>[    1.314260][    T1] mtk-scpsys-mt6899 1c001000.power-controller: cksys2-regmap regmap is null(-19)
<5>[    1.315464][    T1] mtk-scpsys-mt6899 1c001000.power-controller: cksys2-regmap regmap is null(-19)
<5>[    1.316642][    T1] mtk-scpsys-mt6899 1c001000.power-controller: cksys2-regmap regmap is null(-19)
<5>[    1.318280][    T1] mtk-scpsys-mt6899 1163e000.power-controller: hw-voter-regmap regmap is null(-19)
<5>[    1.319622][    T1] mtk-scpsys-mt6899 1163e000.power-controller: cksys2-regmap regmap is null(-19)
<5>[    1.320808][    T1] mtk-scpsys-mt6899 1163e000.power-controller: cksys2-regmap regmap is null(-19)
<5>[    1.321983][    T1] mtk-scpsys-mt6899 1163e000.power-controller: cksys2-regmap regmap is null(-19)
<5>[    1.323247][    T1] mtk-scpsys-mt6899 1163e000.power-controller: cksys2-regmap regmap is null(-19)
<5>[    1.324424][    T1] mtk-scpsys-mt6899 1163e000.power-controller: cksys2-regmap regmap is null(-19)
<5>[    1.325600][    T1] mtk-scpsys-mt6899 1163e000.power-controller: cksys2-regmap regmap is null(-19)
<5>[    1.326781][    T1] mtk-scpsys-mt6899 1163e000.power-controller: cksys2-regmap regmap is null(-19)
<5>[    1.327960][    T1] mtk-scpsys-mt6899 1163e000.power-controller: cksys2-regmap regmap is null(-19)
<5>[    1.329134][    T1] mtk-scpsys-mt6899 1163e000.power-controller: cksys2-regmap regmap is null(-19)
<5>[    1.330316][    T1] mtk-scpsys-mt6899 1163e000.power-controller: cksys2-regmap regmap is null(-19)
<5>[    1.331495][    T1] mtk-scpsys-mt6899 1163e000.power-controller: cksys2-regmap regmap is null(-19)
<5>[    1.332699][    T1] mtk-scpsys-mt6899 1163e000.power-controller: cksys2-regmap regmap is null(-19)
<5>[    1.333916][    T1] mtk-scpsys-mt6899 1163e000.power-controller: cksys2-regmap regmap is null(-19)
<5>[    1.335128][    T1] mtk-scpsys-mt6899 1163e000.power-controller: cksys2-regmap regmap is null(-19)
<5>[    1.336334][    T1] mtk-scpsys-mt6899 1163e000.power-controller: cksys2-regmap regmap is null(-19)
<5>[    1.337539][    T1] mtk-scpsys-mt6899 1163e000.power-controller: cksys2-regmap regmap is null(-19)
<5>[    1.338729][    T1] mtk-scpsys-mt6899 1163e000.power-controller: cksys2-regmap regmap is null(-19)
<5>[    1.339903][    T1] mtk-scpsys-mt6899 1163e000.power-controller: cksys2-regmap regmap is null(-19)
<5>[    1.341075][    T1] mtk-scpsys-mt6899 1163e000.power-controller: cksys2-regmap regmap is null(-19)
<5>[    1.342248][    T1] mtk-scpsys-mt6899 1163e000.power-controller: cksys2-regmap regmap is null(-19)
<5>[    1.343445][    T1] mtk-scpsys-mt6899 1163e000.power-controller: cksys2-regmap regmap is null(-19)
<5>[    1.344635][    T1] mtk-scpsys-mt6899 1163e000.power-controller: cksys2-regmap regmap is null(-19)
<5>[    1.345825][    T1] mtk-scpsys-mt6899 1163e000.power-controller: cksys2-regmap regmap is null(-19)
<5>[    1.347020][    T1] mtk-scpsys-mt6899 1163e000.power-controller: cksys2-regmap regmap is null(-19)
<5>[    1.348194][    T1] mtk-scpsys-mt6899 1163e000.power-controller: cksys2-regmap regmap is null(-19)
<6>[    1.354154][    T1] BOOTPROF:      1354.153617:initcall: init_module [mtk_scpsys_mt6899]    48.064923ms
<3>[    1.363936][    T1] of_clk_src_onecell_get: invalid clock index 245
<3>[    1.364789][    T1] of_clk_src_onecell_get: invalid clock index 22
<3>[    1.365670][    T1] of_clk_src_onecell_get: invalid clock index 11
<3>[    1.366543][    T1] of_clk_src_onecell_get: invalid clock index 59
<3>[    1.367480][    T1] of_clk_src_onecell_get: invalid clock index 112
<5>[    1.367988][   T82] mtk-smi-common 1e804000.disp-ssc0-smi-2x1-sub-comm: mtk_smi_common_probe: init power on
<3>[    1.368306][    T1] of_clk_src_onecell_get: invalid clock index 8
<5>[    1.369861][   T82] mtk-smi-common 1e805000.disp-ssc1-smi-2x1-sub-comm: mtk_smi_common_probe: init power on
<3>[    1.370386][    T1] of_clk_src_onecell_get: invalid clock index 6
<5>[    1.372003][   T82] mtk-smi-common 1e80c000.mdp-ssc4-smi-2x1-sub-comm: mtk_smi_common_probe: init power on
<3>[    1.372466][    T1] of_clk_src_onecell_get: invalid clock index 6
<5>[    1.373962][   T82] mtk-smi-common 1e80d000.mdp-ssc5-smi-2x1-sub-comm: mtk_smi_common_probe: init power on
<3>[    1.374529][    T1] of_clk_src_onecell_get: invalid clock index 2
<3>[    1.374533][    T1] of_clk_src_onecell_get: invalid clock index 4
<5>[    1.376031][   T82] mtk-smi-common 1e807000.mmsram-smi-2x1-sub-comm3: mtk_smi_common_probe: init power on
<3>[    1.376597][    T1] of_clk_src_onecell_get: invalid clock index 6
<5>[    1.377621][   T82] mtk-smi-common 1e808000.mmsram-smi-2x1-sub-comm4: mtk_smi_common_probe: init power on
<3>[    1.378649][    T1] of_clk_src_onecell_get: invalid clock index 2
<3>[    1.378652][    T1] of_clk_src_onecell_get: invalid clock index 2
<3>[    1.382323][    T1] of_clk_src_onecell_get: invalid clock index 4
<5>[    1.382375][   T82] mtk-smi-common 14210000.smi-disp-dram-sub-comm0: mtk_smi_common_probe: init power on
<3>[    1.383131][    T1] of_clk_src_onecell_get: invalid clock index 1
<3>[    1.385172][    T1] of_clk_src_onecell_get: invalid clock index 1
<5>[    1.385205][   T82] mtk-smi-common 14211000.smi-disp-dram-sub-comm1: mtk_smi_common_probe: init power on
<3>[    1.386014][    T1] of_clk_src_onecell_get: invalid clock index 100
<3>[    1.388086][    T1] of_clk_src_onecell_get: invalid clock index 78
<5>[    1.388087][   T82] mtk-smi-common 14212000.smi-disp-dram-sub-comm2: mtk_smi_common_probe: init power on
<3>[    1.388920][    T1] of_clk_src_onecell_get: invalid clock index 58
<5>[    1.390993][   T82] mtk-smi-common 14213000.smi-disp-dram-sub-comm3: mtk_smi_common_probe: init power on
<3>[    1.391000][    T1] of_clk_src_onecell_get: invalid clock index 87
<3>[    1.393069][    T1] of_clk_src_onecell_get: invalid clock index 20
<5>[    1.393083][   T82] mtk-smi-common 14214000.smi-sram-disp-sub-comm0: mtk_smi_common_probe: init power on
<3>[    1.393881][    T1] of_clk_src_onecell_get: invalid clock index 4
<3>[    1.395934][    T1] of_clk_src_onecell_get: invalid clock index 6
<5>[    1.395957][   T82] mtk-smi-common 14215000.smi-sram-disp-sub-comm1: mtk_smi_common_probe: init power on
<3>[    1.396738][    T1] of_clk_src_onecell_get: invalid clock index 7
<3>[    1.398789][    T1] of_clk_src_onecell_get: invalid clock index 7
<3>[    1.399594][    T1] of_clk_src_onecell_get: invalid clock index 7
<3>[    1.400399][    T1] of_clk_src_onecell_get: invalid clock index 9
<3>[    1.401201][    T1] of_clk_src_onecell_get: invalid clock index 2
<3>[    1.402019][    T1] of_clk_src_onecell_get: invalid clock index 16
<3>[    1.402841][    T1] of_clk_src_onecell_get: invalid clock index 8
<3>[    1.403643][    T1] of_clk_src_onecell_get: invalid clock index 6
<3>[    1.404450][    T1] of_clk_src_onecell_get: invalid clock index 16
<3>[    1.405268][    T1] of_clk_src_onecell_get: invalid clock index 15
<3>[    1.406103][    T1] of_clk_src_onecell_get: invalid clock index 32
<3>[    1.407010][    T1] of_clk_src_onecell_get: invalid clock index 111
<3>[    1.407855][    T1] of_clk_src_onecell_get: invalid clock index 18
<5>[    1.407961][   T82] mtk-smi-larb 1440c000.smi-larb0: mtk_smi_larb_probe: init power on
<3>[    1.408672][    T1] of_clk_src_onecell_get: invalid clock index 10
<3>[    1.410548][    T1] of_clk_src_onecell_get: invalid clock index 12
<5>[    1.410654][   T82] mtk-smi-larb 1440d000.smi-larb1: mtk_smi_larb_probe: init power on
<3>[    1.411363][    T1] of_clk_src_onecell_get: invalid clock index 7
<3>[    1.413219][    T1] of_clk_src_onecell_get: invalid clock index 8
<5>[    1.413325][   T82] mtk-smi-larb 14410000.smi-larb20: mtk_smi_larb_probe: init power on
<3>[    1.414025][    T1] of_clk_src_onecell_get: invalid clock index 12
<3>[    1.415894][    T1] of_clk_src_onecell_get: invalid clock index 7
<5>[    1.415991][   T82] mtk-smi-larb 14411000.smi-larb21: mtk_smi_larb_probe: init power on
<3>[    1.416697][    T1] of_clk_src_onecell_get: invalid clock index 8
<3>[    1.418553][    T1] of_clk_src_onecell_get: invalid clock index 12
<5>[    1.418652][   T82] mtk-smi-larb 14020000.smi-larb32: mtk_smi_larb_probe: init power on
<3>[    1.419366][    T1] of_clk_src_onecell_get: invalid clock index 7
<3>[    1.421219][    T1] of_clk_src_onecell_get: invalid clock index 8
<5>[    1.421315][   T82] mtk-smi-larb 1420f000.smi-larb33: mtk_smi_larb_probe: init power on
<3>[    1.422020][    T1] of_clk_src_onecell_get: invalid clock index 10
<3>[    1.423890][    T1] of_clk_src_onecell_get: invalid clock index 14
<3>[    1.425399][    T1] of_clk_src_onecell_get: invalid clock index 34
<3>[    1.426243][    T1] of_clk_src_onecell_get: invalid clock index 44
<3>[    1.427061][    T1] of_clk_src_onecell_get: invalid clock index 1
<3>[    1.427870][    T1] of_clk_src_onecell_get: invalid clock index 1
<3>[    1.428679][    T1] of_clk_src_onecell_get: invalid clock index 1
<3>[    1.429480][    T1] of_clk_src_onecell_get: invalid clock index 1
<3>[    1.430285][    T1] of_clk_src_onecell_get: invalid clock index 1
<5>[    1.436561][    T1] pd-md add to notifier
<5>[    1.437097][    T1] pd-conn add to notifier
<5>[    1.437649][    T1] pd-peri-usb0 add to notifier
<5>[    1.438257][    T1] pd-peri-audio add to notifier
<5>[    1.438885][    T1] pd-adsp-ao add to notifier
<5>[    1.439471][    T1] pd-adsp-infra add to notifier
<5>[    1.440093][    T1] pd-adsp-top-dormant add to notifier
<3>[    1.440783][    T1] PM: genpd_xlate_onecell: invalid domain index 7
<5>[    1.441608][    T1] add pd device fail
<5>[    1.442090][   T82] mtk-smi-larb 1602e000.smi-larb4: skip rpm callback
<5>[    1.442099][    T1] 1
<5>[    1.443269][    T1] pd-mm-infra add to notifier
<5>[    1.443700][   T82] mtk-smi-larb 1600d000.smi-larb5: skip rpm callback
<5>[    1.443865][    T1] pd-isp-vcore add to notifier
<5>[    1.445329][    T1] pd-isp-main add to notifier
<5>[    1.445926][    T1] pd-isp-traw add to notifier
<5>[    1.445952][   T82] mtk-smi-dbg smi-dbg: smi dbg_version=2
<5>[    1.446524][    T1] pd-isp-dip1 add to notifier
<5>[    1.446526][    T1] pd-vde0 add to notifier
<6>[    1.447338][   T82] mtk-smi-larb 1440c000.smi-larb0: larb:1 id:0 pa:0x000000001440c000 va:000000004fbe053a regs_nr:231
<5>[    1.447837][    T1] pd-vde1 add to notifier
<6>[    1.448405][   T82] mtk-smi-larb 1440d000.smi-larb1: larb:1 id:1 pa:0x000000001440d000 va:00000000d6e8ff6e regs_nr:231
<5>[    1.449786][    T1] pd-ven0 add to notifier
<6>[    1.450351][   T82] mtk-smi-larb 14410000.smi-larb20: larb:1 id:20 pa:0x0000000014410000 va:0000000075cf78a6 regs_nr:231
<5>[    1.451735][    T1] pd-ven1 add to notifier
<6>[    1.452297][   T82] mtk-smi-larb 14411000.smi-larb21: larb:1 id:21 pa:0x0000000014411000 va:00000000fa4916e0 regs_nr:231
<5>[    1.453699][    T1] pd-cam-vcore add to notifier
<6>[    1.454265][   T82] mtk-smi-larb 14020000.smi-larb32: larb:1 id:32 pa:0x0000000014020000 va:00000000c082a88b regs_nr:231
<5>[    1.455672][    T1] pd-cam-main add to notifier
<6>[    1.456297][   T82] mtk-smi-larb 1420f000.smi-larb33: larb:1 id:33 pa:0x000000001420f000 va:0000000035de6525 regs_nr:231
<5>[    1.457696][    T1] pd-cam-mraw add to notifier
<6>[    1.458313][   T82] mtk-smi-larb 1f002000.smi-larb2: larb:1 id:2 pa:0x000000001f002000 va:0000000047fbe66e regs_nr:231
<5>[    1.459718][    T1] pd-cam-suba add to notifier
<6>[    1.460336][   T82] mtk-smi-larb 1f802000.smi-larb3: larb:1 id:3 pa:0x000000001f802000 va:00000000cf39a1a6 regs_nr:231
<5>[    1.461716][    T1] pd-cam-subb add to notifier
<6>[    1.462336][   T82] mtk-smi-larb 15001000.smi-larb9: larb:1 id:9 pa:0x0000000015001000 va:0000000094597c03 regs_nr:231
<5>[    1.463716][    T1] pd-cam-subc add to notifier
<5>[    1.463720][    T1] pd-cam-ccu add to notifier
<6>[    1.464338][   T82] mtk-smi-larb 15230000.smi-larb11: larb:1 id:11 pa:0x0000000015230000 va:0000000054ceccc2 regs_nr:231
<5>[    1.465719][    T1] pd-cam-ccu-ao add to notifier
<6>[    1.466337][   T82] mtk-smi-larb 15320000.smi-larb12: larb:1 id:12 pa:0x0000000015320000 va:0000000069c1a638 regs_nr:231
<5>[    1.466900][    T1] pd-disp-vcore add to notifier
<6>[    1.468360][   T82] mtk-smi-larb 15140000.smi-larb15: larb:1 id:15 pa:0x0000000015140000 va:000000005a810ffd regs_nr:231
<5>[    1.468955][    T1] pd-dis1-shutdown add to notifier
<6>[    1.470418][   T82] mtk-smi-larb 15006000.smi-larb18: larb:1 id:18 pa:0x0000000015006000 va:000000003ce593b3 regs_nr:231
<5>[    1.471013][    T1] pd-mml0-shutdown add to notifier
