----- timezone:Asia/Shanghai
<6>[    0.000000][    T0] Booting Linux on physical CPU 0x0000000000 [0x410fd871]
<5>[    0.000000][    T0] Linux version 6.6.118-android15-8-gf9c84f40b6ba-ab14657223-4k (kleaf@build-host) (Android (11368308, +pgo, +bolt, +lto, +mlgo, based on r510928) clang version 18.0.0 (https://android.googlesource.com/toolchain/llvm-project 477610d4d0d988e69dbc3fae4fe86bff3f07f2b5), LLD 18.0.0) #1 SMP PREEMPT Sat Jan  3 21:50:53 UTC 2026
<6>[    0.000000][    T0] KASLR enabled
<6>[    0.000000][    T0] Machine model: MT6899
<6>[    0.000000][    T0] stackdepot: disabled
<4>[    0.000000][    T0] KVM is not available. Ignoring kvm-arm.mode
<6>[    0.000000][    T0] earlycon: uart8250 at MMIO32 0x0000000011001000 (options '')
<6>[    0.000000][    T0] printk: bootconsole [uart8250] enabled
<6>[    0.000000][    T0] panic_on_taint: bitmask=0x20 nousertaint_mode=disabled
<6>[    0.000000][    T0] efi: UEFI not found.
<6>[    0.000000][    T0] OF: reserved mem: 0x0000000040000000..0x000000004000ffff (64 KiB) map non-reusable mkp-kernel-code-protection-memory
<6>[    0.000000][    T0] OF: reserved mem: 0x0000000042390000..0x000000004251ffff (1600 KiB) map non-reusable ccci-dpmaif-cache-memory
<6>[    0.000000][    T0] OF: reserved mem: 0x0000000042520000..0x000000004256ffff (320 KiB) nomap non-reusable ccci-dpmaif-nocache-memory
<6>[    0.000000][    T0] Reserved memory: created CMA memory pool at 0x0000000090000000, size 160 MiB
<6>[    0.000000][    T0] OF: reserved mem: initialized node ssmr-reserved-cma-memory, compatible id shared-dma-pool
<6>[    0.000000][    T0] OF: reserved mem: 0x0000000090000000..0x0000000099ffffff (163840 KiB) map reusable ssmr-reserved-cma-memory
<6>[    0.000000][    T0] OF: reserved mem: 0x0000000048080000..0x000000004808ffff (64 KiB) nomap non-reusable mblock-1-aee_debug_kinfo
<6>[    0.000000][    T0] OF: reserved mem: 0x0000000048090000..0x000000004809ffff (64 KiB) nomap non-reusable mblock-3-minirdump
<6>[    0.000000][    T0] OF: reserved mem: 0x0000000048410000..0x000000004841ffff (64 KiB) nomap non-reusable mblock-6-crypto_hw
<6>[    0.000000][    T0] OF: reserved mem: 0x0000000048800000..0x00000000489fffff (2048 KiB) nomap non-reusable mblock-4-BL31-reserved
<6>[    0.000000][    T0] OF: reserved mem: 0x000000006ec00000..0x000000006ef0ffff (3136 KiB) nomap non-reusable mblock-2-pstore
<6>[    0.000000][    T0] OF: reserved mem: 0x000000007a000000..0x000000007b2affff (19136 KiB) nomap non-reusable mblock-44-adsp_image_reserved
<6>[    0.000000][    T0] OF: reserved mem: 0x000000007be00000..0x000000007dffffff (34816 KiB) nomap non-reusable mblock-24-platform_mtksmmu_protpgd
<6>[    0.000000][    T0] OF: reserved mem: 0x000000007e000000..0x000000007e7fffff (8192 KiB) map non-reusable mblock-5-aee_lk
<6>[    0.000000][    T0] OF: reserved mem: 0x000000007fd60000..0x000000007fedffff (1536 KiB) nomap non-reusable mblock-50-me_GPUEB_SHARED
<6>[    0.000000][    T0] OF: reserved mem: 0x000000007fee0000..0x000000007ffdffff (1024 KiB) nomap non-reusable mblock-26-MCUPM-reserved
<6>[    0.000000][    T0] OF: reserved mem: 0x000000007ffe0000..0x000000007ffeffff (64 KiB) map non-reusable mblock-11-tran_devmsg
<6>[    0.000000][    T0] OF: reserved mem: 0x000000007fff0000..0x000000007fffffff (64 KiB) nomap non-reusable mblock-9-emi_mbist_buf
<6>[    0.000000][    T0] OF: reserved mem: 0x0000000080000000..0x00000000800fffff (1024 KiB) nomap non-reusable mblock-33-mm_ccu_reserved
<6>[    0.000000][    T0] OF: reserved mem: 0x0000000089e00000..0x000000008aafffff (13312 KiB) nomap non-reusable mblock-46-consys_emi_reserved
<6>[    0.000000][    T0] Reserved memory: created DMA memory pool at 0x000000008ab00000, size 20 MiB
<6>[    0.000000][    T0] OF: reserved mem: initialized node mblock-47-shared-dma-pool_wifi-reserve-memory_dma, compatible id shared-dma-pool
<6>[    0.000000][    T0] OF: reserved mem: 0x000000008ab00000..0x000000008befffff (20480 KiB) nomap non-reusable mblock-47-shared-dma-pool_wifi-reserve-memory_dma
<6>[    0.000000][    T0] OF: reserved mem: 0x000000008bf00000..0x000000008bf1ffff (128 KiB) nomap non-reusable mblock-48-consys_scp_emi-reserved
<6>[    0.000000][    T0] OF: reserved mem: 0x000000008c000000..0x000000008db5ffff (28032 KiB) nomap non-reusable mblock-39-ap_md_c_smem
<6>[    0.000000][    T0] OF: reserved mem: 0x000000008e000000..0x000000008e13ffff (1280 KiB) nomap non-reusable mblock-30-ap_md_nc_smem
<6>[    0.000000][    T0] OF: reserved mem: 0x000000008ed60000..0x000000008effffff (2688 KiB) nomap non-reusable mblock-35-apu_apusys-rv_aee-coredump
<6>[    0.000000][    T0] OF: reserved mem: 0x000000008f000000..0x000000008f89ffff (8832 KiB) nomap non-reusable mblock-32-reserve-memory-scp_share
<6>[    0.000000][    T0] OF: reserved mem: 0x000000008f900000..0x000000008f9fffff (1024 KiB) nomap non-reusable mblock-36-apu_sapu_apurvgzctrlshm
<6>[    0.000000][    T0] OF: reserved mem: 0x000000008fa00000..0x000000008fffffff (6144 KiB) nomap non-reusable mblock-34-apu_apusys-rv_secure
<6>[    0.000000][    T0] OF: reserved mem: 0x000000009fc60000..0x000000009fd6ffff (1088 KiB) nomap non-reusable mblock-52-sspm_ap-shared
<6>[    0.000000][    T0] OF: reserved mem: 0x000000009fd70000..0x000000009ffeffff (2560 KiB) nomap non-reusable mblock-25-SSPM-reserved
<6>[    0.000000][    T0] OF: reserved mem: 0x00000000b8000000..0x00000000b8a1ffff (10368 KiB) nomap non-reusable mblock-31-SCP-reserved
<6>[    0.000000][    T0] OF: reserved mem: 0x00000000bec00000..0x00000000bf3fffff (8192 KiB) nomap non-reusable mblock-45-me_vcp_reserved
<6>[    0.000000][    T0] OF: reserved mem: 0x00000000bf400000..0x00000000bfcfffff (9216 KiB) nomap non-reusable mblock-27-tee-secmem
<6>[    0.000000][    T0] OF: reserved mem: 0x00000000bfdf0000..0x00000000bfdfffff (64 KiB) nomap non-reusable mblock-37-ccci_tag_mem
<6>[    0.000000][    T0] OF: reserved mem: 0x00000000bfe00000..0x00000000bfffffff (2048 KiB) nomap non-reusable mblock-12-atf-log-reserved
<6>[    0.000000][    T0] OF: reserved mem: 0x00000000d0000000..0x00000000d26effff (39872 KiB) nomap non-reusable mblock-38-md_mem_usage
<6>[    0.000000][    T0] OF: reserved mem: 0x00000000d3000000..0x00000000d313ffff (1280 KiB) nomap non-reusable mblock-40-md_mem_usage
<6>[    0.000000][    T0] OF: reserved mem: 0x00000000d4000000..0x00000000dacdffff (111488 KiB) nomap non-reusable mblock-41-md_mem_usage
<6>[    0.000000][    T0] OF: reserved mem: 0x00000000db000000..0x00000000db0dffff (896 KiB) nomap non-reusable mblock-42-md_mem_usage
<6>[    0.000000][    T0] OF: reserved mem: 0x00000000ed600000..0x00000000edffffff (10240 KiB) nomap non-reusable mblock-43-md_mem_usage
<6>[    0.000000][    T0] OF: reserved mem: 0x00000000f4000000..0x00000000f4c9ffff (12928 KiB) nomap non-reusable mblock-49-adsp_shared_reserved
<6>[    0.000000][    T0] OF: reserved mem: 0x00000000f6000000..0x00000000f627ffff (2560 KiB) nomap non-reusable mblock-29-platform-debug_dfdmcu_dump
<6>[    0.000000][    T0] OF: reserved mem: 0x00000000f7000000..0x00000000f71fffff (2048 KiB) nomap non-reusable mblock-15-platform-debug_dfdsoc_dump
<6>[    0.000000][    T0] OF: reserved mem: 0x00000000f7200000..0x00000000fd1fffff (98304 KiB) nomap non-reusable mblock-28-tee-reserved
<6>[    0.000000][    T0] OF: reserved mem: 0x00000000fd200000..0x00000000fd7fffff (6144 KiB) nomap non-reusable mblock-18-me_GPUmputab_PMA
<6>[    0.000000][    T0] OF: reserved mem: 0x00000000fd920000..0x00000000fd95ffff (256 KiB) nomap non-reusable mblock-51-platform-debug_slbc_shared
<6>[    0.000000][    T0] OF: reserved mem: 0x00000000fd960000..0x00000000fffeffff (39488 KiB) map non-reusable mblock-16-framebuffer
<6>[    0.000000][    T0] OF: reserved mem: 0x00000001bfff0000..0x00000001bfffffff (64 KiB) nomap non-reusable mblock-7-dramc-rk0
<6>[    0.000000][    T0] OF: reserved mem: 0x000000033ce00000..0x000000033cffffff (2048 KiB) nomap non-reusable mblock-19-me_gpu_reserved
<6>[    0.000000][    T0] OF: reserved mem: 0x000000033d000000..0x000000033d3fffff (4096 KiB) nomap non-reusable mblock-14-tkv-reserved
<6>[    0.000000][    T0] OF: reserved mem: 0x000000033d400000..0x000000033d5fffff (2048 KiB) nomap non-reusable mblock-22-mkp
<6>[    0.000000][    T0] OF: reserved mem: 0x000000033d600000..0x000000033d7fffff (2048 KiB) nomap non-reusable mblock-21-security_pvmfw
<6>[    0.000000][    T0] OF: reserved mem: 0x000000033d800000..0x000000033fbfffff (36864 KiB) nomap non-reusable mblock-20-gz
<6>[    0.000000][    T0] OF: reserved mem: 0x000000033fc00000..0x000000033fdfffff (2048 KiB) nomap non-reusable mblock-17-me_cmdq_reserved
<6>[    0.000000][    T0] OF: reserved mem: 0x000000033fe00000..0x000000033fe4ffff (320 KiB) map non-reusable mblock-23-gz-log
<6>[    0.000000][    T0] OF: reserved mem: 0x000000033ff60000..0x000000033ff6ffff (64 KiB) nomap non-reusable mblock-13-security_dice_common
<6>[    0.000000][    T0] OF: reserved mem: 0x000000033ff70000..0x000000033ffeffff (512 KiB) map non-reusable mblock-10-log_store
<6>[    0.000000][    T0] OF: reserved mem: 0x000000033fff0000..0x000000033fffffff (64 KiB) nomap non-reusable mblock-8-dramc-rk1
<6>[    0.000000][    T0] Zone ranges:
<6>[    0.000000][    T0]   DMA32    empty
<6>[    0.000000][    T0]   Normal   [mem 0x0000000040000000-0x000000033fffffff]
<6>[    0.000000][    T0] Movable zone start for each node
<6>[    0.000000][    T0] NoSplit zone start for each node
<6>[    0.000000][    T0] NoMerge zone start for each node
<6>[    0.000000][    T0] Early memory node ranges
<6>[    0.000000][    T0]   node   0: [mem 0x0000000040000000-0x000000004251ffff]
<6>[    0.000000][    T0]   node   0: [mem 0x0000000042520000-0x000000004256ffff]
<6>[    0.000000][    T0]   node   0: [mem 0x0000000042570000-0x000000004807ffff]
<6>[    0.000000][    T0]   node   0: [mem 0x0000000048080000-0x000000004809ffff]
<6>[    0.000000][    T0]   node   0: [mem 0x00000000480a0000-0x000000004840ffff]
<6>[    0.000000][    T0]   node   0: [mem 0x0000000048410000-0x000000004841ffff]
<6>[    0.000000][    T0]   node   0: [mem 0x0000000048420000-0x00000000487fffff]
<6>[    0.000000][    T0]   node   0: [mem 0x0000000048800000-0x00000000489fffff]
<6>[    0.000000][    T0]   node   0: [mem 0x0000000048a00000-0x000000006ebfffff]
<6>[    0.000000][    T0]   node   0: [mem 0x000000006ec00000-0x000000006ef0ffff]
<6>[    0.000000][    T0]   node   0: [mem 0x000000006ef10000-0x0000000079ffffff]
<6>[    0.000000][    T0]   node   0: [mem 0x000000007a000000-0x000000007b2affff]
<6>[    0.000000][    T0]   node   0: [mem 0x000000007b2b0000-0x000000007bdfffff]
<6>[    0.000000][    T0]   node   0: [mem 0x000000007be00000-0x000000007dffffff]
<6>[    0.000000][    T0]   node   0: [mem 0x000000007e000000-0x000000007fd5ffff]
<6>[    0.000000][    T0]   node   0: [mem 0x000000007fd60000-0x000000007ffdffff]
<6>[    0.000000][    T0]   node   0: [mem 0x000000007ffe0000-0x000000007ffeffff]
<6>[    0.000000][    T0]   node   0: [mem 0x000000007fff0000-0x00000000800fffff]
<6>[    0.000000][    T0]   node   0: [mem 0x0000000080100000-0x0000000089dfffff]
<6>[    0.000000][    T0]   node   0: [mem 0x0000000089e00000-0x000000008bf1ffff]
<6>[    0.000000][    T0]   node   0: [mem 0x000000008bf20000-0x000000008bffffff]
<6>[    0.000000][    T0]   node   0: [mem 0x000000008c000000-0x000000008db5ffff]
<6>[    0.000000][    T0]   node   0: [mem 0x000000008db60000-0x000000008dffffff]
<6>[    0.000000][    T0]   node   0: [mem 0x000000008e000000-0x000000008e13ffff]
<6>[    0.000000][    T0]   node   0: [mem 0x000000008e140000-0x000000008ed5ffff]
<6>[    0.000000][    T0]   node   0: [mem 0x000000008ed60000-0x000000008f89ffff]
<6>[    0.000000][    T0]   node   0: [mem 0x000000008f8a0000-0x000000008f8fffff]
<6>[    0.000000][    T0]   node   0: [mem 0x000000008f900000-0x000000008fffffff]
<6>[    0.000000][    T0]   node   0: [mem 0x0000000090000000-0x000000009fc5ffff]
<6>[    0.000000][    T0]   node   0: [mem 0x000000009fc60000-0x000000009ffeffff]
<6>[    0.000000][    T0]   node   0: [mem 0x000000009fff0000-0x00000000b7ffffff]
<6>[    0.000000][    T0]   node   0: [mem 0x00000000b8000000-0x00000000b8a1ffff]
<6>[    0.000000][    T0]   node   0: [mem 0x00000000b8a20000-0x00000000bebfffff]
<6>[    0.000000][    T0]   node   0: [mem 0x00000000bec00000-0x00000000bfcfffff]
<6>[    0.000000][    T0]   node   0: [mem 0x00000000bfd00000-0x00000000bfdeffff]
<6>[    0.000000][    T0]   node   0: [mem 0x00000000bfdf0000-0x00000000bfffffff]
<6>[    0.000000][    T0]   node   0: [mem 0x00000000c0000000-0x00000000cfffffff]
<6>[    0.000000][    T0]   node   0: [mem 0x00000000d0000000-0x00000000d26effff]
<6>[    0.000000][    T0]   node   0: [mem 0x00000000d26f0000-0x00000000d2ffffff]
<6>[    0.000000][    T0]   node   0: [mem 0x00000000d3000000-0x00000000d313ffff]
<6>[    0.000000][    T0]   node   0: [mem 0x00000000d3140000-0x00000000d3ffffff]
<6>[    0.000000][    T0]   node   0: [mem 0x00000000d4000000-0x00000000dacdffff]
<6>[    0.000000][    T0]   node   0: [mem 0x00000000dace0000-0x00000000daffffff]
<6>[    0.000000][    T0]   node   0: [mem 0x00000000db000000-0x00000000db0dffff]
<6>[    0.000000][    T0]   node   0: [mem 0x00000000db0e0000-0x00000000ed5fffff]
<6>[    0.000000][    T0]   node   0: [mem 0x00000000ed600000-0x00000000edffffff]
<6>[    0.000000][    T0]   node   0: [mem 0x00000000ee000000-0x00000000f3ffffff]
<6>[    0.000000][    T0]   node   0: [mem 0x00000000f4000000-0x00000000f4c9ffff]
<6>[    0.000000][    T0]   node   0: [mem 0x00000000f4ca0000-0x00000000f5ffffff]
<6>[    0.000000][    T0]   node   0: [mem 0x00000000f6000000-0x00000000f627ffff]
<6>[    0.000000][    T0]   node   0: [mem 0x00000000f6280000-0x00000000f6ffffff]
<6>[    0.000000][    T0]   node   0: [mem 0x00000000f7000000-0x00000000fd7fffff]
<6>[    0.000000][    T0]   node   0: [mem 0x00000000fd800000-0x00000000fd91ffff]
<6>[    0.000000][    T0]   node   0: [mem 0x00000000fd920000-0x00000000fd95ffff]
<6>[    0.000000][    T0]   node   0: [mem 0x00000000fd960000-0x00000001bffeffff]
<6>[    0.000000][    T0]   node   0: [mem 0x00000001bfff0000-0x00000001bfffffff]
<6>[    0.000000][    T0]   node   0: [mem 0x00000001c0000000-0x000000033cdfffff]
<6>[    0.000000][    T0]   node   0: [mem 0x000000033ce00000-0x000000033fdfffff]
<6>[    0.000000][    T0]   node   0: [mem 0x000000033fe00000-0x000000033ff5ffff]
<6>[    0.000000][    T0]   node   0: [mem 0x000000033ff60000-0x000000033ff6ffff]
<6>[    0.000000][    T0]   node   0: [mem 0x000000033ff70000-0x000000033ffeffff]
<6>[    0.000000][    T0]   node   0: [mem 0x000000033fff0000-0x000000033fffffff]
<6>[    0.000000][    T0] Initmem setup node 0 [mem 0x0000000040000000-0x000000033fffffff]
<6>[    0.000000][    T0] cma: Reserved 16 MiB at 0x0000000100000000 on node -1
<6>[    0.000000][    T0] psci: probing for conduit method from DT.
<6>[    0.000000][    T0] psci: PSCIv1.1 detected in firmware.
<6>[    0.000000][    T0] psci: Using standard PSCI v0.2 function IDs
<6>[    0.000000][    T0] psci: MIGRATE_INFO_TYPE not supported.
<6>[    0.000000][    T0] psci: SMC Calling Convention v1.4
<6>[    0.000000][    T0] Load bootconfig: 872 bytes 52 nodes
<6>[    0.000000][    T0] percpu: Embedded 31 pages/cpu s88232 r8192 d30552 u126976
<7>[    0.000000][    T0] pcpu-alloc: s88232 r8192 d30552 u126976 alloc=31*4096
<7>[    0.000000][    T0] pcpu-alloc: [0] 0 [0] 1 [0] 2 [0] 3 [0] 4 [0] 5 [0] 6 [0] 7 
<6>[    0.000000][    T0] Detected PIPT I-cache on CPU0
<4>[    0.000000][    T0] CPU features: SYS_ID_AA64MMFR1_EL1[11:8]: forced to 0
<4>[    0.000000][    T0] CPU features: SYS_ID_AA64PFR1_EL1[11:8]: forced to 0
<6>[    0.000000][    T0] CPU features: detected: Address authentication (architected QARMA3 algorithm)
<6>[    0.000000][    T0] CPU features: detected: GIC system register CPU interface
<6>[    0.000000][    T0] CPU features: detected: HCRX_EL2 register
<6>[    0.000000][    T0] CPU features: detected: Hardware dirty bit management
<6>[    0.000000][    T0] CPU features: detected: Spectre-v4
<6>[    0.000000][    T0] CPU features: detected: Spectre-BHB
<6>[    0.000000][    T0] CPU features: detected: SSBS not fully self-synchronizing
<6>[    0.000000][    T0] alternatives: applying boot alternatives
<5>[    0.000000][    T0] Kernel command line: console=ttynull stack_depot_disable=on cgroup_disable=pressure kasan.stacktrace=off kvm-arm.mode=protected bootconfig ioremap_guard  console=tty0 root=/dev/ram nosoftlockup 8250.nr_uarts=4 vmalloc=400M swiotlb=noforce firmware_class.path=/vendor/firmware,/odm/firmware cgroup.memory=nosocket,nokmem disable_dma32=on rcu_nocbs=all transparent_hugepage=never gpt=1 loop.max_part=7 ufshcd_core.poll_queues=0 arm64.nomte earlycon=uart8250,mmio32,0x11001000 console=ttyS0,921600n1 log_buf_len=4M PMIC_UVLO=0xffff usb2jtag_mode=0 root=/dev/ram bootopt=64S3,32N2,64N2 log_buf_len=2m mtk_printk_ctrl.disable_uart=0 panic_on_taint=20 sfi=0x00000000 ramoops.mem_address=0x6ec00000 ramoops.mem_size=0x310000 ramoops.pmsg_size=0x100000 ramoops.console_size=0x200000 tkv=13908312064 bootconfig
<6>[    0.000000][    T0] cgroup: Disabling pressure control group feature
<5>[    0.000000][    T0] Unknown kernel command line parameters "vmalloc=400M PMIC_UVLO=0xffff usb2jtag_mode=0 bootopt=64S3,32N2,64N2 sfi=0x00000000 tkv=13908312064", will be passed to user space.
<6>[    0.000000][    T0] printk: log buffer data + meta data: 2097152 + 7340032 = 9437184 bytes
<6>[    0.000000][    T0] printk: early log buf free: 116456(88%)
<6>[    0.000000][    T0] Dentry cache hash table entries: 2097152 (order: 12, 16777216 bytes, linear)
<6>[    0.000000][    T0] Inode-cache hash table entries: 1048576 (order: 11, 8388608 bytes, linear)
<6>[    0.000000][    T0] Built 1 zonelists, mobility grouping on.  Total pages: 3096576
<6>[    0.000000][    T0] mem auto-init: stack:all(zero), heap alloc:on, heap free:off
<6>[    0.000000][    T0] software IO TLB: SWIOTLB bounce buffer size adjusted to 12MB
<6>[    0.000000][    T0] Memory: 11510684K/12582912K available (16960K kernel code, 2074K rwdata, 12480K rodata, 4160K init, 583K bss, 892004K reserved, 180224K cma-reserved)
<6>[    0.000000][    T0] SLUB: HWalign=64, Order=0-3, MinObjects=0, CPUs=8, Nodes=1
<6>[    0.000000][    T0] trace event string verifier disabled
<6>[    0.000000][    T0] rcu: Preemptible hierarchical RCU implementation.
<6>[    0.000000][    T0] rcu: 	RCU event tracing is enabled.
<6>[    0.000000][    T0] rcu: 	RCU restricting CPUs from NR_CPUS=32 to nr_cpu_ids=8.
<6>[    0.000000][    T0] rcu: 	RCU priority boosting: priority 1 delay 500 ms.
<6>[    0.000000][    T0] 	Trampoline variant of Tasks RCU enabled.
<6>[    0.000000][    T0] 	Tracing variant of Tasks RCU enabled.
<6>[    0.000000][    T0] rcu: RCU calculated value of scheduler-enlistment delay is 25 jiffies.
<6>[    0.000000][    T0] rcu: Adjusting geometry for rcu_fanout_leaf=16, nr_cpu_ids=8
<6>[    0.000000][    T0] NR_IRQS: 64, nr_irqs: 64, preallocated irqs: 0
<6>[    0.000000][    T0] GIC: enabling workaround for GICv3: ARM64 erratum 2941627
<6>[    0.000000][    T0] GICv3: 960 SPIs implemented
<6>[    0.000000][    T0] GICv3: 224 Extended SPIs implemented
<6>[    0.000000][    T0] Root IRQ handler: gic_handle_irq
<6>[    0.000000][    T0] GICv3: GICv3 features: 16 PPIs
<6>[    0.000000][    T0] GICv3: CPU0: found redistributor 0 region 0:0x000000000c440000
<6>[    0.000000][    T0] GICv3: GIC: PPI partition interrupt-partition-0[0] { /cpus/cpu@0[0] /cpus/cpu@1[1] /cpus/cpu@2[2] /cpus/cpu@3[3] /cpus/cpu@100[4] /cpus/cpu@101[5] /cpus/cpu@102[6] /cpus/cpu@200[7] }
<6>[    0.000000][    T0] rcu: 	Offload RCU callbacks from CPUs: 0-7.
<6>[    0.000000][    T0] rcu: srcu_init: Setting srcu_struct sizes based on contention.
<6>[    0.000000][    T0] arch_timer: cp15 timer(s) running at 13.00MHz (virt).
<6>[    0.000000][    T0] clocksource: arch_sys_counter: mask: 0xffffffffffffff max_cycles: 0x2ff89eacb, max_idle_ns: 440795202429 ns
<6>[    0.000000][    T0] sched_clock: 56 bits at 13MHz, resolution 76ns, wraps every 4398046511101ns
<6>[    0.002204][    T0] kfence: initialized - using 524288 bytes for 63 objects at 0x(____ptrval____)-0x(____ptrval____)
<6>[    0.003750][    T0] serial port 0 not yet initialized
<6>[    0.004430][    T0] Calibrating delay loop (skipped), value calculated using timer frequency.. 26.00 BogoMIPS (lpj=52000)
<6>[    0.005890][    T0] pid_max: default: 32768 minimum: 301
<6>[    0.007733][    T0] LSM: initializing lsm=capability,selinux,bpf,integrity
<6>[    0.009371][    T0] SELinux:  Initializing.
<6>[    0.011826][    T0] LSM support for eBPF active
<6>[    0.012800][    T0] Mount-cache hash table entries: 32768 (order: 6, 262144 bytes, linear)
<6>[    0.013912][    T0] Mountpoint-cache hash table entries: 32768 (order: 6, 262144 bytes, linear)
<4>[    0.016540][    T1] cacheinfo: Unable to detect cache hierarchy for CPU 0
<6>[    0.017728][    T1] RCU Tasks: Setting shift to 3 and lim to 1 rcu_task_cb_adjust=1.
<6>[    0.018791][    T1] RCU Tasks Trace: Setting shift to 3 and lim to 1 rcu_task_cb_adjust=1.
<6>[    0.019970][    T1] rcu: Hierarchical SRCU implementation.
<6>[    0.020700][    T1] rcu: 	Max phase no-delay instances is 1000.
<6>[    0.021903][    T1] dyndbg: Ignore empty _ddebug table in a CONFIG_DYNAMIC_DEBUG_CORE build
<6>[    0.025077][    T1] EFI services will not be available.
<6>[    0.025970][    T1] smp: Bringing up secondary CPUs ...
<6>[    0.027043][    T0] Detected PIPT I-cache on CPU1
<6>[    0.027067][    T0] GICv3: CPU1: found redistributor 100 region 0:0x000000000c460000
<6>[    0.027086][    T0] CPU1: Booted secondary processor 0x0000000100 [0x410fd871]
<6>[    0.027539][    T0] Detected PIPT I-cache on CPU2
<6>[    0.027562][    T0] GICv3: CPU2: found redistributor 200 region 0:0x000000000c480000
<6>[    0.027579][    T0] CPU2: Booted secondary processor 0x0000000200 [0x410fd871]
<6>[    0.027988][    T0] Detected PIPT I-cache on CPU3
<6>[    0.028010][    T0] GICv3: CPU3: found redistributor 300 region 0:0x000000000c4a0000
<6>[    0.028026][    T0] CPU3: Booted secondary processor 0x0000000300 [0x410fd871]
<6>[    0.028618][    T0] Detected PIPT I-cache on CPU4
<6>[    0.028648][    T0] GICv3: CPU4: found redistributor 400 region 0:0x000000000c4c0000
<6>[    0.028667][    T0] CPU4: Booted secondary processor 0x0000000400 [0x410fd871]
<6>[    0.029150][    T0] Detected PIPT I-cache on CPU5
<6>[    0.029178][    T0] GICv3: CPU5: found redistributor 500 region 0:0x000000000c4e0000
<6>[    0.029196][    T0] CPU5: Booted secondary processor 0x0000000500 [0x410fd871]
<6>[    0.029677][    T0] Detected PIPT I-cache on CPU6
<6>[    0.029707][    T0] GICv3: CPU6: found redistributor 600 region 0:0x000000000c500000
<6>[    0.029725][    T0] CPU6: Booted secondary processor 0x0000000600 [0x410fd871]
<6>[    0.030239][    T0] Detected PIPT I-cache on CPU7
<6>[    0.030271][    T0] GICv3: CPU7: found redistributor 700 region 0:0x000000000c520000
<6>[    0.030290][    T0] CPU7: Booted secondary processor 0x0000000700 [0x410fd871]
<6>[    0.030352][    T1] smp: Brought up 1 node, 8 CPUs
<6>[    0.049295][    T1] SMP: Total of 8 processors activated.
<6>[    0.050024][    T1] CPU features: detected: Branch Target Identification
<6>[    0.050916][    T1] CPU features: detected: ARMv8.4 Translation Table Level
<6>[    0.051842][    T1] CPU features: detected: Data cache clean to the PoU not required for I/D coherence
<6>[    0.053079][    T1] CPU features: detected: Common not Private translations
<6>[    0.054008][    T1] CPU features: detected: CRC32 instructions
<6>[    0.054783][    T1] CPU features: detected: Data cache clean to Point of Deep Persistence
<6>[    0.055870][    T1] CPU features: detected: Data cache clean to Point of Persistence
<6>[    0.056899][    T1] CPU features: detected: Data independent timing control (DIT)
<6>[    0.057894][    T1] CPU features: detected: E0PD
<6>[    0.058518][    T1] CPU features: detected: Enhanced Counter Virtualization
<6>[    0.059449][    T1] CPU features: detected: Enhanced Counter Virtualization (CNTPOFF)
<6>[    0.060489][    T1] CPU features: detected: Enhanced Privileged Access Never
<6>[    0.061426][    T1] CPU features: detected: Enhanced Virtualization Traps
<6>[    0.062328][    T1] CPU features: detected: Fine Grained Traps
<6>[    0.063111][    T1] CPU features: detected: Generic authentication (architected QARMA3 algorithm)
<6>[    0.064290][    T1] CPU features: detected: RCpc load-acquire (LDAPR)
<6>[    0.065146][    T1] CPU features: detected: LSE atomic instructions
<6>[    0.065981][    T1] CPU features: detected: Privileged Access Never
<6>[    0.066813][    T1] CPU features: detected: RAS Extension Support
<6>[    0.067633][    T1] CPU features: detected: Speculation barrier (SB)
<6>[    0.068485][    T1] CPU features: detected: Stage-2 Force Write-Back
<6>[    0.069329][    T1] CPU features: detected: TLB range maintenance instructions
<6>[    0.070289][    T1] CPU features: detected: WFx with timeout
<6>[    0.071042][    T1] CPU features: detected: Speculative Store Bypassing Safe (SSBS)
<6>[    0.072062][    T1] CPU features: detected: Scalable Vector Extension
<6>[    0.072937][   T63] CPU features: detected CPU6: Activity Monitors Unit (AMU)
<6>[    0.072938][   T70] CPU features: detected CPU7: Activity Monitors Unit (AMU)
<6>[    0.072938][   T48] CPU features: detected CPU4: Activity Monitors Unit (AMU)
<6>[    0.072938][   T56] CPU features: detected CPU5: Activity Monitors Unit (AMU)
<6>[    0.072938][   T22] CPU features: detected CPU0: Activity Monitors Unit (AMU)
<6>[    0.072938][   T34] CPU features: detected CPU2: Activity Monitors Unit (AMU)
<6>[    0.072938][   T27] CPU features: detected CPU1: Activity Monitors Unit (AMU)
<6>[    0.072938][   T41] CPU features: detected CPU3: Activity Monitors Unit (AMU)
<6>[    0.080580][    T1] SVE: maximum available vector length 16 bytes per vector
<6>[    0.081520][    T1] SVE: default vector length 16 bytes per vector
<6>[    0.082345][    T1] CPU: All CPU(s) started at EL1
<6>[    0.082990][    T1] alternatives: applying system-wide alternatives
<6>[    0.103691][    T1] clocksource: jiffies: mask: 0xffffffff max_cycles: 0xffffffff, max_idle_ns: 7645041785100000 ns
<6>[    0.105097][    T1] futex hash table entries: 2048 (order: 5, 131072 bytes, linear)
<6>[    0.107728][    T1] pinctrl core: initialized pinctrl subsystem
<6>[    0.109248][    T1] NET: Registered PF_NETLINK/PF_ROUTE protocol family
<6>[    0.110922][    T1] DMA: preallocated 2048 KiB GFP_KERNEL pool for atomic allocations
<6>[    0.112334][    T1] audit: initializing netlink subsys (disabled)
<5>[    0.113251][   T76] audit: type=2000 audit(0.100:1): state=initialized audit_enabled=0 res=1
<6>[    0.113268][    T1] ramoops: using module parameters
<6>[    0.117461][    T1] pstore: Using crash dump compression: deflate
<6>[    0.118278][    T1] printk: console [ramoops-1] enabled
<6>[    0.119493][    T1] pstore: Registered ramoops as persistent store backend
<6>[    0.120409][    T1] ramoops: using 0x310000@0x6ec00000, ecc: 0
<6>[    0.121339][    T1] thermal_sys: Registered thermal governor 'bang_bang'
<6>[    0.121342][    T1] thermal_sys: Registered thermal governor 'step_wise'
<6>[    0.122236][    T1] thermal_sys: Registered thermal governor 'user_space'
<6>[    0.123136][    T1] thermal_sys: Registered thermal governor 'power_allocator'
<6>[    0.124076][    T1] cpuidle: using governor menu
<6>[    0.125962][    T1] hw-breakpoint: found 6 breakpoint and 4 watchpoint registers.
<6>[    0.127071][    T1] ASID allocator initialised with 65536 entries
<6>[    0.128111][    T1] Serial: AMBA PL011 UART driver
<3>[    0.153471][    T1] OF: /soc/ccu_rproc@1b080000: could not find phandle 263105
<3>[    0.154518][    T1] OF: /soc/ccu_rproc1@1b180000: could not find phandle 263107
<3>[    0.157490][    T1] OF: /soc/disp-oddmr0@14015000: could not find phandle 263173
<3>[    0.158549][    T1] OF: /soc/disp-postmask0@14017000: could not find phandle 263168
<3>[    0.159905][    T1] OF: /soc/disp1-wdma0@1420e000: could not find phandle 263205
<3>[    0.161126][    T1] OF: /soc/disp-ovl0-2l@14402000: could not find phandle 262145
<3>[    0.162184][    T1] OF: /soc/disp-ovl1-2l@14403000: could not find phandle 262785
<3>[    0.163241][    T1] OF: /soc/disp-ovl2-2l@14404000: could not find phandle 262147
<3>[    0.164293][    T1] OF: /soc/disp-ovl3-2l@14405000: could not find phandle 262787
<3>[    0.165368][    T1] OF: /soc/disp-ufbc-wdma0@14409000: could not find phandle 262820
<3>[    0.166452][    T1] OF: /soc/disp-wdma2@1440a000: could not find phandle 262178
<3>[    0.168214][    T1] OF: /soc/imgsys-fw@15000000: could not find phandle 196636
<3>[    0.169229][    T1] OF: /soc/dvs@1a770000: could not find phandle 262756
<3>[    0.170184][    T1] OF: /soc/dvp@1a770800: could not find phandle 262756
<3>[    0.171134][    T1] OF: /soc/dvgf@1a770c00: could not find phandle 262756
<3>[    0.172390][    T1] OF: /soc/jpgenc@17030000: could not find phandle 262375
<3>[    0.173382][    T1] OF: /soc/jpgdec0@17040000: could not find phandle 262385
<3>[    0.174388][    T1] OF: /soc/jpgenc@17830000: could not find phandle 262407
<3>[    0.175370][    T1] OF: /soc/jpgdec1@17840000: could not find phandle 262417
<3>[    0.176818][    T1] OF: /soc/camsv1@1a500000: could not find phandle 262592
<3>[    0.177807][    T1] OF: /soc/camsv2@1a510000: could not find phandle 262560
<3>[    0.178800][    T1] OF: /soc/camsv3@1a520000: could not find phandle 263072
<3>[    0.179790][    T1] OF: /soc/camsv4@1a530000: could not find phandle 263073
<3>[    0.180787][    T1] OF: /soc/camsv5@1a540000: could not find phandle 263074
<3>[    0.181788][    T1] OF: /soc/mraw1@1a700000: could not find phandle 262944
<3>[    0.182778][    T1] OF: /soc/mraw2@1a710000: could not find phandle 262976
<3>[    0.183767][    T1] OF: /soc/mraw3@1a720000: could not find phandle 262946
<3>[    0.184762][    T1] OF: /soc/pda@1a750000: could not find phandle 262948
<3>[    0.185815][    T1] OF: /soc/cam-raw-a@1a800000: could not find phandle 262656
<3>[    0.186836][    T1] OF: /soc/cam-yuv-a@1a880000: could not find phandle 262688
<3>[    0.187852][    T1] OF: /soc/cam-raw-b@1a900000: could not find phandle 263296
<3>[    0.188882][    T1] OF: /soc/cam-yuv-b@1a980000: could not find phandle 263232
<3>[    0.189908][    T1] OF: /soc/cam-raw-c@1aa00000: could not find phandle 263328
<3>[    0.190941][    T1] OF: /soc/cam-yuv-c@1aa80000: could not find phandle 263264
<3>[    0.192095][    T1] OF: /soc/mml0-rdma0@1f003000: could not find phandle 262208
<3>[    0.193172][    T1] OF: /soc/mml0-wrot0@1f00f000: could not find phandle 262209
<3>[    0.194202][    T1] OF: /soc/mml0-rdma2@1f011000: could not find phandle 262212
<3>[    0.195298][    T1] OF: /soc/mml1-rdma0@1f803000: could not find phandle 262240
<3>[    0.196359][    T1] OF: /soc/mml1-wrot0@1f80f000: could not find phandle 262241
<3>[    0.197388][    T1] OF: /soc/mml1-rdma2@1f811000: could not find phandle 262244
<3>[    0.198416][    T1] OF: /soc/mml1-wrot2@1f815000: could not find phandle 262245
<3>[    0.199711][    T1] OF: /soc/spi1@11011800/fingerprint@0: could not get #gpio-cells for /cpus/idle-states/mcusysoff-l
<3>[    0.201149][    T1] OF: /soc/spi1@11011800/fingerprint@0: could not get #gpio-cells for /smi-img-vcore-sub-comm1@15782000
<6>[    0.207182][    T1] /soc/gce@1e980000: Fixed dependency cycle(s) with /soc/gce@1e980000
<6>[    0.208279][    T1] /soc/gce@1e990000: Fixed dependency cycle(s) with /soc/gce@1e990000
<6>[    0.210009][    T1] /soc/dsi0@1420a000: Fixed dependency cycle(s) with /soc/dsi0@1420a000/panel1@0
<6>[    0.211230][    T1] /soc/dsi0@1420a000/panel1@0: Fixed dependency cycle(s) with /soc/dsi0@1420a000
<6>[    0.216264][    T1] /soc/seninf-top@1a300000/seninf-csi-port-0: Fixed dependency cycle(s) with /soc/i2c@11cb1000/sensor3@10
<6>[    0.217772][    T1] /soc/seninf-top@1a300000/seninf-csi-port-1: Fixed dependency cycle(s) with /soc/i2c@11d10000/sensor2@10
<6>[    0.219280][    T1] /soc/seninf-top@1a300000/seninf-csi-port-3: Fixed dependency cycle(s) with /soc/i2c@11b70000/sensor1@10
<6>[    0.220783][    T1] /soc/seninf-top@1a300000/seninf-csi-port-4: Fixed dependency cycle(s) with /soc/i2c@11cb0000/sensor0@36
<6>[    0.227839][    T1] /soc/i2c@11b70000/sensor1@10: Fixed dependency cycle(s) with /soc/seninf-top@1a300000/seninf-csi-port-3
<6>[    0.229386][    T1] /soc/i2c@11cb0000/camera-af-main@c: Fixed dependency cycle(s) with /mtk-composite-v4l2-2
<6>[    0.230724][    T1] /soc/i2c@11cb0000/sensor0@36: Fixed dependency cycle(s) with /soc/seninf-top@1a300000/seninf-csi-port-4
<6>[    0.232261][    T1] /soc/i2c@11f01000/mt6375@34/tcpc: Fixed dependency cycle(s) with /soc/typec-mux-switch
<6>[    0.233566][    T1] /soc/i2c@11f01000/mt6375@34/auxadc: Fixed dependency cycle(s) with /soc/i2c@11f01000/mt6375@34/auxadc
<6>[    0.235072][    T1] /soc/i2c@11e00000/flashlights_tran@63/flashlights_tran@0: Fixed dependency cycle(s) with /mtk-composite-v4l2-1
<6>[    0.236667][    T1] /soc/i2c@11cb1000/camera-af-main-four@d: Fixed dependency cycle(s) with /mtk-composite-v4l2-2
<6>[    0.238044][    T1] /soc/i2c@11cb1000/sensor3@10: Fixed dependency cycle(s) with /soc/seninf-top@1a300000/seninf-csi-port-0
<6>[    0.239564][    T1] /soc/i2c@11d10000/camera-af-main-two@b: Fixed dependency cycle(s) with /mtk-composite-v4l2-2
<6>[    0.240951][    T1] /soc/i2c@11d10000/sensor2@10: Fixed dependency cycle(s) with /soc/seninf-top@1a300000/seninf-csi-port-1
<6>[    0.242505][    T1] /soc/typec-mux-switch: Fixed dependency cycle(s) with /soc/i2c@11f01000/mt6375@34/tcpc
<6>[    0.243877][    T1] /soc/funnel@d041000: Fixed dependency cycle(s) with /soc/etf@d044000
<6>[    0.244970][    T1] /soc/funnel@d041000: Fixed dependency cycle(s) with /soc/gpu-etm
<6>[    0.246012][    T1] /soc/funnel@d041000: Fixed dependency cycle(s) with /soc/funnel0
<6>[    0.247048][    T1] /soc/funnel@d041000: Fixed dependency cycle(s) with /soc/btm1
<6>[    0.248049][    T1] /soc/funnel@d041000: Fixed dependency cycle(s) with /soc/btm0
<6>[    0.249052][    T1] /soc/funnel@d041000: Fixed dependency cycle(s) with /soc/btts
<6>[    0.250060][    T1] /soc/etf@d044000: Fixed dependency cycle(s) with /soc/etr@d07d000
<6>[    0.251120][    T1] /soc/etf@d044000: Fixed dependency cycle(s) with /soc/funnel@d041000
<6>[    0.252217][    T1] /soc/etr@d07d000: Fixed dependency cycle(s) with /soc/etf@d044000
<6>[    0.253280][    T1] /soc/btts: Fixed dependency cycle(s) with /soc/funnel@d041000
<6>[    0.254296][    T1] /soc/btm0: Fixed dependency cycle(s) with /soc/funnel@d041000
<6>[    0.255310][    T1] /soc/btm1: Fixed dependency cycle(s) with /soc/funnel@d041000
<6>[    0.256321][    T1] /soc/gpu-etm: Fixed dependency cycle(s) with /soc/funnel@d041000
<6>[    0.257368][    T1] /soc/ete0: Fixed dependency cycle(s) with /soc/funnel0
<6>[    0.258297][    T1] /soc/ete1: Fixed dependency cycle(s) with /soc/funnel0
<6>[    0.259226][    T1] /soc/ete2: Fixed dependency cycle(s) with /soc/funnel0
<6>[    0.260156][    T1] /soc/ete3: Fixed dependency cycle(s) with /soc/funnel0
<6>[    0.261090][    T1] /soc/ete4: Fixed dependency cycle(s) with /soc/funnel0
<6>[    0.262026][    T1] /soc/ete5: Fixed dependency cycle(s) with /soc/funnel0
<6>[    0.262960][    T1] /soc/ete6: Fixed dependency cycle(s) with /soc/funnel0
<6>[    0.263894][    T1] /soc/ete7: Fixed dependency cycle(s) with /soc/funnel0
<6>[    0.264824][    T1] /soc/funnel0: Fixed dependency cycle(s) with /soc/funnel@d041000
<6>[    0.265859][    T1] /soc/funnel0: Fixed dependency cycle(s) with /soc/ete7
<6>[    0.266781][    T1] /soc/funnel0: Fixed dependency cycle(s) with /soc/ete6
<6>[    0.267700][    T1] /soc/funnel0: Fixed dependency cycle(s) with /soc/ete5
<6>[    0.268620][    T1] /soc/funnel0: Fixed dependency cycle(s) with /soc/ete4
<6>[    0.269539][    T1] /soc/funnel0: Fixed dependency cycle(s) with /soc/ete3
<6>[    0.270462][    T1] /soc/funnel0: Fixed dependency cycle(s) with /soc/ete2
<6>[    0.271389][    T1] /soc/funnel0: Fixed dependency cycle(s) with /soc/ete1
<6>[    0.272312][    T1] /soc/funnel0: Fixed dependency cycle(s) with /soc/ete0
<6>[    0.278513][    T1] /soc/gce@1e980000: Fixed dependency cycle(s) with /soc/gce@1e980000
<6>[    0.279727][    T1] /soc/gce@1e990000: Fixed dependency cycle(s) with /soc/gce@1e990000
<6>[    0.286845][    T1] /soc/dsi0@1420a000: Fixed dependency cycle(s) with /soc/dsi0@1420a000/panel1@0
<6>[    0.288095][    T1] /soc/dsi0@1420a000/panel1@0: Fixed dependency cycle(s) with /soc/dsi0@1420a000
<4>[    0.296372][    T1] sysfs: cannot create duplicate filename '/bus/platform/devices/15001000.smi-larb9'
<4>[    0.297628][    T1] CPU: 2 PID: 1 Comm: swapper/0 Not tainted 6.6.118-android15-8-gf9c84f40b6ba-ab14657223-4k #1 25a527f1cb0b19a5e937990136432f15ffb42a72
<4>[    0.299475][    T1] Hardware name: MT6899 (DT)
<4>[    0.300073][    T1] Call trace:
<4>[    0.300497][    T1]  dump_backtrace+0xe8/0x108
<4>[    0.301103][    T1]  show_stack+0x18/0x28
<4>[    0.301645][    T1]  dump_stack_lvl+0x50/0x6c
<4>[    0.302236][    T1]  dump_stack+0x18/0x24
<4>[    0.302777][    T1]  sysfs_warn_dup+0x68/0x88
<4>[    0.303370][    T1]  sysfs_do_create_link_sd+0x94/0xdc
<4>[    0.304062][    T1]  sysfs_create_link+0x30/0x48
<4>[    0.304684][    T1]  bus_add_device+0xbc/0x154
<4>[    0.305290][    T1]  device_add+0x200/0x48c
<4>[    0.305854][    T1]  of_platform_device_create_pdata+0xb8/0x13c
<4>[    0.306648][    T1]  of_platform_bus_create+0x1e8/0x388
<4>[    0.307347][    T1]  of_platform_bus_create+0x234/0x388
<4>[    0.308046][    T1]  of_platform_populate+0x74/0xe0
<4>[    0.308700][    T1]  of_platform_default_populate_init+0xc4/0xdc
<4>[    0.309505][    T1]  do_one_initcall+0xdc/0x360
<4>[    0.310111][    T1]  do_initcall_level+0xc8/0x19c
<4>[    0.310747][    T1]  do_initcalls+0x70/0xc0
<4>[    0.311312][    T1]  do_basic_setup+0x1c/0x28
<4>[    0.311902][    T1]  kernel_init_freeable+0xd0/0x138
<4>[    0.312574][    T1]  kernel_init+0x20/0x1a8
<4>[    0.313140][    T1]  ret_from_fork+0x10/0x20
<4>[    0.313877][    T1] sysfs: cannot create duplicate filename '/bus/platform/devices/15006000.smi-larb18'
<4>[    0.315141][    T1] CPU: 2 PID: 1 Comm: swapper/0 Not tainted 6.6.118-android15-8-gf9c84f40b6ba-ab14657223-4k #1 25a527f1cb0b19a5e937990136432f15ffb42a72
<4>[    0.316975][    T1] Hardware name: MT6899 (DT)
<4>[    0.317571][    T1] Call trace:
<4>[    0.317991][    T1]  dump_backtrace+0xe8/0x108
<4>[    0.318589][    T1]  show_stack+0x18/0x28
<4>[    0.319125][    T1]  dump_stack_lvl+0x50/0x6c
<4>[    0.319708][    T1]  dump_stack+0x18/0x24
<4>[    0.320245][    T1]  sysfs_warn_dup+0x68/0x88
<4>[    0.320833][    T1]  sysfs_do_create_link_sd+0x94/0xdc
<4>[    0.321527][    T1]  sysfs_create_link+0x30/0x48
<4>[    0.322147][    T1]  bus_add_device+0xbc/0x154
<4>[    0.322748][    T1]  device_add+0x200/0x48c
<4>[    0.323312][    T1]  of_platform_device_create_pdata+0xb8/0x13c
<4>[    0.324111][    T1]  of_platform_bus_create+0x1e8/0x388
<4>[    0.324813][    T1]  of_platform_bus_create+0x234/0x388
<4>[    0.325518][    T1]  of_platform_populate+0x74/0xe0
<4>[    0.326172][    T1]  of_platform_default_populate_init+0xc4/0xdc
<4>[    0.326976][    T1]  do_one_initcall+0xdc/0x360
<4>[    0.327584][    T1]  do_initcall_level+0xc8/0x19c
<4>[    0.328217][    T1]  do_initcalls+0x70/0xc0
<4>[    0.328780][    T1]  do_basic_setup+0x1c/0x28
<4>[    0.329365][    T1]  kernel_init_freeable+0xd0/0x138
<4>[    0.330033][    T1]  kernel_init+0x20/0x1a8
<4>[    0.330597][    T1]  ret_from_fork+0x10/0x20
<4>[    0.331867][    T1] sysfs: cannot create duplicate filename '/bus/platform/devices/15140000.smi-larb15'
<4>[    0.333134][    T1] CPU: 2 PID: 1 Comm: swapper/0 Not tainted 6.6.118-android15-8-gf9c84f40b6ba-ab14657223-4k #1 25a527f1cb0b19a5e937990136432f15ffb42a72
<4>[    0.334979][    T1] Hardware name: MT6899 (DT)
<4>[    0.335577][    T1] Call trace:
<4>[    0.335998][    T1]  dump_backtrace+0xe8/0x108
<4>[    0.336594][    T1]  show_stack+0x18/0x28
<4>[    0.337131][    T1]  dump_stack_lvl+0x50/0x6c
<4>[    0.337716][    T1]  dump_stack+0x18/0x24
<4>[    0.338253][    T1]  sysfs_warn_dup+0x68/0x88
<4>[    0.338840][    T1]  sysfs_do_create_link_sd+0x94/0xdc
<4>[    0.339528][    T1]  sysfs_create_link+0x30/0x48
<4>[    0.340146][    T1]  bus_add_device+0xbc/0x154
<4>[    0.340745][    T1]  device_add+0x200/0x48c
<4>[    0.341312][    T1]  of_platform_device_create_pdata+0xb8/0x13c
<4>[    0.342108][    T1]  of_platform_bus_create+0x1e8/0x388
<4>[    0.342812][    T1]  of_platform_bus_create+0x234/0x388
<4>[    0.343516][    T1]  of_platform_populate+0x74/0xe0
<4>[    0.344174][    T1]  of_platform_default_populate_init+0xc4/0xdc
<4>[    0.344984][    T1]  do_one_initcall+0xdc/0x360
<4>[    0.345594][    T1]  do_initcall_level+0xc8/0x19c
<4>[    0.346227][    T1]  do_initcalls+0x70/0xc0
<4>[    0.346789][    T1]  do_basic_setup+0x1c/0x28
<4>[    0.347376][    T1]  kernel_init_freeable+0xd0/0x138
<4>[    0.348044][    T1]  kernel_init+0x20/0x1a8
<4>[    0.348604][    T1]  ret_from_fork+0x10/0x20
<4>[    0.349326][    T1] sysfs: cannot create duplicate filename '/bus/platform/devices/15190000.smi-larb38'
<4>[    0.350584][    T1] CPU: 2 PID: 1 Comm: swapper/0 Not tainted 6.6.118-android15-8-gf9c84f40b6ba-ab14657223-4k #1 25a527f1cb0b19a5e937990136432f15ffb42a72
<4>[    0.352430][    T1] Hardware name: MT6899 (DT)
<4>[    0.353027][    T1] Call trace:
<4>[    0.353451][    T1]  dump_backtrace+0xe8/0x108
<4>[    0.354050][    T1]  show_stack+0x18/0x28
<4>[    0.354590][    T1]  dump_stack_lvl+0x50/0x6c
<4>[    0.355178][    T1]  dump_stack+0x18/0x24
<4>[    0.355718][    T1]  sysfs_warn_dup+0x68/0x88
<4>[    0.356304][    T1]  sysfs_do_create_link_sd+0x94/0xdc
<4>[    0.356991][    T1]  sysfs_create_link+0x30/0x48
<4>[    0.357610][    T1]  bus_add_device+0xbc/0x154
<4>[    0.358206][    T1]  device_add+0x200/0x48c
<4>[    0.358768][    T1]  of_platform_device_create_pdata+0xb8/0x13c
<4>[    0.359560][    T1]  of_platform_bus_create+0x1e8/0x388
<4>[    0.360260][    T1]  of_platform_bus_create+0x234/0x388
<4>[    0.360962][    T1]  of_platform_populate+0x74/0xe0
<4>[    0.361620][    T1]  of_platform_default_populate_init+0xc4/0xdc
<4>[    0.362429][    T1]  do_one_initcall+0xdc/0x360
<4>[    0.363038][    T1]  do_initcall_level+0xc8/0x19c
<4>[    0.363674][    T1]  do_initcalls+0x70/0xc0
<4>[    0.364239][    T1]  do_basic_setup+0x1c/0x28
<4>[    0.364827][    T1]  kernel_init_freeable+0xd0/0x138
<4>[    0.365499][    T1]  kernel_init+0x20/0x1a8
<4>[    0.366063][    T1]  ret_from_fork+0x10/0x20
<4>[    0.366952][    T1] sysfs: cannot create duplicate filename '/bus/platform/devices/15320000.smi-larb12'
<4>[    0.368209][    T1] CPU: 2 PID: 1 Comm: swapper/0 Not tainted 6.6.118-android15-8-gf9c84f40b6ba-ab14657223-4k #1 25a527f1cb0b19a5e937990136432f15ffb42a72
<4>[    0.370040][    T1] Hardware name: MT6899 (DT)
<4>[    0.370637][    T1] Call trace:
<4>[    0.371059][    T1]  dump_backtrace+0xe8/0x108
<4>[    0.371658][    T1]  show_stack+0x18/0x28
<4>[    0.372198][    T1]  dump_stack_lvl+0x50/0x6c
<4>[    0.372786][    T1]  dump_stack+0x18/0x24
<4>[    0.373328][    T1]  sysfs_warn_dup+0x68/0x88
<4>[    0.373918][    T1]  sysfs_do_create_link_sd+0x94/0xdc
<4>[    0.374610][    T1]  sysfs_create_link+0x30/0x48
<4>[    0.375229][    T1]  bus_add_device+0xbc/0x154
<4>[    0.375830][    T1]  device_add+0x200/0x48c
<4>[    0.376391][    T1]  of_platform_device_create_pdata+0xb8/0x13c
<4>[    0.377183][    T1]  of_platform_bus_create+0x1e8/0x388
<4>[    0.377883][    T1]  of_platform_bus_create+0x234/0x388
<4>[    0.378582][    T1]  of_platform_populate+0x74/0xe0
<4>[    0.379235][    T1]  of_platform_default_populate_init+0xc4/0xdc
<4>[    0.380039][    T1]  do_one_initcall+0xdc/0x360
<4>[    0.380647][    T1]  do_initcall_level+0xc8/0x19c
<4>[    0.381281][    T1]  do_initcalls+0x70/0xc0
<4>[    0.381847][    T1]  do_basic_setup+0x1c/0x28
<4>[    0.382437][    T1]  kernel_init_freeable+0xd0/0x138
<4>[    0.383107][    T1]  kernel_init+0x20/0x1a8
<4>[    0.383673][    T1]  ret_from_fork+0x10/0x20
<4>[    0.384827][    T1] sysfs: cannot create duplicate filename '/bus/platform/devices/15720000.smi-larb28'
<4>[    0.386091][    T1] CPU: 2 PID: 1 Comm: swapper/0 Not tainted 6.6.118-android15-8-gf9c84f40b6ba-ab14657223-4k #1 25a527f1cb0b19a5e937990136432f15ffb42a72
<4>[    0.387926][    T1] Hardware name: MT6899 (DT)
<4>[    0.388519][    T1] Call trace:
<4>[    0.388939][    T1]  dump_backtrace+0xe8/0x108
<4>[    0.389535][    T1]  show_stack+0x18/0x28
<4>[    0.390073][    T1]  dump_stack_lvl+0x50/0x6c
<4>[    0.390659][    T1]  dump_stack+0x18/0x24
<4>[    0.391197][    T1]  sysfs_warn_dup+0x68/0x88
<4>[    0.391787][    T1]  sysfs_do_create_link_sd+0x94/0xdc
<4>[    0.392479][    T1]  sysfs_create_link+0x30/0x48
<4>[    0.393100][    T1]  bus_add_device+0xbc/0x154
<4>[    0.393702][    T1]  device_add+0x200/0x48c
<4>[    0.394266][    T1]  of_platform_device_create_pdata+0xb8/0x13c
<4>[    0.395064][    T1]  of_platform_bus_create+0x1e8/0x388
<4>[    0.395769][    T1]  of_platform_bus_create+0x234/0x388
<4>[    0.396470][    T1]  of_platform_populate+0x74/0xe0
<4>[    0.397122][    T1]  of_platform_default_populate_init+0xc4/0xdc
<4>[    0.397927][    T1]  do_one_initcall+0xdc/0x360
<4>[    0.398533][    T1]  do_initcall_level+0xc8/0x19c
<4>[    0.399166][    T1]  do_initcalls+0x70/0xc0
<4>[    0.399728][    T1]  do_basic_setup+0x1c/0x28
<4>[    0.400313][    T1]  kernel_init_freeable+0xd0/0x138
<4>[    0.400980][    T1]  kernel_init+0x20/0x1a8
<4>[    0.401544][    T1]  ret_from_fork+0x10/0x20
<6>[    0.406145][    T1] /soc/seninf-top@1a300000/seninf-csi-port-0: Fixed dependency cycle(s) with /soc/i2c@11cb1000/sensor3@10
<6>[    0.407660][    T1] /soc/seninf-top@1a300000/seninf-csi-port-1: Fixed dependency cycle(s) with /soc/i2c@11d10000/sensor2@10
<6>[    0.409165][    T1] /soc/seninf-top@1a300000/seninf-csi-port-3: Fixed dependency cycle(s) with /soc/i2c@11b70000/sensor1@10
<6>[    0.410676][    T1] /soc/seninf-top@1a300000/seninf-csi-port-4: Fixed dependency cycle(s) with /soc/i2c@11cb0000/sensor0@36
<6>[    0.425860][    T1] /soc/i2c@11b70000/sensor1@10: Fixed dependency cycle(s) with /soc/seninf-top@1a300000/seninf-csi-port-3
<6>[    0.427574][    T1] /soc/i2c@11cb0000/camera-af-main@c: Fixed dependency cycle(s) with /mtk-composite-v4l2-2
<6>[    0.428921][    T1] /soc/i2c@11cb0000/sensor0@36: Fixed dependency cycle(s) with /soc/seninf-top@1a300000/seninf-csi-port-4
<6>[    0.430577][    T1] /soc/i2c@11f01000/mt6375@34/tcpc: Fixed dependency cycle(s) with /soc/typec-mux-switch
<6>[    0.431886][    T1] /soc/i2c@11f01000/mt6375@34/auxadc: Fixed dependency cycle(s) with /soc/i2c@11f01000/mt6375@34/auxadc
<6>[    0.433463][    T1] /soc/i2c@11e00000/flashlights_tran@63/flashlights_tran@0: Fixed dependency cycle(s) with /mtk-composite-v4l2-1
<6>[    0.435200][    T1] /soc/i2c@11cb1000/camera-af-main-four@d: Fixed dependency cycle(s) with /mtk-composite-v4l2-2
<6>[    0.436602][    T1] /soc/i2c@11cb1000/sensor3@10: Fixed dependency cycle(s) with /soc/seninf-top@1a300000/seninf-csi-port-0
<6>[    0.438219][    T1] /soc/i2c@11d10000/camera-af-main-two@b: Fixed dependency cycle(s) with /mtk-composite-v4l2-2
<6>[    0.439619][    T1] /soc/i2c@11d10000/sensor2@10: Fixed dependency cycle(s) with /soc/seninf-top@1a300000/seninf-csi-port-1
<6>[    0.441921][    T1] /soc/i2c@11f01000/mt6375@34/tcpc: Fixed dependency cycle(s) with /soc/typec-mux-switch
<6>[    0.443238][    T1] /soc/typec-mux-switch: Fixed dependency cycle(s) with /soc/i2c@11f01000/mt6375@34/tcpc
<6>[    0.447023][    T1] /soc/funnel@d041000: Fixed dependency cycle(s) with /soc/etf@d044000
<6>[    0.448116][    T1] /soc/funnel@d041000: Fixed dependency cycle(s) with /soc/gpu-etm
<6>[    0.449171][    T1] /soc/funnel@d041000: Fixed dependency cycle(s) with /soc/funnel0
<6>[    0.450213][    T1] /soc/funnel@d041000: Fixed dependency cycle(s) with /soc/btm1
<6>[    0.451220][    T1] /soc/funnel@d041000: Fixed dependency cycle(s) with /soc/btm0
<6>[    0.452221][    T1] /soc/funnel@d041000: Fixed dependency cycle(s) with /soc/btts
<6>[    0.453289][    T1] /soc/funnel@d041000: Fixed dependency cycle(s) with /soc/etf@d044000
<6>[    0.454397][    T1] /soc/etf@d044000: Fixed dependency cycle(s) with /soc/etr@d07d000
<6>[    0.455452][    T1] /soc/etf@d044000: Fixed dependency cycle(s) with /soc/funnel@d041000
<6>[    0.456601][    T1] /soc/etf@d044000: Fixed dependency cycle(s) with /soc/etr@d07d000
<6>[    0.457684][    T1] /soc/etr@d07d000: Fixed dependency cycle(s) with /soc/etf@d044000
<6>[    0.458790][    T1] /soc/funnel@d041000: Fixed dependency cycle(s) with /soc/btts
<6>[    0.459825][    T1] /soc/btts: Fixed dependency cycle(s) with /soc/funnel@d041000
<6>[    0.460876][    T1] /soc/funnel@d041000: Fixed dependency cycle(s) with /soc/btm0
<6>[    0.461911][    T1] /soc/btm0: Fixed dependency cycle(s) with /soc/funnel@d041000
<6>[    0.462955][    T1] /soc/funnel@d041000: Fixed dependency cycle(s) with /soc/btm1
<6>[    0.463984][    T1] /soc/btm1: Fixed dependency cycle(s) with /soc/funnel@d041000
<6>[    0.465026][    T1] /soc/funnel@d041000: Fixed dependency cycle(s) with /soc/gpu-etm
<6>[    0.466102][    T1] /soc/gpu-etm: Fixed dependency cycle(s) with /soc/funnel@d041000
<6>[    0.467192][    T1] /soc/ete0: Fixed dependency cycle(s) with /soc/funnel0
<6>[    0.468155][    T1] /soc/ete1: Fixed dependency cycle(s) with /soc/funnel0
<6>[    0.469116][    T1] /soc/ete2: Fixed dependency cycle(s) with /soc/funnel0
<6>[    0.470084][    T1] /soc/ete3: Fixed dependency cycle(s) with /soc/funnel0
<6>[    0.471053][    T1] /soc/ete4: Fixed dependency cycle(s) with /soc/funnel0
<6>[    0.472009][    T1] /soc/ete5: Fixed dependency cycle(s) with /soc/funnel0
<6>[    0.472969][    T1] /soc/ete6: Fixed dependency cycle(s) with /soc/funnel0
<6>[    0.473925][    T1] /soc/ete7: Fixed dependency cycle(s) with /soc/funnel0
<6>[    0.474883][    T1] /soc/ete7: Fixed dependency cycle(s) with /soc/funnel0
<6>[    0.475829][    T1] /soc/ete6: Fixed dependency cycle(s) with /soc/funnel0
<6>[    0.476771][    T1] /soc/ete5: Fixed dependency cycle(s) with /soc/funnel0
<6>[    0.477725][    T1] /soc/ete4: Fixed dependency cycle(s) with /soc/funnel0
<6>[    0.478669][    T1] /soc/ete3: Fixed dependency cycle(s) with /soc/funnel0
<6>[    0.479623][    T1] /soc/ete2: Fixed dependency cycle(s) with /soc/funnel0
<6>[    0.480569][    T1] /soc/ete1: Fixed dependency cycle(s) with /soc/funnel0
<6>[    0.481521][    T1] /soc/ete0: Fixed dependency cycle(s) with /soc/funnel0
<6>[    0.482459][    T1] /soc/funnel@d041000: Fixed dependency cycle(s) with /soc/funnel0
<6>[    0.483513][    T1] /soc/funnel0: Fixed dependency cycle(s) with /soc/funnel@d041000
<6>[    0.484564][    T1] /soc/funnel0: Fixed dependency cycle(s) with /soc/ete7
<6>[    0.485499][    T1] /soc/funnel0: Fixed dependency cycle(s) with /soc/ete6
<6>[    0.486430][    T1] /soc/funnel0: Fixed dependency cycle(s) with /soc/ete5
<6>[    0.487364][    T1] /soc/funnel0: Fixed dependency cycle(s) with /soc/ete4
<6>[    0.488304][    T1] /soc/funnel0: Fixed dependency cycle(s) with /soc/ete3
<6>[    0.489244][    T1] /soc/funnel0: Fixed dependency cycle(s) with /soc/ete2
<6>[    0.490183][    T1] /soc/funnel0: Fixed dependency cycle(s) with /soc/ete1
<6>[    0.491119][    T1] /soc/funnel0: Fixed dependency cycle(s) with /soc/ete0
<6>[    0.494787][    T1] /soc/usb0@11201000: Fixed dependency cycle(s) with /extcon-usb
<6>[    0.495841][    T1] /extcon-usb: Fixed dependency cycle(s) with /soc/usb0@11201000
<6>[    0.497988][    T1] Modules: 23664 pages in range for non-PLT usage
<6>[    0.497992][    T1] Modules: 515184 pages in range for PLT usage
<6>[    0.502095][    T1] iommu: Default domain type: Translated
<6>[    0.503647][    T1] iommu: DMA domain TLB invalidation policy: strict mode
<5>[    0.505087][    T1] SCSI subsystem initialized
<6>[    0.505735][    T1] usbcore: registered new interface driver usbfs
<6>[    0.506570][    T1] usbcore: registered new interface driver hub
<6>[    0.507395][    T1] usbcore: registered new device driver usb
<6>[    0.508222][    T1] mc: Linux media interface: v0.10
<6>[    0.508904][    T1] videodev: Linux video capture interface: v2.00
<6>[    0.509766][    T1] EDAC MC: Ver: 3.0.0
<6>[    0.510719][    T1] scmi_core: SCMI protocol bus registered
<6>[    0.511600][    T1] Advanced Linux Sound Architecture Driver Initialized.
<6>[    0.513012][    T1] clocksource: Switched to clocksource arch_sys_counter
<5>[    0.515015][    T1] VFS: Disk quotas dquot_6.6.0
<6>[    0.515734][    T1] VFS: Dquot-cache hash table entries: 512 (order 0, 4096 bytes)
<6>[    0.517428][    T1] NET: Registered PF_INET protocol family
<6>[    0.518342][    T1] IP idents hash table entries: 262144 (order: 9, 2097152 bytes, linear)
<6>[    0.524074][    T1] tcp_listen_portaddr_hash hash table entries: 8192 (order: 5, 131072 bytes, linear)
<6>[    0.525364][    T1] Table-perturb hash table entries: 65536 (order: 6, 262144 bytes, linear)
<6>[    0.526734][    T1] TCP established hash table entries: 131072 (order: 8, 1048576 bytes, linear)
<6>[    0.528154][    T1] TCP bind hash table entries: 65536 (order: 9, 2097152 bytes, linear)
<6>[    0.529461][    T1] TCP: Hash tables configured (established 131072 bind 65536)
<6>[    0.530503][    T1] UDP hash table entries: 8192 (order: 6, 262144 bytes, linear)
<6>[    0.531557][    T1] UDP-Lite hash table entries: 8192 (order: 6, 262144 bytes, linear)
<6>[    0.532912][    T1] NET: Registered PF_UNIX/PF_LOCAL protocol family
<6>[    0.533787][    T1] NET: Registered PF_XDP protocol family
<6>[    0.534524][    T1] PCI: CLS 0 bytes, default 64
<6>[    0.535257][   T10] Trying to unpack rootfs image as initramfs...
<6>[    0.541312][    T1] kvm [1]: HYP mode not available
<5>[    0.543017][    T1] Initialise system trusted keyrings
<6>[    0.543793][    T1] workingset: timestamp_bits=46 max_order=22 bucket_order=0
<6>[    0.548406][    T1] fuse: init (API version 7.39)
<5>[    0.570421][    T1] Key type asymmetric registered
<5>[    0.571068][    T1] Asymmetric key parser 'x509' registered
<6>[    0.571845][    T1] Block layer SCSI generic (bsg) driver version 0.4 loaded (major 240)
<6>[    0.572997][    T1] io scheduler mq-deadline registered
<6>[    0.573708][    T1] io scheduler kyber registered
<6>[    0.574463][    T1] io scheduler bfq registered
<6>[    0.586992][    T1] Serial: 8250/16550 driver, 4 ports, IRQ sharing disabled
<6>[    0.591627][    T1] printk: console [ttynull0] enabled
<6>[    0.596026][    T1] brd: module loaded
<6>[    0.600454][    T1] loop: module loaded
<6>[    0.602550][    T1] wireguard: WireGuard 1.0.0 loaded. See www.wireguard.com for information.
<6>[    0.603691][    T1] wireguard: Copyright (C) 2015-2019 Jason A. Donenfeld <Jason@zx2c4.com>. All Rights Reserved.
<6>[    0.605493][    T1] tun: Universal TUN/TAP device driver, 1.6
<6>[    0.608488][    T1] usbcore: registered new interface driver uas
<6>[    0.609328][    T1] usbcore: registered new interface driver usb-storage
<6>[    0.610358][    T1] usbcore: registered new interface driver xpad
<6>[    0.611329][    T1] gspca_main: v2.14.0 registered
<6>[    0.611508][   T10] rootfs image is not initramfs (Decoding failed); looks like an initrd
<6>[    0.611987][    T1] usbcore: registered new interface driver uvcvideo
<6>[    0.614787][    T1] device-mapper: uevent: version 1.0.3
<6>[    0.615675][    T1] device-mapper: ioctl: 4.48.0-ioctl (2023-03-01) initialised: dm-devel@redhat.com
<6>[    0.618287][    T1] sdhci: Secure Digital Host Controller Interface driver
<6>[    0.619208][    T1] sdhci: Copyright(c) Pierre Ossman
<6>[    0.619883][    T1] sdhci-pltfm: SDHCI platform and OF driver helper
<6>[    0.622108][    T1] SMCCC: SOC_ID: ARCH_SOC_ID not implemented, skipping ....
<6>[    0.623334][    T1] hid: raw HID events driver (C) Jiri Kosina
<6>[    0.624494][   T10] Freeing initrd memory: 32844K
<6>[    0.624666][    T1] usbcore: registered new interface driver usbhid
<6>[    0.625978][    T1] usbhid: USB HID core driver
<6>[    0.626796][    T1] ashmem: initialized
<6>[    0.628889][    T1] hw perfevents: enabled with armv8_pmuv3 PMU driver, 21 counters available
<6>[    0.631844][   T87] watchdog: Delayed init of the lockup detector failed: -19
<6>[    0.632800][   T87] watchdog: Hard watchdog permanently disabled
<6>[    0.633984][    T1] gnss: GNSS driver registered with major 505
<6>[    0.635470][    T1] usbcore: registered new interface driver snd-usb-audio
<6>[    0.636709][    T1] GACT probability NOT on
<6>[    0.637292][    T1] Mirror/redirect action on
<6>[    0.637883][    T1] netem: version 1.3
<6>[    0.638449][    T1] u32 classifier
<6>[    0.638903][    T1]     input device check on
<6>[    0.639483][    T1]     Actions configured
<6>[    0.658676][    T1] xt_time: kernel timezone is -0000
<6>[    0.659417][    T1] ipip: IPv4 and MPLS over IPv4 tunneling driver
<6>[    0.660436][    T1] gre: GRE over IPv4 demultiplexor driver
<6>[    0.661193][    T1] ip_gre: GRE over IPv4 tunneling driver
<6>[    0.662264][    T1] IPv4 over IPsec tunneling driver
<6>[    0.663079][    T1] Initializing XFRM netlink socket
<6>[    0.663748][    T1] IPsec XFRM device driver
<6>[    0.664627][    T1] NET: Registered PF_INET6 protocol family
<6>[    0.666258][    T1] Segment Routing with IPv6
<6>[    0.666854][    T1] In-situ OAM (IOAM) with IPv6
<6>[    0.667564][    T1] mip6: Mobile IPv6
<6>[    0.668283][    T1] sit: IPv6, IPv4 and MPLS over IPv4 tunneling driver
<6>[    0.669472][    T1] ip6_gre: GRE over IPv6 tunneling driver
<6>[    0.670361][    T1] NET: Registered PF_PACKET protocol family
<6>[    0.671132][    T1] NET: Registered PF_KEY protocol family
<6>[    0.672084][    T1] NET: Registered PF_VSOCK protocol family
<6>[    0.675968][    T1] registered taskstats version 1
<5>[    0.676710][    T1] Loading compiled-in X.509 certificates
<5>[    0.678358][    T1] Loaded X.509 cert 'Build time autogenerated kernel key: b79de11375fe4e9fb35b4d79f8436c5a02a98888'
<6>[    0.683335][    T1] page_owner is disabled
<5>[    0.684025][    T1] Key type .fscrypt registered
<5>[    0.684641][    T1] Key type fscrypt-provisioning registered
<6>[    0.687881][    T1] clk: Disabling unused clocks
<6>[    0.688506][    T1] ALSA device list:
<6>[    0.688996][    T1]   No soundcards found.
<6>[    0.690036][    T1] Freeing unused kernel memory: 4160K
<6>[    0.690810][    T1] Run /init as init process
<7>[    0.691392][    T1]   with arguments:
<7>[    0.691393][    T1]     /init
<7>[    0.691395][    T1]   with environment:
<7>[    0.691396][    T1]     HOME=/
<7>[    0.691398][    T1]     TERM=linux
<7>[    0.691399][    T1]     vmalloc=400M
<7>[    0.691400][    T1]     PMIC_UVLO=0xffff
<7>[    0.691401][    T1]     usb2jtag_mode=0
<7>[    0.691402][    T1]     bootopt=64S3,32N2,64N2
<7>[    0.691403][    T1]     sfi=0x00000000
<7>[    0.691404][    T1]     tkv=13908312064
<14>[    0.692959][    T1] init: init first stage started!
<11>[    0.696978][    T1] init: softdep lines in modules.softdep must have at least 4 entries
<11>[    0.698066][    T1] init: softdep lines in modules.softdep must have at least 4 entries
<14>[    0.699341][    T1] init: Loading module /lib/modules/bootprof.ko with args ''
<4>[    0.700404][    T1] bootprof: loading out-of-tree module taints kernel.
<6>[    0.701678][    T1] BOOTPROF: pl=4708, bl2ext=1056 ,lk=2631, logo=749, tfa=194, sec_os=1, gz=142
<6>[    0.702997][    T1] BOOTPROF:       702.997539: ON (TH:15)
<6>[    0.703733][    T1] BOOTPROF:       703.732924:Kernel_init_done
<14>[    0.704564][    T1] init: Loaded kernel module /lib/modules/bootprof.ko
<14>[    0.705547][    T1] init: Loading module /lib/modules/mrdump.ko with args ''
<5>[    0.707220][    T1] mboot_params:[DT] 0x800@0x11d000, 0x2(0xec0)
<5>[    0.708028][    T1] mboot_params: [DT] 0x10000@0x48090000
<6>[    0.708797][    T1] mboot_params: using dram:0x48081000(0x1000)
<5>[    0.709615][    T1] mboot_params: buffer start: 0xffffffc08010d000, size: 0x1000
<5>[    0.710608][    T1] mboot_params: last init function: 0x0
<5>[    0.711393][    T1] mrdump_parse_chosen: mrdump_cbaddr=0x0000000048082000, mrdump_cbsize=0x0000000000008000
<5>[    0.712695][    T1] mrdump_parse_chosen: lk version MRDUMP11
<5>[    0.713460][    T1] mrdump_parse_chosen: ddr reserve mode no
<6>[    0.714247][    T1] [mrdump] phys:0x48080000 - 0x48090000 (0x10000)
<6>[    0.715092][    T1] [mrdump] rmem->priv = ffffffc080c10000
<5>[    0.715863][    T1] mrdump_cblock_init: done.
<5>[    0.716447][    T1] minirdump: [DT] reserved 0x48090000+0x10000->(____ptrval____)
<6>[    0.717485][   T87] mrdump_ka_work_func: retry in 0.1 second
<14>[    0.717535][    T1] init: Loaded kernel module /lib/modules/mrdump.ko
<14>[    0.719260][    T1] init: Loading module /lib/modules/aee_aed.ko with args ''
<5>[    0.721165][    T1] aee kernel api ready
<14>[    0.721313][    T1] init: Loaded kernel module /lib/modules/aee_aed.ko
<14>[    0.722822][    T1] init: Loading module /lib/modules/monitor_hang.ko with args ''
<5>[    0.724601][    T1] mrdump: hang data 0xffffff8028000000 size:0x400000
<6>[    0.726034][    T1] monitor_hang: can't get monitor_hang_boot_up_enable status.
<6>[    0.727823][    T1] MKP: mkp_init:43 start
<6>[    0.728377][    T1] MKP: mkp_init:55 failed, ret: -3
<6>[    0.729788][    T1] MKP: resource base=0x0000000040000000, size=0x0000000000010000
<6>[    0.730941][    T1] enable_action_panic: enable mkp panic
<6>[    0.731803][   T89] aee_get_stext failed
<6>[    0.731806][   T89] aee_get_etext failed
<6>[    0.732331][   T89] aee_get_init_begin failed
<6>[    0.732854][   T89] mkp: init_debug_kinfo failed
<6>[    0.734067][   T89] MKP: mkp_protect_kernel_work_fn: retry in 0.1 second
<6>[    0.734134][    T1] MKP: mkp_init:64 done
<6>[    0.736132][    T1] mtk_dbgtop_drm was loaded
<6>[    0.736963][    T1] mtk_dbgtop_drm 1000d000.drm: driver probed
<6>[    0.737803][    T1] mtk_dbgtop_drm 1000d000.drm: mtk_dbgtop_drm_probe: version = 2.
<6>[    0.738862][    T1] mtk_dbgtop_drm 1000d000.drm: mtk_dbgtop_drm_probe: found sec-write = 1.
<6>[    0.739990][    T1] mtk_dbgtop_drm 1000d000.drm: base (____ptrval____)
<5>[    0.743587][    T1] log_store: get address 0xa0d.
<5>[    0.744222][    T1] log_store:[DT] log_store: 0x11df00@0x100
<6>[    0.744977][    T1] log_store: get ok, sram addr:0x11df00, size:0x100
<5>[    0.745867][    T1] log_store: sram header address 0x(____ptrval____).
<5>[    0.746739][    T1] sig 0x5678ef90 flag 0x227 add 0x33ff70000 size 0x80000 offsize 0x20 point 0x1550d
<3>[    0.748171][    T1] log_store: pmic child device not found.
<5>[    0.748920][    T1] log_store: bootmode: 0x0 boottype: 0x2.
<5>[    0.749673][    T1] log store:sram_dram_buff addr 0x33ff70000, size 0x80000.
<5>[    0.750626][    T1] [PHY layout]log_store_mem:0x33ff70000-0x33ffeffff (0x80000)
<5>[    0.751601][    T1] buff (____ptrval____), sig cdab3412 size 80000 pl 0, sz 1550d lk 1550d, sz 1e34f p c, l c
<6>[    0.752931][    T1] tran_devmsg_parse_chosen: tran_devmsg is enable
<6>[    0.753784][    T1] tran_devmsg_init: tran_devmsg_mem:0x7ffe0000-0x10000 (0xffffffc080ce6000)
<3>[    0.757821][    T1] mtk-wdt 1c00b000.watchdog: error -ENXIO: IRQ index 0 not found
<6>[    0.758840][    T1] [wdtk] kick watchdog
<6>[    0.759447][   T86] [wdtk] kick watchdog
<6>[    0.759981][    T1] mtk-wdt 1c00b000.watchdog: Watchdog enabled (timeout=31 sec, nowayout=0)
<6>[    0.763823][    T1] hangdet_init: compatible node found: watchdog
<6>[    0.764652][    T1] apwdt enabled
<6>[    0.765459][    T1] hangdet_init: compatible node found: systimer
<6>[    0.766369][    T1] hangdet_init systimer_cnt 133402639
<6>[    0.766455][   T10] [wdk] bind thread 169 to cpu 0
<6>[    0.767070][    T1] hangdet_init set wdk_ktime 767070078
<6>[    0.767740][  T169] [wdk-c] cpu=0 o_k=0 lbit=0x1 cbit=0xff,fe,7,1,766375385,1,0,0,0,0,[767735924,15000000] 31 ffffffff  
<6>[    0.767758][   T10] [wdk] bind thread 170 to cpu 1
<6>[    0.767801][   T10] [wdk] bind thread 171 to cpu 2
<6>[    0.767826][  T171] [wdk-c] cpu=2 o_k=2 lbit=0x5 cbit=0xff,fa,7,1,766375385,7,0,0,0,0,[767822462,14999910] 31 ffffffff  
<6>[    0.767827][  T171] 
<6>[    0.767844][   T10] [wdk] bind thread 172 to cpu 3
<6>[    0.767870][  T172] [wdk-c] cpu=3 o_k=3 lbit=0xd cbit=0xff,f2,7,1,766375385,f,0,0,0,0,[767866078,14999865] 31 ffffffff  
<6>[    0.767873][  T172] 
<6>[    0.767915][   T10] [wdk] bind thread 173 to cpu 4
<6>[    0.767938][  T173] [wdk-c] cpu=4 o_k=4 lbit=0x1d cbit=0xff,e2,7,1,766375385,1f,0,0,0,0,[767933770,14999797] 31 ffffffff  
<6>[    0.767940][  T173] 
<6>[    0.767969][   T10] [wdk] bind thread 174 to cpu 5
<6>[    0.767992][  T174] [wdk-c] cpu=5 o_k=5 lbit=0x3d cbit=0xff,c2,7,1,766375385,3f,0,0,0,0,[767988616,14999742] 31 ffffffff  
<6>[    0.767995][  T174] 
<6>[    0.768016][   T10] [wdk] bind thread 175 to cpu 6
<6>[    0.768040][  T175] [wdk-c] cpu=6 o_k=6 lbit=0x7d cbit=0xff,82,7,1,766375385,7f,0,0,0,0,[768036308,14999694] 31 ffffffff  
<6>[    0.768043][  T175] 
<6>[    0.768076][   T10] [wdk] bind thread 176 to cpu 7
<6>[    0.768079][   T10] [wdk] WDT start kicker done CPU_NR=8 online cpu NR8
<6>[    0.768080][   T10] [wdk]init_wk done late_initcall cpus_kick_bit=0xff -----
<6>[    0.768099][  T176] [wdk-c] cpu=7 o_k=7 lbit=0xfd cbit=0xff,2,7,1,766375385,ff,0,0,0,0,[768095308,14999635] 31 ffffffff  
<6>[    0.768101][  T176] 
<6>[    0.786822][  T169] 
<6>[    0.786833][    T1] Planted kprobe at ffffffe1de989144 for hrtimer_start_range_ns
<6>[    0.786879][  T170] [thread:170] 1970-01-01 00:00:00.773871 UTC;android time 1970-01-01 00:00:00.773871
<6>[    0.786937][  T170] [wdk-k] cpu=1 o_k=1 lbit=0xff cbit=0xff,0,7,1,766375385,ff,0,0,0,0,[786870770,14980870] 30 ffffffff  
<6>[    0.786938][  T170] 
<6>[    0.791305][    T1] Planted kprobe at ffffffe1de99a434 for hrtimer_start_range_ns
<6>[    0.792600][    T1] reboot set flag, old value 0x6c002000, 1.
<6>[    0.793390][    T1] reboot set flag new value 0x6c002800.
<6>[    0.794134][    T1] BOOTPROF:       794.133462:initcall: init_module [aee_hangdet]    30.599308ms
<5>[    0.795988][  T177] random: crng init done
<6>[    0.798122][    T1] [DEVAPC]: driver registered
<6>[    0.798739][    T1] [DEVAPC]: subsys_enabled[0]:1
<6>[    0.799369][    T1] [DEVAPC]: subsys_enabled[1]:1
<6>[    0.799998][    T1] [DEVAPC]: subsys_enabled[2]:1
<6>[    0.800627][    T1] [DEVAPC]: subsys_enabled[3]:1
<6>[    0.801269][    T1] [DEVAPC]: subsys_enabled[4]:1
<6>[    0.801898][    T1] [DEVAPC]: subsys_enabled[5]:1
<6>[    0.802526][    T1] [DEVAPC]: subsys_enabled[6]:1
<6>[    0.803154][    T1] [DEVAPC]: subsys_enabled[7]:1
<6>[    0.803782][    T1] [DEVAPC]: subsys_enabled[8]:1
<6>[    0.804495][    T1] [DEVAPC]: IRQ[0]:27
<6>[    0.805035][    T1] [DEVAPC]: IRQ[1]:28
<6>[    0.805562][    T1] [DEVAPC]: IRQ[2]:29
<6>[    0.806091][    T1] [DEVAPC]: IRQ[3]:30
<6>[    0.806615][    T1] [DEVAPC]: IRQ[4]:31
<6>[    0.807139][    T1] [DEVAPC]: IRQ[5]:32
<6>[    0.807661][    T1] [DEVAPC]: IRQ[6]:33
<6>[    0.808224][    T1] [DEVAPC]: (Infra) Cannot get devapc clock from CCF (-2)
<6>[    0.809307][    T1] [DEVAPC]: no violation for slave:0x0
<6>[    0.810084][    T1] [DEVAPC]: no violation for slave:0x1
<6>[    0.810823][    T1] [DEVAPC]: no violation for slave:0x2
<6>[    0.811569][    T1] [DEVAPC]: no violation for slave:0x3
<6>[    0.812417][    T1] [DEVAPC]: no violation for slave:0x4
<6>[    0.813297][    T1] [DEVAPC]: no violation for slave:0x5
<6>[    0.814019][    T1] [DEVAPC]: no violation for slave:0x6
<6>[    0.814747][    T1] [DEVAPC]: no violation for slave:0x7
<6>[    0.815471][    T1] [DEVAPC]: no violation for slave:0x8
<6>[    0.817950][    T1] [DEVAPC]: start_devapc done
<6>[    0.819094][    T1] BOOTPROF:       819.093462:initcall: init_module [device_apc_mt6899]    21.127077ms
<5>[    0.825457][    T1] [scmi] secure-sspm-mbox-clr not support
<5>[    0.826204][    T1] [scmi] secure-sspm_md2spm-clr not support
<6>[    0.826973][    T1] mtk_tinysys_mbox 1c351000.tinysys-mbox: MTK MBOX Mailbox registered
<6>[    0.828711][   T83] arm-scmi firmware:scmi: SCMI Notifications - Core Enabled.
<6>[    0.829868][   T83] arm-scmi firmware:scmi: SCMI Protocol v1.0 'mtk:mtk' Firmware version 0x5353504d
<4>[    0.831319][   T83] arm-scmi firmware:scmi: Detected UNSUPPORTED higher version 0x10000 for protocol 0x80.Backward compatibility is NOT assured.
<6>[    0.831323][    T1] wifi_page_pool_init: init wifi page pool mod
<6>[    0.833700][    T1] wifi_page_pool_init: init done[0]
<6>[    0.836177][    T1] mt6899-pinctrl 10005000.pinctrl: mtk_eint_do_init eint total 256 pins.
<6>[    0.837027][   T89] mkp: init_debug_kinfo success
<6>[    0.837989][    T1] mt6899-pinctrl 10005000.pinctrl: mtk_eint_do_init eint in new mode, assign the matrix number to 152.
<6>[    0.838622][   T89] MKP: mkp: protect krn code done
<6>[    0.840847][   T89] MKP: mkp: protect krn rodata done
<6>[    0.843145][   T83] input: odm:gpio_keys as /devices/platform/odm/odm:gpio_keys/input/input0
<5>[    0.845143][   T87] mrdump control block 2nd stage init done.
<6>[    0.846955][    T1] mtk_iommu: debug mtk_m4u_dbg_probe start, smmu_v3_enable:0
<6>[    0.848797][    T1] mtk_iommu: secure mtk_iommu_sec_init+
<6>[    0.851721][    T1] mtk_iommu: secure mtk_iommu_sec_probe done, dev:19011000.iommu
<6>[    0.852782][    T1] mtk_iommu: secure mtk_iommu_sec_probe done, dev:19012000.iommu
<6>[    0.853857][    T1] mtk_iommu: secure mtk_iommu_sec_probe done, dev:19013000.iommu
<6>[    0.854892][    T1] mtk_iommu: secure mtk_iommu_sec_probe done, dev:19014000.iommu
<6>[    0.855925][    T1] mtk_iommu: secure mtk_iommu_sec_probe done, dev:19016000.iommu
<6>[    0.856959][    T1] mtk_iommu: secure mtk_iommu_sec_probe done, dev:19017000.iommu
<6>[    0.858003][    T1] mtk_iommu: secure mtk_iommu_sec_probe done, dev:19018000.iommu
<6>[    0.859034][    T1] mtk_iommu: secure mtk_iommu_sec_probe done, dev:19019000.iommu
<6>[    0.860067][    T1] mtk_iommu: secure mtk_iommu_sec_probe done, dev:1e817000.iommu
<6>[    0.861124][    T1] mtk_iommu: secure mtk_iommu_sec_probe done, dev:1e818000.iommu
<6>[    0.862158][    T1] mtk_iommu: secure mtk_iommu_sec_probe done, dev:1e819000.iommu
<6>[    0.863191][    T1] mtk_iommu: secure mtk_iommu_sec_probe done, dev:1e81a000.iommu
<6>[    0.864224][    T1] mtk_iommu: secure mtk_iommu_sec_probe done, dev:1e81c000.iommu
<6>[    0.865261][    T1] mtk_iommu: secure mtk_iommu_sec_probe done, dev:1e81d000.iommu
<6>[    0.866290][    T1] mtk_iommu: secure mtk_iommu_sec_probe done, dev:1e81e000.iommu
<6>[    0.867318][    T1] mtk_iommu: secure mtk_iommu_sec_probe done, dev:1e81f000.iommu
<6>[    0.929296][    T1] mtk_iommu: secure mtk_iommu_sec_init-
<6>[    0.930032][    T1] BOOTPROF:       930.031309:initcall: init_module [iommu_secure]    81.221846ms
<6>[    0.938486][    T1] emicen was loaded
<6>[    0.939231][    T1] emicen_drv 10219000.emicen: driver probed
<6>[    0.940014][    T1] emicen_drv 10219000.emicen: cen->offset 0x40000000
<6>[    0.940915][    T1] emicen_drv 10219000.emicen: No chn_swap info
<6>[    0.941726][    T1] emicen_drv 10219000.emicen: No chn_swap info
<6>[    0.942526][    T1] emicen_drv 10219000.emicen: No chn_swap info
<6>[    0.943327][    T1] emicen_drv 10219000.emicen: No chn_swap info
<6>[    0.944127][    T1] emicen_drv 10219000.emicen: cen->chn_swap[0] 0
<6>[    0.944950][    T1] emicen_drv 10219000.emicen: cen->chn_swap[1] 1
<6>[    0.945793][    T1] emicen_drv 10219000.emicen: cen->chn_swap[2] 2
<6>[    0.946624][    T1] emicen_drv 10219000.emicen: cen->chn_swap[3] 3
<6>[    0.947449][    T1] emicen_drv 10219000.emicen: No a2d-conf-offset
<6>[    0.948273][    T1] emicen_drv 10219000.emicen: No a2d-chn-conf-offset
<6>[    0.949152][    T1] a2d_cen: 0xf053f154, 0x800000, 0x66660043, 0x10804330, 0xc0, 0x24044000
<6>[    0.950266][    T1] a2d_chn: 0x466fc51, 0x42145, 0x9ac00001
<6>[    0.951008][    T1] emicen_drv 10219000.emicen: version(2) ch_cnt(4), rk_cnt(2)
<6>[    0.951982][    T1] emicen_drv 10219000.emicen: rk_size0(0x180000000)
<6>[    0.952841][    T1] emicen_drv 10219000.emicen: rk_size1(0x180000000)
<6>[    0.953709][    T1] emicen_drv 10219000.emicen: a2d-disph 0xe
<6>[    0.954475][    T1] emicen_drv 10219000.emicen: a2d-hash 0xb
<6>[    0.955229][    T1] emicen_drv 10219000.emicen: emi_a2d_emi_cen[0] 0xf053f154
<6>[    0.956180][    T1] emicen_drv 10219000.emicen: emi_a2d_emi_cen[1] 0x800000
<6>[    0.957110][    T1] emicen_drv 10219000.emicen: emi_a2d_emi_cen[2] 0x66660043
<6>[    0.958060][    T1] emicen_drv 10219000.emicen: emi_a2d_emi_cen[3] 0x10804330
<6>[    0.959010][    T1] emicen_drv 10219000.emicen: emi_a2d_emi_cen[4] 0xc0
<6>[    0.959891][    T1] emicen_drv 10219000.emicen: emi_a2d_emi_cen[5] 0x24044000
<6>[    0.960841][    T1] emicen_drv 10219000.emicen: emi_a2d_emi_chn[0] 0x466fc51
<6>[    0.961789][    T1] emicen_drv 10219000.emicen: emi_a2d_emi_chn[1] 0x42145
<6>[    0.962706][    T1] emicen_drv 10219000.emicen: emi_a2d_emi_chn[2] 0x9ac00001
<6>[    0.964225][    T1] emiisu wad loaded
<6>[    0.965152][    T1] emiisu_drv soc:emiisu: driver probed
<6>[    0.965868][    T1] emiisu_probe: Turn off EMIISU dump
<6>[    0.966553][    T1] set_isu_ctrl_flag: lsu_ctrl_flag_last: 0xffffffff
<6>[    0.967411][    T1] set_isu_ctrl_flag: cur_ctrl_trace_idx=0
<6>[    0.968153][    T1] set_isu_ctrl_flag: isu_ctrl_trace[0]: ts=968153463, val=1f, readback=dec0dec0
<6>[    0.969350][    T1] set_isu_ctrl_flag: KERN_REC_OFF_PROBE
<6>[    0.970070][    T1] emiisu_drv soc:emiisu: buf_size(1000000),buf_addr(0),ver_addr(ffffffc0804f58e4),con_addr(ffffffc0804fd8d0),ctrl_intf(1)
<6>[    0.972742][    T1] BOOTPROF:       972.741847:initcall: init_module [emi]    34.244923ms
<6>[    0.982462][    T1] mtk_iommu: mtk_iommu_probe start dev:19010000.iommu
<6>[    0.983446][    T1] mtk_iommu: mtk_iommu_probe, get bank nr:4
<6>[    0.984485][    T1] disp-iommu-bank1 19011000.iommu: Get iommu bank:1(19011000.iommu) irq:294 ,pa:0x0000000019011000, success
<6>[    0.986204][    T1] disp-iommu-bank1 19012000.iommu: Get iommu bank:2(19012000.iommu) irq:295 ,pa:0x0000000019012000, success
<6>[    0.987848][    T1] disp-iommu-bank1 19013000.iommu: Get iommu bank:3(19013000.iommu) irq:296 ,pa:0x0000000019013000, success
<6>[    0.989486][    T1] disp-iommu-bank1 19014000.iommu: Get iommu bank:4(19014000.iommu) irq:297 ,pa:0x0000000019014000, success
<6>[    0.991416][    T1] mtk_iommu: mtk_iommu_probe done dev:19010000.iommu, head:ffffffe1dba02428
<6>[    0.992638][    T1] mtk_iommu: mtk_iommu_probe start dev:19015000.iommu
<6>[    0.993656][    T1] mtk_iommu: mtk_iommu_probe, get bank nr:4
<6>[    0.994594][    T1] disp-iommu-bank1 19016000.iommu: Get iommu bank:1(19016000.iommu) irq:299 ,pa:0x0000000019016000, success
<6>[    0.996267][    T1] disp-iommu-bank1 19017000.iommu: Get iommu bank:2(19017000.iommu) irq:300 ,pa:0x0000000019017000, success
<6>[    0.997992][    T1] disp-iommu-bank1 19018000.iommu: Get iommu bank:3(19018000.iommu) irq:301 ,pa:0x0000000019018000, success
<6>[    0.999644][    T1] disp-iommu-bank1 19019000.iommu: Get iommu bank:4(19019000.iommu) irq:302 ,pa:0x0000000019019000, success
<6>[    1.001524][    T1] mtk_iommu: mtk_iommu_probe done dev:19015000.iommu, head:ffffffe1dba02428
<6>[    1.002762][    T1] mtk_iommu: mtk_iommu_probe start dev:1e816000.iommu
<6>[    1.003724][    T1] mtk_iommu: mtk_iommu_probe, get bank nr:4
<6>[    1.004673][    T1] disp-iommu-bank1 1e817000.iommu: Get iommu bank:1(1e817000.iommu) irq:304 ,pa:0x000000001e817000, success
<6>[    1.006387][    T1] disp-iommu-bank1 1e818000.iommu: Get iommu bank:2(1e818000.iommu) irq:305 ,pa:0x000000001e818000, success
<6>[    1.008100][    T1] disp-iommu-bank1 1e819000.iommu: Get iommu bank:3(1e819000.iommu) irq:306 ,pa:0x000000001e819000, success
<6>[    1.009831][    T1] disp-iommu-bank1 1e81a000.iommu: Get iommu bank:4(1e81a000.iommu) irq:307 ,pa:0x000000001e81a000, success
<6>[    1.011338][    T1] mtk-iommu 1e816000.iommu: skip smi
<6>[    1.012303][    T1] mtk_iommu: mtk_iommu_probe done dev:1e816000.iommu, head:ffffffe1dba02418
<6>[    1.013571][    T1] mtk_iommu: mtk_iommu_probe start dev:1e81b000.iommu
<6>[    1.014524][    T1] mtk_iommu: mtk_iommu_probe, get bank nr:4
<6>[    1.015440][    T1] disp-iommu-bank1 1e81c000.iommu: Get iommu bank:1(1e81c000.iommu) irq:309 ,pa:0x000000001e81c000, success
<6>[    1.017163][    T1] disp-iommu-bank1 1e81d000.iommu: Get iommu bank:2(1e81d000.iommu) irq:310 ,pa:0x000000001e81d000, success
<6>[    1.018827][    T1] disp-iommu-bank1 1e81e000.iommu: Get iommu bank:3(1e81e000.iommu) irq:311 ,pa:0x000000001e81e000, success
<6>[    1.020465][    T1] disp-iommu-bank1 1e81f000.iommu: Get iommu bank:4(1e81f000.iommu) irq:312 ,pa:0x000000001e81f000, success
<6>[    1.021978][    T1] mtk-iommu 1e81b000.iommu: skip smi
<6>[    1.022938][    T1] mtk_iommu: mtk_iommu_probe done dev:1e81b000.iommu, head:ffffffe1dba02418
<6>[    1.024357][    T1] BOOTPROF:      1024.357155:initcall: init_module [mtk_iommu]    47.109000ms
<6>[    1.029209][    T1] dma_heap: system mtk_heap_create add heap[system] success
<6>[    1.030189][    T1] dma_heap: system mtk_heap_create add heap[system-uncached] success
<6>[    1.031262][    T1] dma_heap: system mtk_heap_create add heap[mtk_mm] success
<6>[    1.032230][    T1] dma_heap: system mtk_heap_create add heap[mtk_mm-uncached] success
<6>[    1.034575][    T1] dma_heap: system mtk_dma_heap_config_parse node:mtkheap-slc,type:5,name:mtk_slc,uncached:0,trusted:0,dev:soc:mtkheap-slc
<6>[    1.036281][    T1] dma_heap: system mtk_heap_create add heap[mtk_slc] success
<6>[    1.047372][    T1] [VCP] vcp_init begins
<6>[    1.049181][    T1] mtk_iommu: mtk_iommu_device_group create group, data:(0,1)-->(0,0), dev:1ea00000.vcp, domid:5
<6>[    1.050570][    T1] vcp 1ea00000.vcp: Adding to iommu group 0
<6>[    1.051353][    T1] mtk_iommu: mtee_hypmmu_type2_enabled, hyp-mmu ret:1
<6>[    1.052236][    T1] mtk_iommu: hyp-mmu type2 enabled. turn on coherent_walk
<6>[    1.053170][    T1] mtk_iommu: register_share_region: tab_id:0, reg base=0x108000 size=0x4000
<6>[    1.054316][    T1] mtk_iommu: register_share_region: tab_id:0, reg base=0x10c000 size=0x4000
<6>[    1.055456][    T1] mtk_iommu: register_share_region: tab_id:0, reg base=0x110000 size=0x40000
<6>[    1.056610][    T1] mtk_iommu: mtk_iommu_domain_finalise, create table data:(0,1)
<6>[    1.057661][    T1] mtk_iommu: mtk_iommu_domain_finalise, dom:5, start:0x0000000150000000, end:0x00000001cfffffff, table:0x67a80000
<6>[    1.059239][    T1] mtk_iommu: mtk_iommu_attach_device, set mtk_iommu_domain, data:(0,1), tab_id:0
<6>[    1.060478][    T1] mtk_iommu: mtk_iommu_hw_init, register irq done, (0,1,0) 308
<6>[    1.061478][    T1] mtk_iommu: mtk_iommu_hw_init, register irq done, (0,1,1) 309
<6>[    1.062472][    T1] mtk_iommu: mtk_iommu_hw_init, register irq done, (0,1,2) 310
<6>[    1.063464][    T1] mtk_iommu: mtk_iommu_hw_init, register irq done, (0,1,3) 311
<6>[    1.064454][    T1] mtk_iommu: mtk_iommu_hw_init, register irq done, (0,1,4) 312
<6>[    1.065450][    T1] mtk_iommu: mtk_iommu_hw_init done, (0,1), dump reg: 0x48:0x0, 0x50:0x0, 0x54:0x2a002a, 0xa0:0xfffcfffd, 0x110:0x100a, 0x114:0x67e7bd00, 0x120:0x63, 0x124:0x1fbf
<6>[    1.067616][    T1] mtk_iommu: mtk_iommu_attach_device, iommu_dev:1e81b000.iommu(0,1), user_dev:1ea00000.vcp, pgtable:0x67a80000 -- 0x67a80000 -- 0x7bf00000, tab_id:0
<5>[    1.069941][    T1] [VCP] vcp_hwvoter support by default: 1
<5>[    1.070687][    T1] [VCP] vcpreg.core_nums = 1
<5>[    1.071280][    T1] [VCP] vcpreg.fmeter_ck = 22 vcpreg.fmeter_type = 5
<5>[    1.072151][    T1] [VCP] vcpreg.twohart = 1
<5>[    1.072721][    T1] [VCP] vcpreg.secure_dump = 1, vcp_excep_mode = 1
<5>[    1.073597][    T1] [VCP] resource request status register not found
<3>[    1.074554][    T1] vcp 1ea00000.vcp: invalid resource (null)
<5>[    1.075325][    T1] MBOX 0 can't find send status reg
<3>[    1.075999][    T1] vcp 1ea00000.vcp: invalid resource (null)
<5>[    1.076765][    T1] MBOX 0 can't find recv status reg
<3>[    1.077499][    T1] vcp 1ea00000.vcp: invalid resource (null)
<5>[    1.078267][    T1] MBOX 1 can't find send status reg
<3>[    1.078941][    T1] vcp 1ea00000.vcp: invalid resource (null)
<5>[    1.079707][    T1] MBOX 1 can't find recv status reg
<3>[    1.080417][    T1] vcp 1ea00000.vcp: invalid resource (null)
<5>[    1.081191][    T1] MBOX 2 can't find send status reg
<3>[    1.081865][    T1] vcp 1ea00000.vcp: invalid resource (null)
<5>[    1.082631][    T1] MBOX 2 can't find recv status reg
<3>[    1.083340][    T1] vcp 1ea00000.vcp: invalid resource (null)
<5>[    1.084107][    T1] MBOX 3 can't find send status reg
<3>[    1.084780][    T1] vcp 1ea00000.vcp: invalid resource (null)
<5>[    1.085550][    T1] MBOX 3 can't find recv status reg
<3>[    1.086261][    T1] vcp 1ea00000.vcp: invalid resource (null)
<5>[    1.087028][    T1] MBOX 4 can't find send status reg
<3>[    1.087701][    T1] vcp 1ea00000.vcp: invalid resource (null)
<5>[    1.088467][    T1] MBOX 4 can't find recv status reg
<6>[    1.090618][    T1] vcp_ipidev (with 36 IPI) has registered.
<5>[    1.091376][    T1] [VCP] vcp_reserve_memory_ioremap 1
<5>[    1.092088][    T1] [VCP] secure dump, 0xbf200000 (0xffffffc081000000), (0x600000 + 0x200000) <= 0x800000
<6>[    1.092093][    T1] [VCP] vcp-mem-tbl vcp_mem_num 11
<5>[    1.094052][    T1] @@@@ reserved: <0  491520>
<5>[    1.094647][    T1] @@@@ reserved: <1  73728>
<5>[    1.095228][    T1] @@@@ reserved: <2  1572864>
<5>[    1.095833][    T1] @@@@ reserved: <3  1024>
<5>[    1.096403][    T1] @@@@ reserved: <4  1024>
<5>[    1.096972][    T1] @@@@ reserved: <5  1024>
<5>[    1.097547][    T1] @@@@ reserved: <6  1024>
<5>[    1.098116][    T1] @@@@ reserved: <7  1048576>
<5>[    1.098721][    T1] @@@@ reserved: <8  4096>
<5>[    1.099291][    T1] @@@@ reserved: <9  4096>
<5>[    1.099861][    T1] @@@@ reserved: <10  2097152>
<4>[    1.100912][    T1] mrdump: file size of VCP_VSI_LAST_LOG is too large 0x180000
<5>[    1.101900][    T1] [VCP] add vsi and log buffer to mrdump iova:0x1cfc00000, virt:0xffffffc0815c5000
<5>[    1.103117][    T1] [VCP] [2] iova:0x1cfc00000, virt:0xffffffc0815c5000, len:0x180000
<5>[    1.104212][    T1] [VCP] [3] iova:0x1cfbff000, virt:0xffffffc080aad000, len:0x400
<5>[    1.105274][    T1] [VCP] [4] iova:0x1cfbfe000, virt:0xffffffc080abd000, len:0x400
<5>[    1.106336][    T1] [VCP] [5] iova:0x1cfbfd000, virt:0xffffffc080acd000, len:0x400
<5>[    1.107386][    T1] [VCP] [6] iova:0x1cfbfc000, virt:0xffffffc080add000, len:0x400
<5>[    1.108583][    T1] [VCP] [7] iova:0x1cfa00000, virt:0xffffffc080ee1000, len:0x100000
<5>[    1.109691][    T1] [VCP] [8] iova:0x1cf9ff000, virt:0xffffffc080af5000, len:0x1000
<5>[    1.110757][    T1] [VCP] [9] iova:0x1cf9fe000, virt:0xffffffc080af9000, len:0x1000
<5>[    1.111780][    T1] [VCP] [10] iova:0xbf200000, virt:0xffffffc081000000, len:0x200000
<6>[    1.113263][    T1] [VCP] device link to reg-dummy
<6>[    1.114048][    T1] [VCP] device link to reg-dummy
<6>[    1.114688][    T1] [VCP] vcp-ao support
<6>[    1.114691][    T1] [VCP] vcp_device_probe done
<5>[    1.117722][    T1] [VCP] INFRA VCP driver support
<6>[    1.121809][    T1] vcp_io_vdec soc:vcp-iommu-vdec: Adding to iommu group 0
<6>[    1.124302][    T1] vcp_io_venc soc:vcp-iommu-venc: Adding to iommu group 0
<6>[    1.126964][    T1] vcp_io_work soc:vcp-iommu-work: Adding to iommu group 0
<6>[    1.129583][    T1] mtk_iommu: mtk_iommu_device_group create group, data:(0,1)-->(0,0), dev:soc:vcp-iommu-sec, domid:4
<6>[    1.131022][    T1] vcp_io_sec soc:vcp-iommu-sec: Adding to iommu group 1
<6>[    1.131929][    T1] mtk_iommu: mtk_iommu_domain_finalise, dom:4, start:0x0000000110000000, end:0x000000014fffffff, table:0x67a80000
<6>[    1.133513][    T1] mtk_iommu: mtk_iommu_attach_device, set mtk_iommu_domain, data:(0,1), tab_id:0
<5>[    1.139310][    T1] [VCP] vcp_excep_init 0 -1 -1 -1
<5>[    1.140013][    T1] [hw_voter]: call vcp_hw_voter_dbg_init
<5>[    1.140746][    T1] [hw_voter]: vcp hwvoter mtk_ipi_register done
<5>[    1.141592][    T1] [hw_voter]: vcp_hw_voter_create_procfs done
<5>[    1.142534][    T1] [VCP] vcp_init core0 status: 0x0
<5>[    1.146064][    T1] [VCP] reset_vcp: CORE0_RSTN_CLR cf9fe001 40c000 ff01 ret 0 clk 728000
<5>[    1.147211][    T1] [VCP] vcp_enable_pm_clk id 0 done 1 clk 728000
<6>[    1.148060][    T1] BOOTPROF:      1148.060002:initcall: init_module [vcp]   100.666770ms
<3>[    1.152431][    T1] mtk-dvfsrc 1c00f000.dvfsrc: error -ENXIO: IRQ index 0 not found
<4>[    1.156290][    T1] mtk-dvfsrc-devfreq mtk-dvfsrc-devfreq: _opp_is_duplicate: duplicate OPPs detected. Existing: freq: 8533000000, volt: 0, enabled: 1. New: freq: 8533000000, volt: 0, enabled: 1
<5>[    1.160215][    T1] mtk-hw-semaphore hw-semaphore: hw_semaphore_probe: start to probe
<5>[    1.161276][    T1] mtk-hw-semaphore hw-semaphore: hw_semaphore_probe:type:0 pa=0x1c001000
<5>[    1.162379][    T1] mtk-hw-semaphore hw-semaphore: hw_semaphore_probe:type:1 pa=0x1ec24000
<5>[    1.163488][    T1] mtk-hw-semaphore hw-semaphore: hw_semaphore_probe:master:0,(type,offset,bit)=(0,0x69c,5)
<5>[    1.164792][    T1] mtk-hw-semaphore hw-semaphore: hw_semaphore_probe:master:1,(type,offset,bit)=(1,0x18,1)
<5>[    1.166093][    T1] mtk-hw-semaphore hw-semaphore: hw_semaphore_probe:master:2,(type,offset,bit)=(1,0x18,3)
<5>[    1.167387][    T1] mtk-hw-semaphore hw-semaphore: hw_semaphore_probe:master:3,(type,offset,bit)=(0,0x6a8,5)
<5>[    1.168695][    T1] mtk-hw-semaphore hw-semaphore: hw_semaphore_probe:master:4,(type,offset,bit)=(1,0x18,0)
<5>[    1.170016][    T1] (NULL device *): mtk_smi_set_hw_sema_ops register smi cb
<6>[    1.214159][    T1] BOOTPROF:      1214.158463:initcall: init_module [clk_mt6899]    41.188923ms
<6>[    1.239646][    T1] BOOTPROF:      1239.645156:initcall: init_module [clk_mt6899_cam]    17.063769ms
<6>[    1.273876][    T1] BOOTPROF:      1273.875079:initcall: init_module [clk_mt6899_mmsys]    17.955077ms
<5>[    1.310417][    T1] mtk-scpsys-mt6899 1c001000.power-controller: Failed to find phandler named mminfra-hwv-regmap
<5>[    1.312182][    T1] mtk-scpsys-mt6899 1c001000.power-controller: hw-voter-regmap regmap is null(-19)
<5>[    1.313452][    T1] mtk-scpsys-mt6899 1c001000.power-controller: cksys2-regmap regmap is null(-19)
<5>[    1.314647][    T1] mtk-scpsys-mt6899 1c001000.power-controller: cksys2-regmap regmap is null(-19)
<5>[    1.315837][    T1] mtk-scpsys-mt6899 1c001000.power-controller: cksys2-regmap regmap is null(-19)
<5>[    1.317035][    T1] mtk-scpsys-mt6899 1c001000.power-controller: cksys2-regmap regmap is null(-19)
<5>[    1.318251][    T1] mtk-scpsys-mt6899 1c001000.power-controller: cksys2-regmap regmap is null(-19)
<5>[    1.319445][    T1] mtk-scpsys-mt6899 1c001000.power-controller: cksys2-regmap regmap is null(-19)
<5>[    1.320624][    T1] mtk-scpsys-mt6899 1c001000.power-controller: cksys2-regmap regmap is null(-19)
<5>[    1.322273][    T1] mtk-scpsys-mt6899 1163e000.power-controller: hw-voter-regmap regmap is null(-19)
<5>[    1.323597][    T1] mtk-scpsys-mt6899 1163e000.power-controller: cksys2-regmap regmap is null(-19)
<5>[    1.324795][    T1] mtk-scpsys-mt6899 1163e000.power-controller: cksys2-regmap regmap is null(-19)
<5>[    1.326000][    T1] mtk-scpsys-mt6899 1163e000.power-controller: cksys2-regmap regmap is null(-19)
<5>[    1.327210][    T1] mtk-scpsys-mt6899 1163e000.power-controller: cksys2-regmap regmap is null(-19)
<5>[    1.328398][    T1] mtk-scpsys-mt6899 1163e000.power-controller: cksys2-regmap regmap is null(-19)
<5>[    1.329593][    T1] mtk-scpsys-mt6899 1163e000.power-controller: cksys2-regmap regmap is null(-19)
<5>[    1.330778][    T1] mtk-scpsys-mt6899 1163e000.power-controller: cksys2-regmap regmap is null(-19)
<5>[    1.331968][    T1] mtk-scpsys-mt6899 1163e000.power-controller: cksys2-regmap regmap is null(-19)
<5>[    1.333159][    T1] mtk-scpsys-mt6899 1163e000.power-controller: cksys2-regmap regmap is null(-19)
<5>[    1.334347][    T1] mtk-scpsys-mt6899 1163e000.power-controller: cksys2-regmap regmap is null(-19)
<5>[    1.335525][    T1] mtk-scpsys-mt6899 1163e000.power-controller: cksys2-regmap regmap is null(-19)
<5>[    1.336734][    T1] mtk-scpsys-mt6899 1163e000.power-controller: cksys2-regmap regmap is null(-19)
<5>[    1.337962][    T1] mtk-scpsys-mt6899 1163e000.power-controller: cksys2-regmap regmap is null(-19)
<5>[    1.339171][    T1] mtk-scpsys-mt6899 1163e000.power-controller: cksys2-regmap regmap is null(-19)
<5>[    1.340381][    T1] mtk-scpsys-mt6899 1163e000.power-controller: cksys2-regmap regmap is null(-19)
<5>[    1.341600][    T1] mtk-scpsys-mt6899 1163e000.power-controller: cksys2-regmap regmap is null(-19)
<5>[    1.342790][    T1] mtk-scpsys-mt6899 1163e000.power-controller: cksys2-regmap regmap is null(-19)
<5>[    1.343969][    T1] mtk-scpsys-mt6899 1163e000.power-controller: cksys2-regmap regmap is null(-19)
<5>[    1.345153][    T1] mtk-scpsys-mt6899 1163e000.power-controller: cksys2-regmap regmap is null(-19)
<5>[    1.346331][    T1] mtk-scpsys-mt6899 1163e000.power-controller: cksys2-regmap regmap is null(-19)
<5>[    1.347528][    T1] mtk-scpsys-mt6899 1163e000.power-controller: cksys2-regmap regmap is null(-19)
<5>[    1.348723][    T1] mtk-scpsys-mt6899 1163e000.power-controller: cksys2-regmap regmap is null(-19)
<5>[    1.349924][    T1] mtk-scpsys-mt6899 1163e000.power-controller: cksys2-regmap regmap is null(-19)
<5>[    1.351117][    T1] mtk-scpsys-mt6899 1163e000.power-controller: cksys2-regmap regmap is null(-19)
<5>[    1.352296][    T1] mtk-scpsys-mt6899 1163e000.power-controller: cksys2-regmap regmap is null(-19)
<6>[    1.358777][    T1] BOOTPROF:      1358.776541:initcall: init_module [mtk_scpsys_mt6899]    48.713539ms
<3>[    1.369132][    T1] of_clk_src_onecell_get: invalid clock index 245
<3>[    1.369977][    T1] of_clk_src_onecell_get: invalid clock index 22
<3>[    1.370810][    T1] of_clk_src_onecell_get: invalid clock index 11
<3>[    1.371673][    T1] of_clk_src_onecell_get: invalid clock index 59
<5>[    1.372255][   T11] mtk-smi-common 1e804000.disp-ssc0-smi-2x1-sub-comm: mtk_smi_common_probe: init power on
<3>[    1.372557][    T1] of_clk_src_onecell_get: invalid clock index 112
<5>[    1.374048][   T11] mtk-smi-common 1e805000.disp-ssc1-smi-2x1-sub-comm: mtk_smi_common_probe: init power on
<3>[    1.374609][    T1] of_clk_src_onecell_get: invalid clock index 8
<5>[    1.376220][   T11] mtk-smi-common 1e80c000.mdp-ssc4-smi-2x1-sub-comm: mtk_smi_common_probe: init power on
<3>[    1.376691][    T1] of_clk_src_onecell_get: invalid clock index 6
<5>[    1.378211][   T11] mtk-smi-common 1e80d000.mdp-ssc5-smi-2x1-sub-comm: mtk_smi_common_probe: init power on
<3>[    1.378768][    T1] of_clk_src_onecell_get: invalid clock index 6
<5>[    1.380264][   T11] mtk-smi-common 1e807000.mmsram-smi-2x1-sub-comm3: mtk_smi_common_probe: init power on
<3>[    1.380835][    T1] of_clk_src_onecell_get: invalid clock index 2
<5>[    1.382324][   T11] mtk-smi-common 1e808000.mmsram-smi-2x1-sub-comm4: mtk_smi_common_probe: init power on
<3>[    1.382900][    T1] of_clk_src_onecell_get: invalid clock index 4
<3>[    1.385013][    T1] of_clk_src_onecell_get: invalid clock index 6
<3>[    1.385839][    T1] of_clk_src_onecell_get: invalid clock index 2
<3>[    1.386645][    T1] of_clk_src_onecell_get: invalid clock index 2
<5>[    1.386688][   T11] mtk-smi-common 14210000.smi-disp-dram-sub-comm0: mtk_smi_common_probe: init power on
<3>[    1.387448][    T1] of_clk_src_onecell_get: invalid clock index 4
<3>[    1.389510][    T1] of_clk_src_onecell_get: invalid clock index 1
<5>[    1.389543][   T11] mtk-smi-common 14211000.smi-disp-dram-sub-comm1: mtk_smi_common_probe: init power on
<3>[    1.390312][    T1] of_clk_src_onecell_get: invalid clock index 1
<5>[    1.392413][   T11] mtk-smi-common 14212000.smi-disp-dram-sub-comm2: mtk_smi_common_probe: init power on
<3>[    1.392426][    T1] of_clk_src_onecell_get: invalid clock index 100
<5>[    1.394532][   T11] mtk-smi-common 14213000.smi-disp-dram-sub-comm3: mtk_smi_common_probe: init power on
<3>[    1.394535][    T1] of_clk_src_onecell_get: invalid clock index 78
<5>[    1.396637][   T11] mtk-smi-common 14214000.smi-sram-disp-sub-comm0: mtk_smi_common_probe: init power on
<3>[    1.396638][    T1] of_clk_src_onecell_get: invalid clock index 58
<3>[    1.396682][    T1] of_clk_src_onecell_get: invalid clock index 87
<3>[    1.399544][    T1] of_clk_src_onecell_get: invalid clock index 20
<5>[    1.399560][   T11] mtk-smi-common 14215000.smi-sram-disp-sub-comm1: mtk_smi_common_probe: init power on
<3>[    1.400359][    T1] of_clk_src_onecell_get: invalid clock index 4
<3>[    1.402421][    T1] of_clk_src_onecell_get: invalid clock index 6
<3>[    1.403233][    T1] of_clk_src_onecell_get: invalid clock index 7
<3>[    1.404048][    T1] of_clk_src_onecell_get: invalid clock index 7
<3>[    1.404863][    T1] of_clk_src_onecell_get: invalid clock index 7
<3>[    1.405684][    T1] of_clk_src_onecell_get: invalid clock index 9
<3>[    1.406494][    T1] of_clk_src_onecell_get: invalid clock index 2
<3>[    1.407313][    T1] of_clk_src_onecell_get: invalid clock index 16
<3>[    1.408139][    T1] of_clk_src_onecell_get: invalid clock index 8
<3>[    1.408951][    T1] of_clk_src_onecell_get: invalid clock index 6
<3>[    1.409775][    T1] of_clk_src_onecell_get: invalid clock index 16
<3>[    1.410602][    T1] of_clk_src_onecell_get: invalid clock index 15
<3>[    1.411458][    T1] of_clk_src_onecell_get: invalid clock index 32
<3>[    1.412357][    T1] of_clk_src_onecell_get: invalid clock index 111
<5>[    1.412408][   T11] mtk-smi-larb 1440c000.smi-larb0: mtk_smi_larb_probe: init power on
<3>[    1.413199][    T1] of_clk_src_onecell_get: invalid clock index 18
<3>[    1.415068][    T1] of_clk_src_onecell_get: invalid clock index 10
<5>[    1.415181][   T11] mtk-smi-larb 1440d000.smi-larb1: mtk_smi_larb_probe: init power on
<3>[    1.415890][    T1] of_clk_src_onecell_get: invalid clock index 12
<3>[    1.417762][    T1] of_clk_src_onecell_get: invalid clock index 7
<5>[    1.417862][   T11] mtk-smi-larb 14410000.smi-larb20: mtk_smi_larb_probe: init power on
<3>[    1.418571][    T1] of_clk_src_onecell_get: invalid clock index 8
<3>[    1.420444][    T1] of_clk_src_onecell_get: invalid clock index 12
<5>[    1.420540][   T11] mtk-smi-larb 14411000.smi-larb21: mtk_smi_larb_probe: init power on
<3>[    1.421267][    T1] of_clk_src_onecell_get: invalid clock index 7
<3>[    1.423131][    T1] of_clk_src_onecell_get: invalid clock index 8
<5>[    1.423231][   T11] mtk-smi-larb 14020000.smi-larb32: mtk_smi_larb_probe: init power on
<3>[    1.423939][    T1] of_clk_src_onecell_get: invalid clock index 12
<3>[    1.425812][    T1] of_clk_src_onecell_get: invalid clock index 7
<5>[    1.425918][   T11] mtk-smi-larb 1420f000.smi-larb33: mtk_smi_larb_probe: init power on
<3>[    1.426620][    T1] of_clk_src_onecell_get: invalid clock index 8
<3>[    1.428478][    T1] of_clk_src_onecell_get: invalid clock index 10
<3>[    1.429307][    T1] of_clk_src_onecell_get: invalid clock index 14
<3>[    1.431035][    T1] of_clk_src_onecell_get: invalid clock index 34
<3>[    1.431893][    T1] of_clk_src_onecell_get: invalid clock index 44
<3>[    1.432714][    T1] of_clk_src_onecell_get: invalid clock index 1
<3>[    1.433526][    T1] of_clk_src_onecell_get: invalid clock index 1
<3>[    1.434331][    T1] of_clk_src_onecell_get: invalid clock index 1
<3>[    1.435136][    T1] of_clk_src_onecell_get: invalid clock index 1
<3>[    1.435942][    T1] of_clk_src_onecell_get: invalid clock index 1
<5>[    1.442225][    T1] pd-md add to notifier
<5>[    1.442760][    T1] pd-conn add to notifier
<5>[    1.443313][    T1] pd-peri-usb0 add to notifier
<5>[    1.443925][    T1] pd-peri-audio add to notifier
<5>[    1.444549][    T1] pd-adsp-ao add to notifier
<5>[    1.445146][    T1] pd-adsp-infra add to notifier
<5>[    1.445772][    T1] pd-adsp-top-dormant add to notifier
<3>[    1.446459][    T1] PM: genpd_xlate_onecell: invalid domain index 7
<5>[    1.446499][   T11] mtk-smi-larb 1602e000.smi-larb4: skip rpm callback
<5>[    1.447286][    T1] add pd device fail
<5>[    1.447288][    T1] 1
<5>[    1.448420][   T11] mtk-smi-larb 1600d000.smi-larb5: skip rpm callback
<5>[    1.448639][    T1] pd-mm-infra add to notifier
<5>[    1.450410][    T1] pd-isp-vcore add to notifier
<5>[    1.450588][   T11] mtk-smi-dbg smi-dbg: smi dbg_version=2
<5>[    1.451022][    T1] pd-isp-main add to notifier
<6>[    1.451829][   T11] mtk-smi-larb 1440c000.smi-larb0: larb:1 id:0 pa:0x000000001440c000 va:000000000b986413 regs_nr:231
<5>[    1.452337][    T1] pd-isp-traw add to notifier
<6>[    1.453769][   T11] mtk-smi-larb 1440d000.smi-larb1: larb:1 id:1 pa:0x000000001440d000 va:0000000064a67335 regs_nr:231
<5>[    1.454341][    T1] pd-isp-dip1 add to notifier
<6>[    1.455763][   T11] mtk-smi-larb 14410000.smi-larb20: larb:1 id:20 pa:0x0000000014410000 va:00000000e13d357b regs_nr:231
<5>[    1.456340][    T1] pd-vde0 add to notifier
<6>[    1.457787][   T11] mtk-smi-larb 14411000.smi-larb21: larb:1 id:21 pa:0x0000000014411000 va:00000000ed5b05d2 regs_nr:231
<5>[    1.458320][    T1] pd-vde1 add to notifier
<6>[    1.459764][   T11] mtk-smi-larb 14020000.smi-larb32: larb:1 id:32 pa:0x0000000014020000 va:0000000016d0cdb8 regs_nr:231
<5>[    1.460294][    T1] pd-ven0 add to notifier
<6>[    1.461741][   T11] mtk-smi-larb 1420f000.smi-larb33: larb:1 id:33 pa:0x000000001420f000 va:00000000f8ca8019 regs_nr:231
<5>[    1.462271][    T1] pd-ven1 add to notifier
<6>[    1.463715][   T11] mtk-smi-larb 1f002000.smi-larb2: larb:1 id:2 pa:0x000000001f002000 va:0000000073978d68 regs_nr:231
<5>[    1.464246][    T1] pd-cam-vcore add to notifier
<6>[    1.465671][   T11] mtk-smi-larb 1f802000.smi-larb3: larb:1 id:3 pa:0x000000001f802000 va:0000000080f73d6b regs_nr:231
<5>[    1.466259][    T1] pd-cam-main add to notifier
<6>[    1.467682][   T11] mtk-smi-larb 15001000.smi-larb9: larb:1 id:9 pa:0x0000000015001000 va:00000000b5c2f4f5 regs_nr:231
<5>[    1.468256][    T1] pd-cam-mraw add to notifier
<6>[    1.469682][   T11] mtk-smi-larb 15230000.smi-larb11: larb:1 id:11 pa:0x0000000015230000 va:00000000a30263e9 regs_nr:231
<5>[    1.470260][    T1] pd-cam-suba add to notifier
<6>[    1.471703][   T11] mtk-smi-larb 15320000.smi-larb12: larb:1 id:12 pa:0x0000000015320000 va:00000000a63ca5c5 regs_nr:231
<5>[    1.472283][    T1] pd-cam-subb add to notifier
<6>[    1.473729][   T11] mtk-smi-larb 15140000.smi-larb15: larb:1 id:15 pa:0x0000000015140000 va:00000000fe5d4639 regs_nr:231
<5>[    1.474306][    T1] pd-cam-subc add to notifier
<6>[    1.475750][   T11] mtk-smi-larb 15006000.smi-larb18: larb:1 id:18 pa:0x0000000015006000 va:0000000037501139 regs_nr:231
<5>[    1.476330][    T1] pd-cam-ccu add to notifier
<6>[    1.477775][   T11] mtk-smi-larb 15530000.smi-larb22: larb:1 id:22 pa:0x0000000015530000 va:000000003254f97b regs_nr:231
<5>[    1.478341][    T1] pd-cam-ccu-ao add to notifier
<6>[    1.479785][   T11] mtk-smi-larb 15630000.smi-larb23: larb:1 id:23 pa:0x0000000015630000 va:00000000bc697d72 regs_nr:231
<5>[    1.480384][    T1] pd-disp-vcore add to notifier
