----- timezone:Asia/Shanghai
<6>[    0.000000][    T0] Booting Linux on physical CPU 0x0000000000 [0x410fd871]
<5>[    0.000000][    T0] Linux version 6.6.118-android15-8-gf9c84f40b6ba-ab14657223-4k (kleaf@build-host) (Android (11368308, +pgo, +bolt, +lto, +mlgo, based on r510928) clang version 18.0.0 (https://android.googlesource.com/toolchain/llvm-project 477610d4d0d988e69dbc3fae4fe86bff3f07f2b5), LLD 18.0.0) #1 SMP PREEMPT Sat Jan  3 21:50:53 UTC 2026
<6>[    0.000000][    T0] KASLR enabled
<6>[    0.000000][    T0] Machine model: MT6899
<6>[    0.000000][    T0] stackdepot: disabled
<4>[    0.000000][    T0] KVM is not available. Ignoring kvm-arm.mode
<6>[    0.000000][    T0] earlycon: uart8250 at MMIO32 0x0000000011001000 (options '')
<6>[    0.000000][    T0] printk: bootconsole [uart8250] enabled
<6>[    0.000000][    T0] panic_on_taint: bitmask=0x20 nousertaint_mode=disabled
<6>[    0.000000][    T0] efi: UEFI not found.
<6>[    0.000000][    T0] OF: reserved mem: 0x0000000040000000..0x000000004000ffff (64 KiB) map non-reusable mkp-kernel-code-protection-memory
<6>[    0.000000][    T0] OF: reserved mem: 0x0000000042390000..0x000000004251ffff (1600 KiB) map non-reusable ccci-dpmaif-cache-memory
<6>[    0.000000][    T0] OF: reserved mem: 0x0000000042520000..0x000000004256ffff (320 KiB) nomap non-reusable ccci-dpmaif-nocache-memory
<6>[    0.000000][    T0] Reserved memory: created CMA memory pool at 0x0000000090000000, size 160 MiB
<6>[    0.000000][    T0] OF: reserved mem: initialized node ssmr-reserved-cma-memory, compatible id shared-dma-pool
<6>[    0.000000][    T0] OF: reserved mem: 0x0000000090000000..0x0000000099ffffff (163840 KiB) map reusable ssmr-reserved-cma-memory
<6>[    0.000000][    T0] OF: reserved mem: 0x0000000048080000..0x000000004808ffff (64 KiB) nomap non-reusable mblock-1-aee_debug_kinfo
<6>[    0.000000][    T0] OF: reserved mem: 0x0000000048090000..0x000000004809ffff (64 KiB) nomap non-reusable mblock-3-minirdump
<6>[    0.000000][    T0] OF: reserved mem: 0x0000000048410000..0x000000004841ffff (64 KiB) nomap non-reusable mblock-6-crypto_hw
<6>[    0.000000][    T0] OF: reserved mem: 0x0000000048800000..0x00000000489fffff (2048 KiB) nomap non-reusable mblock-4-BL31-reserved
<6>[    0.000000][    T0] OF: reserved mem: 0x000000006ec00000..0x000000006ef0ffff (3136 KiB) nomap non-reusable mblock-2-pstore
<6>[    0.000000][    T0] OF: reserved mem: 0x000000007a000000..0x000000007b2affff (19136 KiB) nomap non-reusable mblock-44-adsp_image_reserved
<6>[    0.000000][    T0] OF: reserved mem: 0x000000007be00000..0x000000007dffffff (34816 KiB) nomap non-reusable mblock-24-platform_mtksmmu_protpgd
<6>[    0.000000][    T0] OF: reserved mem: 0x000000007e000000..0x000000007e7fffff (8192 KiB) map non-reusable mblock-5-aee_lk
<6>[    0.000000][    T0] OF: reserved mem: 0x000000007fd60000..0x000000007fedffff (1536 KiB) nomap non-reusable mblock-50-me_GPUEB_SHARED
<6>[    0.000000][    T0] OF: reserved mem: 0x000000007fee0000..0x000000007ffdffff (1024 KiB) nomap non-reusable mblock-26-MCUPM-reserved
<6>[    0.000000][    T0] OF: reserved mem: 0x000000007ffe0000..0x000000007ffeffff (64 KiB) map non-reusable mblock-11-tran_devmsg
<6>[    0.000000][    T0] OF: reserved mem: 0x000000007fff0000..0x000000007fffffff (64 KiB) nomap non-reusable mblock-9-emi_mbist_buf
<6>[    0.000000][    T0] OF: reserved mem: 0x0000000080000000..0x00000000800fffff (1024 KiB) nomap non-reusable mblock-33-mm_ccu_reserved
<6>[    0.000000][    T0] OF: reserved mem: 0x0000000089e00000..0x000000008aafffff (13312 KiB) nomap non-reusable mblock-46-consys_emi_reserved
<6>[    0.000000][    T0] Reserved memory: created DMA memory pool at 0x000000008ab00000, size 20 MiB
<6>[    0.000000][    T0] OF: reserved mem: initialized node mblock-47-shared-dma-pool_wifi-reserve-memory_dma, compatible id shared-dma-pool
<6>[    0.000000][    T0] OF: reserved mem: 0x000000008ab00000..0x000000008befffff (20480 KiB) nomap non-reusable mblock-47-shared-dma-pool_wifi-reserve-memory_dma
<6>[    0.000000][    T0] OF: reserved mem: 0x000000008bf00000..0x000000008bf1ffff (128 KiB) nomap non-reusable mblock-48-consys_scp_emi-reserved
<6>[    0.000000][    T0] OF: reserved mem: 0x000000008c000000..0x000000008db5ffff (28032 KiB) nomap non-reusable mblock-39-ap_md_c_smem
<6>[    0.000000][    T0] OF: reserved mem: 0x000000008e000000..0x000000008e13ffff (1280 KiB) nomap non-reusable mblock-30-ap_md_nc_smem
<6>[    0.000000][    T0] OF: reserved mem: 0x000000008ed60000..0x000000008effffff (2688 KiB) nomap non-reusable mblock-35-apu_apusys-rv_aee-coredump
<6>[    0.000000][    T0] OF: reserved mem: 0x000000008f000000..0x000000008f89ffff (8832 KiB) nomap non-reusable mblock-32-reserve-memory-scp_share
<6>[    0.000000][    T0] OF: reserved mem: 0x000000008f900000..0x000000008f9fffff (1024 KiB) nomap non-reusable mblock-36-apu_sapu_apurvgzctrlshm
<6>[    0.000000][    T0] OF: reserved mem: 0x000000008fa00000..0x000000008fffffff (6144 KiB) nomap non-reusable mblock-34-apu_apusys-rv_secure
<6>[    0.000000][    T0] OF: reserved mem: 0x000000009fc60000..0x000000009fd6ffff (1088 KiB) nomap non-reusable mblock-52-sspm_ap-shared
<6>[    0.000000][    T0] OF: reserved mem: 0x000000009fd70000..0x000000009ffeffff (2560 KiB) nomap non-reusable mblock-25-SSPM-reserved
<6>[    0.000000][    T0] OF: reserved mem: 0x00000000b8000000..0x00000000b8a1ffff (10368 KiB) nomap non-reusable mblock-31-SCP-reserved
<6>[    0.000000][    T0] OF: reserved mem: 0x00000000bec00000..0x00000000bf3fffff (8192 KiB) nomap non-reusable mblock-45-me_vcp_reserved
<6>[    0.000000][    T0] OF: reserved mem: 0x00000000bf400000..0x00000000bfcfffff (9216 KiB) nomap non-reusable mblock-27-tee-secmem
<6>[    0.000000][    T0] OF: reserved mem: 0x00000000bfdf0000..0x00000000bfdfffff (64 KiB) nomap non-reusable mblock-37-ccci_tag_mem
<6>[    0.000000][    T0] OF: reserved mem: 0x00000000bfe00000..0x00000000bfffffff (2048 KiB) nomap non-reusable mblock-12-atf-log-reserved
<6>[    0.000000][    T0] OF: reserved mem: 0x00000000d0000000..0x00000000d26effff (39872 KiB) nomap non-reusable mblock-38-md_mem_usage
<6>[    0.000000][    T0] OF: reserved mem: 0x00000000d3000000..0x00000000d313ffff (1280 KiB) nomap non-reusable mblock-40-md_mem_usage
<6>[    0.000000][    T0] OF: reserved mem: 0x00000000d4000000..0x00000000dacdffff (111488 KiB) nomap non-reusable mblock-41-md_mem_usage
<6>[    0.000000][    T0] OF: reserved mem: 0x00000000db000000..0x00000000db0dffff (896 KiB) nomap non-reusable mblock-42-md_mem_usage
<6>[    0.000000][    T0] OF: reserved mem: 0x00000000ed600000..0x00000000edffffff (10240 KiB) nomap non-reusable mblock-43-md_mem_usage
<6>[    0.000000][    T0] OF: reserved mem: 0x00000000f4000000..0x00000000f4c9ffff (12928 KiB) nomap non-reusable mblock-49-adsp_shared_reserved
<6>[    0.000000][    T0] OF: reserved mem: 0x00000000f6000000..0x00000000f627ffff (2560 KiB) nomap non-reusable mblock-29-platform-debug_dfdmcu_dump
<6>[    0.000000][    T0] OF: reserved mem: 0x00000000f7000000..0x00000000f71fffff (2048 KiB) nomap non-reusable mblock-15-platform-debug_dfdsoc_dump
<6>[    0.000000][    T0] OF: reserved mem: 0x00000000f7200000..0x00000000fd1fffff (98304 KiB) nomap non-reusable mblock-28-tee-reserved
<6>[    0.000000][    T0] OF: reserved mem: 0x00000000fd200000..0x00000000fd7fffff (6144 KiB) nomap non-reusable mblock-18-me_GPUmputab_PMA
<6>[    0.000000][    T0] OF: reserved mem: 0x00000000fd920000..0x00000000fd95ffff (256 KiB) nomap non-reusable mblock-51-platform-debug_slbc_shared
<6>[    0.000000][    T0] OF: reserved mem: 0x00000000fd960000..0x00000000fffeffff (39488 KiB) map non-reusable mblock-16-framebuffer
<6>[    0.000000][    T0] OF: reserved mem: 0x00000001bfff0000..0x00000001bfffffff (64 KiB) nomap non-reusable mblock-7-dramc-rk0
<6>[    0.000000][    T0] OF: reserved mem: 0x000000033ce00000..0x000000033cffffff (2048 KiB) nomap non-reusable mblock-19-me_gpu_reserved
<6>[    0.000000][    T0] OF: reserved mem: 0x000000033d000000..0x000000033d3fffff (4096 KiB) nomap non-reusable mblock-14-tkv-reserved
<6>[    0.000000][    T0] OF: reserved mem: 0x000000033d400000..0x000000033d5fffff (2048 KiB) nomap non-reusable mblock-22-mkp
<6>[    0.000000][    T0] OF: reserved mem: 0x000000033d600000..0x000000033d7fffff (2048 KiB) nomap non-reusable mblock-21-security_pvmfw
<6>[    0.000000][    T0] OF: reserved mem: 0x000000033d800000..0x000000033fbfffff (36864 KiB) nomap non-reusable mblock-20-gz
<6>[    0.000000][    T0] OF: reserved mem: 0x000000033fc00000..0x000000033fdfffff (2048 KiB) nomap non-reusable mblock-17-me_cmdq_reserved
<6>[    0.000000][    T0] OF: reserved mem: 0x000000033fe00000..0x000000033fe4ffff (320 KiB) map non-reusable mblock-23-gz-log
<6>[    0.000000][    T0] OF: reserved mem: 0x000000033ff60000..0x000000033ff6ffff (64 KiB) nomap non-reusable mblock-13-security_dice_common
<6>[    0.000000][    T0] OF: reserved mem: 0x000000033ff70000..0x000000033ffeffff (512 KiB) map non-reusable mblock-10-log_store
<6>[    0.000000][    T0] OF: reserved mem: 0x000000033fff0000..0x000000033fffffff (64 KiB) nomap non-reusable mblock-8-dramc-rk1
<6>[    0.000000][    T0] Zone ranges:
<6>[    0.000000][    T0]   DMA32    empty
<6>[    0.000000][    T0]   Normal   [mem 0x0000000040000000-0x000000033fffffff]
<6>[    0.000000][    T0] Movable zone start for each node
<6>[    0.000000][    T0] NoSplit zone start for each node
<6>[    0.000000][    T0] NoMerge zone start for each node
<6>[    0.000000][    T0] Early memory node ranges
<6>[    0.000000][    T0]   node   0: [mem 0x0000000040000000-0x000000004251ffff]
<6>[    0.000000][    T0]   node   0: [mem 0x0000000042520000-0x000000004256ffff]
<6>[    0.000000][    T0]   node   0: [mem 0x0000000042570000-0x000000004807ffff]
<6>[    0.000000][    T0]   node   0: [mem 0x0000000048080000-0x000000004809ffff]
<6>[    0.000000][    T0]   node   0: [mem 0x00000000480a0000-0x000000004840ffff]
<6>[    0.000000][    T0]   node   0: [mem 0x0000000048410000-0x000000004841ffff]
<6>[    0.000000][    T0]   node   0: [mem 0x0000000048420000-0x00000000487fffff]
<6>[    0.000000][    T0]   node   0: [mem 0x0000000048800000-0x00000000489fffff]
<6>[    0.000000][    T0]   node   0: [mem 0x0000000048a00000-0x000000006ebfffff]
<6>[    0.000000][    T0]   node   0: [mem 0x000000006ec00000-0x000000006ef0ffff]
<6>[    0.000000][    T0]   node   0: [mem 0x000000006ef10000-0x0000000079ffffff]
<6>[    0.000000][    T0]   node   0: [mem 0x000000007a000000-0x000000007b2affff]
<6>[    0.000000][    T0]   node   0: [mem 0x000000007b2b0000-0x000000007bdfffff]
<6>[    0.000000][    T0]   node   0: [mem 0x000000007be00000-0x000000007dffffff]
<6>[    0.000000][    T0]   node   0: [mem 0x000000007e000000-0x000000007fd5ffff]
<6>[    0.000000][    T0]   node   0: [mem 0x000000007fd60000-0x000000007ffdffff]
<6>[    0.000000][    T0]   node   0: [mem 0x000000007ffe0000-0x000000007ffeffff]
<6>[    0.000000][    T0]   node   0: [mem 0x000000007fff0000-0x00000000800fffff]
<6>[    0.000000][    T0]   node   0: [mem 0x0000000080100000-0x0000000089dfffff]
<6>[    0.000000][    T0]   node   0: [mem 0x0000000089e00000-0x000000008bf1ffff]
<6>[    0.000000][    T0]   node   0: [mem 0x000000008bf20000-0x000000008bffffff]
<6>[    0.000000][    T0]   node   0: [mem 0x000000008c000000-0x000000008db5ffff]
<6>[    0.000000][    T0]   node   0: [mem 0x000000008db60000-0x000000008dffffff]
<6>[    0.000000][    T0]   node   0: [mem 0x000000008e000000-0x000000008e13ffff]
<6>[    0.000000][    T0]   node   0: [mem 0x000000008e140000-0x000000008ed5ffff]
<6>[    0.000000][    T0]   node   0: [mem 0x000000008ed60000-0x000000008f89ffff]
<6>[    0.000000][    T0]   node   0: [mem 0x000000008f8a0000-0x000000008f8fffff]
<6>[    0.000000][    T0]   node   0: [mem 0x000000008f900000-0x000000008fffffff]
<6>[    0.000000][    T0]   node   0: [mem 0x0000000090000000-0x000000009fc5ffff]
<6>[    0.000000][    T0]   node   0: [mem 0x000000009fc60000-0x000000009ffeffff]
<6>[    0.000000][    T0]   node   0: [mem 0x000000009fff0000-0x00000000b7ffffff]
<6>[    0.000000][    T0]   node   0: [mem 0x00000000b8000000-0x00000000b8a1ffff]
<6>[    0.000000][    T0]   node   0: [mem 0x00000000b8a20000-0x00000000bebfffff]
<6>[    0.000000][    T0]   node   0: [mem 0x00000000bec00000-0x00000000bfcfffff]
<6>[    0.000000][    T0]   node   0: [mem 0x00000000bfd00000-0x00000000bfdeffff]
<6>[    0.000000][    T0]   node   0: [mem 0x00000000bfdf0000-0x00000000bfffffff]
<6>[    0.000000][    T0]   node   0: [mem 0x00000000c0000000-0x00000000cfffffff]
<6>[    0.000000][    T0]   node   0: [mem 0x00000000d0000000-0x00000000d26effff]
<6>[    0.000000][    T0]   node   0: [mem 0x00000000d26f0000-0x00000000d2ffffff]
<6>[    0.000000][    T0]   node   0: [mem 0x00000000d3000000-0x00000000d313ffff]
<6>[    0.000000][    T0]   node   0: [mem 0x00000000d3140000-0x00000000d3ffffff]
<6>[    0.000000][    T0]   node   0: [mem 0x00000000d4000000-0x00000000dacdffff]
<6>[    0.000000][    T0]   node   0: [mem 0x00000000dace0000-0x00000000daffffff]
<6>[    0.000000][    T0]   node   0: [mem 0x00000000db000000-0x00000000db0dffff]
<6>[    0.000000][    T0]   node   0: [mem 0x00000000db0e0000-0x00000000ed5fffff]
<6>[    0.000000][    T0]   node   0: [mem 0x00000000ed600000-0x00000000edffffff]
<6>[    0.000000][    T0]   node   0: [mem 0x00000000ee000000-0x00000000f3ffffff]
<6>[    0.000000][    T0]   node   0: [mem 0x00000000f4000000-0x00000000f4c9ffff]
<6>[    0.000000][    T0]   node   0: [mem 0x00000000f4ca0000-0x00000000f5ffffff]
<6>[    0.000000][    T0]   node   0: [mem 0x00000000f6000000-0x00000000f627ffff]
<6>[    0.000000][    T0]   node   0: [mem 0x00000000f6280000-0x00000000f6ffffff]
<6>[    0.000000][    T0]   node   0: [mem 0x00000000f7000000-0x00000000fd7fffff]
<6>[    0.000000][    T0]   node   0: [mem 0x00000000fd800000-0x00000000fd91ffff]
<6>[    0.000000][    T0]   node   0: [mem 0x00000000fd920000-0x00000000fd95ffff]
<6>[    0.000000][    T0]   node   0: [mem 0x00000000fd960000-0x00000001bffeffff]
<6>[    0.000000][    T0]   node   0: [mem 0x00000001bfff0000-0x00000001bfffffff]
<6>[    0.000000][    T0]   node   0: [mem 0x00000001c0000000-0x000000033cdfffff]
<6>[    0.000000][    T0]   node   0: [mem 0x000000033ce00000-0x000000033fdfffff]
<6>[    0.000000][    T0]   node   0: [mem 0x000000033fe00000-0x000000033ff5ffff]
<6>[    0.000000][    T0]   node   0: [mem 0x000000033ff60000-0x000000033ff6ffff]
<6>[    0.000000][    T0]   node   0: [mem 0x000000033ff70000-0x000000033ffeffff]
<6>[    0.000000][    T0]   node   0: [mem 0x000000033fff0000-0x000000033fffffff]
<6>[    0.000000][    T0] Initmem setup node 0 [mem 0x0000000040000000-0x000000033fffffff]
<6>[    0.000000][    T0] cma: Reserved 16 MiB at 0x0000000100000000 on node -1
<6>[    0.000000][    T0] psci: probing for conduit method from DT.
<6>[    0.000000][    T0] psci: PSCIv1.1 detected in firmware.
<6>[    0.000000][    T0] psci: Using standard PSCI v0.2 function IDs
<6>[    0.000000][    T0] psci: MIGRATE_INFO_TYPE not supported.
<6>[    0.000000][    T0] psci: SMC Calling Convention v1.4
<6>[    0.000000][    T0] Load bootconfig: 872 bytes 52 nodes
<6>[    0.000000][    T0] percpu: Embedded 31 pages/cpu s88232 r8192 d30552 u126976
<7>[    0.000000][    T0] pcpu-alloc: s88232 r8192 d30552 u126976 alloc=31*4096
<7>[    0.000000][    T0] pcpu-alloc: [0] 0 [0] 1 [0] 2 [0] 3 [0] 4 [0] 5 [0] 6 [0] 7 
<6>[    0.000000][    T0] Detected PIPT I-cache on CPU0
<4>[    0.000000][    T0] CPU features: SYS_ID_AA64MMFR1_EL1[11:8]: forced to 0
<4>[    0.000000][    T0] CPU features: SYS_ID_AA64PFR1_EL1[11:8]: forced to 0
<6>[    0.000000][    T0] CPU features: detected: Address authentication (architected QARMA3 algorithm)
<6>[    0.000000][    T0] CPU features: detected: GIC system register CPU interface
<6>[    0.000000][    T0] CPU features: detected: HCRX_EL2 register
<6>[    0.000000][    T0] CPU features: detected: Hardware dirty bit management
<6>[    0.000000][    T0] CPU features: detected: Spectre-v4
<6>[    0.000000][    T0] CPU features: detected: Spectre-BHB
<6>[    0.000000][    T0] CPU features: detected: SSBS not fully self-synchronizing
<6>[    0.000000][    T0] alternatives: applying boot alternatives
<5>[    0.000000][    T0] Kernel command line: console=ttynull stack_depot_disable=on cgroup_disable=pressure kasan.stacktrace=off kvm-arm.mode=protected bootconfig ioremap_guard  console=tty0 root=/dev/ram nosoftlockup 8250.nr_uarts=4 vmalloc=400M swiotlb=noforce firmware_class.path=/vendor/firmware,/odm/firmware cgroup.memory=nosocket,nokmem disable_dma32=on rcu_nocbs=all transparent_hugepage=never gpt=1 loop.max_part=7 ufshcd_core.poll_queues=0 arm64.nomte earlycon=uart8250,mmio32,0x11001000 console=ttyS0,921600n1 log_buf_len=4M PMIC_UVLO=0xffff usb2jtag_mode=0 root=/dev/ram bootopt=64S3,32N2,64N2 log_buf_len=2m mtk_printk_ctrl.disable_uart=0 panic_on_taint=20 sfi=0x00000000 ramoops.mem_address=0x6ec00000 ramoops.mem_size=0x310000 ramoops.pmsg_size=0x100000 ramoops.console_size=0x200000 tkv=13908312064 bootconfig
<6>[    0.000000][    T0] cgroup: Disabling pressure control group feature
<5>[    0.000000][    T0] Unknown kernel command line parameters "vmalloc=400M PMIC_UVLO=0xffff usb2jtag_mode=0 bootopt=64S3,32N2,64N2 sfi=0x00000000 tkv=13908312064", will be passed to user space.
<6>[    0.000000][    T0] printk: log buffer data + meta data: 2097152 + 7340032 = 9437184 bytes
<6>[    0.000000][    T0] printk: early log buf free: 116456(88%)
<6>[    0.000000][    T0] Dentry cache hash table entries: 2097152 (order: 12, 16777216 bytes, linear)
<6>[    0.000000][    T0] Inode-cache hash table entries: 1048576 (order: 11, 8388608 bytes, linear)
<6>[    0.000000][    T0] Built 1 zonelists, mobility grouping on.  Total pages: 3096576
<6>[    0.000000][    T0] mem auto-init: stack:all(zero), heap alloc:on, heap free:off
<6>[    0.000000][    T0] software IO TLB: SWIOTLB bounce buffer size adjusted to 12MB
<6>[    0.000000][    T0] Memory: 11510684K/12582912K available (16960K kernel code, 2074K rwdata, 12480K rodata, 4160K init, 583K bss, 892004K reserved, 180224K cma-reserved)
<6>[    0.000000][    T0] SLUB: HWalign=64, Order=0-3, MinObjects=0, CPUs=8, Nodes=1
<6>[    0.000000][    T0] trace event string verifier disabled
<6>[    0.000000][    T0] rcu: Preemptible hierarchical RCU implementation.
<6>[    0.000000][    T0] rcu: 	RCU event tracing is enabled.
<6>[    0.000000][    T0] rcu: 	RCU restricting CPUs from NR_CPUS=32 to nr_cpu_ids=8.
<6>[    0.000000][    T0] rcu: 	RCU priority boosting: priority 1 delay 500 ms.
<6>[    0.000000][    T0] 	Trampoline variant of Tasks RCU enabled.
<6>[    0.000000][    T0] 	Tracing variant of Tasks RCU enabled.
<6>[    0.000000][    T0] rcu: RCU calculated value of scheduler-enlistment delay is 25 jiffies.
<6>[    0.000000][    T0] rcu: Adjusting geometry for rcu_fanout_leaf=16, nr_cpu_ids=8
<6>[    0.000000][    T0] NR_IRQS: 64, nr_irqs: 64, preallocated irqs: 0
<6>[    0.000000][    T0] GIC: enabling workaround for GICv3: ARM64 erratum 2941627
<6>[    0.000000][    T0] GICv3: 960 SPIs implemented
<6>[    0.000000][    T0] GICv3: 224 Extended SPIs implemented
<6>[    0.000000][    T0] Root IRQ handler: gic_handle_irq
<6>[    0.000000][    T0] GICv3: GICv3 features: 16 PPIs
<6>[    0.000000][    T0] GICv3: CPU0: found redistributor 0 region 0:0x000000000c440000
<6>[    0.000000][    T0] GICv3: GIC: PPI partition interrupt-partition-0[0] { /cpus/cpu@0[0] /cpus/cpu@1[1] /cpus/cpu@2[2] /cpus/cpu@3[3] /cpus/cpu@100[4] /cpus/cpu@101[5] /cpus/cpu@102[6] /cpus/cpu@200[7] }
<6>[    0.000000][    T0] rcu: 	Offload RCU callbacks from CPUs: 0-7.
<6>[    0.000000][    T0] rcu: srcu_init: Setting srcu_struct sizes based on contention.
<6>[    0.000000][    T0] arch_timer: cp15 timer(s) running at 13.00MHz (virt).
<6>[    0.000000][    T0] clocksource: arch_sys_counter: mask: 0xffffffffffffff max_cycles: 0x2ff89eacb, max_idle_ns: 440795202429 ns
<6>[    0.000000][    T0] sched_clock: 56 bits at 13MHz, resolution 76ns, wraps every 4398046511101ns
<6>[    0.002169][    T0] kfence: initialized - using 524288 bytes for 63 objects at 0x(____ptrval____)-0x(____ptrval____)
<6>[    0.003707][    T0] serial port 0 not yet initialized
<6>[    0.004387][    T0] Calibrating delay loop (skipped), value calculated using timer frequency.. 26.00 BogoMIPS (lpj=52000)
<6>[    0.005845][    T0] pid_max: default: 32768 minimum: 301
<6>[    0.007704][    T0] LSM: initializing lsm=capability,selinux,bpf,integrity
<6>[    0.009343][    T0] SELinux:  Initializing.
<6>[    0.011816][    T0] LSM support for eBPF active
<6>[    0.012790][    T0] Mount-cache hash table entries: 32768 (order: 6, 262144 bytes, linear)
<6>[    0.013901][    T0] Mountpoint-cache hash table entries: 32768 (order: 6, 262144 bytes, linear)
<4>[    0.016526][    T1] cacheinfo: Unable to detect cache hierarchy for CPU 0
<6>[    0.017703][    T1] RCU Tasks: Setting shift to 3 and lim to 1 rcu_task_cb_adjust=1.
<6>[    0.018767][    T1] RCU Tasks Trace: Setting shift to 3 and lim to 1 rcu_task_cb_adjust=1.
<6>[    0.019942][    T1] rcu: Hierarchical SRCU implementation.
<6>[    0.020671][    T1] rcu: 	Max phase no-delay instances is 1000.
<6>[    0.021875][    T1] dyndbg: Ignore empty _ddebug table in a CONFIG_DYNAMIC_DEBUG_CORE build
<6>[    0.025014][    T1] EFI services will not be available.
<6>[    0.025894][    T1] smp: Bringing up secondary CPUs ...
<6>[    0.026959][    T0] Detected PIPT I-cache on CPU1
<6>[    0.026981][    T0] GICv3: CPU1: found redistributor 100 region 0:0x000000000c460000
<6>[    0.026997][    T0] CPU1: Booted secondary processor 0x0000000100 [0x410fd871]
<6>[    0.027439][    T0] Detected PIPT I-cache on CPU2
<6>[    0.027462][    T0] GICv3: CPU2: found redistributor 200 region 0:0x000000000c480000
<6>[    0.027479][    T0] CPU2: Booted secondary processor 0x0000000200 [0x410fd871]
<6>[    0.027890][    T0] Detected PIPT I-cache on CPU3
<6>[    0.027913][    T0] GICv3: CPU3: found redistributor 300 region 0:0x000000000c4a0000
<6>[    0.027930][    T0] CPU3: Booted secondary processor 0x0000000300 [0x410fd871]
<6>[    0.028733][    T0] Detected PIPT I-cache on CPU4
<6>[    0.028762][    T0] GICv3: CPU4: found redistributor 400 region 0:0x000000000c4c0000
<6>[    0.028782][    T0] CPU4: Booted secondary processor 0x0000000400 [0x410fd871]
<6>[    0.029265][    T0] Detected PIPT I-cache on CPU5
<6>[    0.029295][    T0] GICv3: CPU5: found redistributor 500 region 0:0x000000000c4e0000
<6>[    0.029313][    T0] CPU5: Booted secondary processor 0x0000000500 [0x410fd871]
<6>[    0.029787][    T0] Detected PIPT I-cache on CPU6
<6>[    0.029818][    T0] GICv3: CPU6: found redistributor 600 region 0:0x000000000c500000
<6>[    0.029836][    T0] CPU6: Booted secondary processor 0x0000000600 [0x410fd871]
<6>[    0.030339][    T0] Detected PIPT I-cache on CPU7
<6>[    0.030372][    T0] GICv3: CPU7: found redistributor 700 region 0:0x000000000c520000
<6>[    0.030391][    T0] CPU7: Booted secondary processor 0x0000000700 [0x410fd871]
<6>[    0.030455][    T1] smp: Brought up 1 node, 8 CPUs
<6>[    0.049385][    T1] SMP: Total of 8 processors activated.
<6>[    0.050113][    T1] CPU features: detected: Branch Target Identification
<6>[    0.051004][    T1] CPU features: detected: ARMv8.4 Translation Table Level
<6>[    0.051928][    T1] CPU features: detected: Data cache clean to the PoU not required for I/D coherence
<6>[    0.053165][    T1] CPU features: detected: Common not Private translations
<6>[    0.054093][    T1] CPU features: detected: CRC32 instructions
<6>[    0.054867][    T1] CPU features: detected: Data cache clean to Point of Deep Persistence
<6>[    0.055952][    T1] CPU features: detected: Data cache clean to Point of Persistence
<6>[    0.056981][    T1] CPU features: detected: Data independent timing control (DIT)
<6>[    0.057974][    T1] CPU features: detected: E0PD
<6>[    0.058596][    T1] CPU features: detected: Enhanced Counter Virtualization
<6>[    0.059529][    T1] CPU features: detected: Enhanced Counter Virtualization (CNTPOFF)
<6>[    0.060569][    T1] CPU features: detected: Enhanced Privileged Access Never
<6>[    0.061505][    T1] CPU features: detected: Enhanced Virtualization Traps
<6>[    0.062406][    T1] CPU features: detected: Fine Grained Traps
<6>[    0.063185][    T1] CPU features: detected: Generic authentication (architected QARMA3 algorithm)
<6>[    0.064363][    T1] CPU features: detected: RCpc load-acquire (LDAPR)
<6>[    0.065219][    T1] CPU features: detected: LSE atomic instructions
<6>[    0.066051][    T1] CPU features: detected: Privileged Access Never
<6>[    0.066883][    T1] CPU features: detected: RAS Extension Support
<6>[    0.067700][    T1] CPU features: detected: Speculation barrier (SB)
<6>[    0.068551][    T1] CPU features: detected: Stage-2 Force Write-Back
<6>[    0.069395][    T1] CPU features: detected: TLB range maintenance instructions
<6>[    0.070354][    T1] CPU features: detected: WFx with timeout
<6>[    0.071105][    T1] CPU features: detected: Speculative Store Bypassing Safe (SSBS)
<6>[    0.072125][    T1] CPU features: detected: Scalable Vector Extension
<6>[    0.073000][   T63] CPU features: detected CPU6: Activity Monitors Unit (AMU)
<6>[    0.073000][   T70] CPU features: detected CPU7: Activity Monitors Unit (AMU)
<6>[    0.073000][   T56] CPU features: detected CPU5: Activity Monitors Unit (AMU)
<6>[    0.073001][   T22] CPU features: detected CPU0: Activity Monitors Unit (AMU)
<6>[    0.073001][   T34] CPU features: detected CPU2: Activity Monitors Unit (AMU)
<6>[    0.073000][   T48] CPU features: detected CPU4: Activity Monitors Unit (AMU)
<6>[    0.073001][   T27] CPU features: detected CPU1: Activity Monitors Unit (AMU)
<6>[    0.073001][   T41] CPU features: detected CPU3: Activity Monitors Unit (AMU)
<6>[    0.080607][    T1] SVE: maximum available vector length 16 bytes per vector
<6>[    0.081546][    T1] SVE: default vector length 16 bytes per vector
<6>[    0.082371][    T1] CPU: All CPU(s) started at EL1
<6>[    0.083016][    T1] alternatives: applying system-wide alternatives
<6>[    0.103888][    T1] clocksource: jiffies: mask: 0xffffffff max_cycles: 0xffffffff, max_idle_ns: 7645041785100000 ns
<6>[    0.105293][    T1] futex hash table entries: 2048 (order: 5, 131072 bytes, linear)
<6>[    0.107929][    T1] pinctrl core: initialized pinctrl subsystem
<6>[    0.109447][    T1] NET: Registered PF_NETLINK/PF_ROUTE protocol family
<6>[    0.111142][    T1] DMA: preallocated 2048 KiB GFP_KERNEL pool for atomic allocations
<6>[    0.112554][    T1] audit: initializing netlink subsys (disabled)
<5>[    0.113466][   T76] audit: type=2000 audit(0.100:1): state=initialized audit_enabled=0 res=1
<6>[    0.113483][    T1] ramoops: using module parameters
<6>[    0.117640][    T1] pstore: Using crash dump compression: deflate
<6>[    0.118458][    T1] printk: console [ramoops-1] enabled
<6>[    0.119670][    T1] pstore: Registered ramoops as persistent store backend
<6>[    0.120587][    T1] ramoops: using 0x310000@0x6ec00000, ecc: 0
<6>[    0.121532][    T1] thermal_sys: Registered thermal governor 'bang_bang'
<6>[    0.121535][    T1] thermal_sys: Registered thermal governor 'step_wise'
<6>[    0.122429][    T1] thermal_sys: Registered thermal governor 'user_space'
<6>[    0.123321][    T1] thermal_sys: Registered thermal governor 'power_allocator'
<6>[    0.124263][    T1] cpuidle: using governor menu
<6>[    0.126064][    T1] hw-breakpoint: found 6 breakpoint and 4 watchpoint registers.
<6>[    0.127159][    T1] ASID allocator initialised with 65536 entries
<6>[    0.128228][    T1] Serial: AMBA PL011 UART driver
<3>[    0.153399][    T1] OF: /soc/ccu_rproc@1b080000: could not find phandle 263105
<3>[    0.154439][    T1] OF: /soc/ccu_rproc1@1b180000: could not find phandle 263107
<3>[    0.157386][    T1] OF: /soc/disp-oddmr0@14015000: could not find phandle 263173
<3>[    0.158436][    T1] OF: /soc/disp-postmask0@14017000: could not find phandle 263168
<3>[    0.159773][    T1] OF: /soc/disp1-wdma0@1420e000: could not find phandle 263205
<3>[    0.160981][    T1] OF: /soc/disp-ovl0-2l@14402000: could not find phandle 262145
<3>[    0.162027][    T1] OF: /soc/disp-ovl1-2l@14403000: could not find phandle 262785
<3>[    0.163075][    T1] OF: /soc/disp-ovl2-2l@14404000: could not find phandle 262147
<3>[    0.164116][    T1] OF: /soc/disp-ovl3-2l@14405000: could not find phandle 262787
<3>[    0.165184][    T1] OF: /soc/disp-ufbc-wdma0@14409000: could not find phandle 262820
<3>[    0.166269][    T1] OF: /soc/disp-wdma2@1440a000: could not find phandle 262178
<3>[    0.168019][    T1] OF: /soc/imgsys-fw@15000000: could not find phandle 196636
<3>[    0.169034][    T1] OF: /soc/dvs@1a770000: could not find phandle 262756
<3>[    0.169986][    T1] OF: /soc/dvp@1a770800: could not find phandle 262756
<3>[    0.170930][    T1] OF: /soc/dvgf@1a770c00: could not find phandle 262756
<3>[    0.172151][    T1] OF: /soc/jpgenc@17030000: could not find phandle 262375
<3>[    0.173136][    T1] OF: /soc/jpgdec0@17040000: could not find phandle 262385
<3>[    0.174130][    T1] OF: /soc/jpgenc@17830000: could not find phandle 262407
<3>[    0.175105][    T1] OF: /soc/jpgdec1@17840000: could not find phandle 262417
<3>[    0.176550][    T1] OF: /soc/camsv1@1a500000: could not find phandle 262592
<3>[    0.177541][    T1] OF: /soc/camsv2@1a510000: could not find phandle 262560
<3>[    0.178524][    T1] OF: /soc/camsv3@1a520000: could not find phandle 263072
<3>[    0.179506][    T1] OF: /soc/camsv4@1a530000: could not find phandle 263073
<3>[    0.180494][    T1] OF: /soc/camsv5@1a540000: could not find phandle 263074
<3>[    0.181486][    T1] OF: /soc/mraw1@1a700000: could not find phandle 262944
<3>[    0.182465][    T1] OF: /soc/mraw2@1a710000: could not find phandle 262976
<3>[    0.183449][    T1] OF: /soc/mraw3@1a720000: could not find phandle 262946
<3>[    0.184433][    T1] OF: /soc/pda@1a750000: could not find phandle 262948
<3>[    0.185477][    T1] OF: /soc/cam-raw-a@1a800000: could not find phandle 262656
<3>[    0.186493][    T1] OF: /soc/cam-yuv-a@1a880000: could not find phandle 262688
<3>[    0.187512][    T1] OF: /soc/cam-raw-b@1a900000: could not find phandle 263296
<3>[    0.188532][    T1] OF: /soc/cam-yuv-b@1a980000: could not find phandle 263232
<3>[    0.189554][    T1] OF: /soc/cam-raw-c@1aa00000: could not find phandle 263328
<3>[    0.190575][    T1] OF: /soc/cam-yuv-c@1aa80000: could not find phandle 263264
<3>[    0.191721][    T1] OF: /soc/mml0-rdma0@1f003000: could not find phandle 262208
<3>[    0.192787][    T1] OF: /soc/mml0-wrot0@1f00f000: could not find phandle 262209
<3>[    0.193815][    T1] OF: /soc/mml0-rdma2@1f011000: could not find phandle 262212
<3>[    0.194903][    T1] OF: /soc/mml1-rdma0@1f803000: could not find phandle 262240
<3>[    0.195960][    T1] OF: /soc/mml1-wrot0@1f80f000: could not find phandle 262241
<3>[    0.196979][    T1] OF: /soc/mml1-rdma2@1f811000: could not find phandle 262244
<3>[    0.198010][    T1] OF: /soc/mml1-wrot2@1f815000: could not find phandle 262245
<3>[    0.199292][    T1] OF: /soc/spi1@11011800/fingerprint@0: could not get #gpio-cells for /cpus/idle-states/mcusysoff-l
<3>[    0.200715][    T1] OF: /soc/spi1@11011800/fingerprint@0: could not get #gpio-cells for /smi-img-vcore-sub-comm1@15782000
<6>[    0.206689][    T1] /soc/gce@1e980000: Fixed dependency cycle(s) with /soc/gce@1e980000
<6>[    0.207775][    T1] /soc/gce@1e990000: Fixed dependency cycle(s) with /soc/gce@1e990000
<6>[    0.209501][    T1] /soc/dsi0@1420a000: Fixed dependency cycle(s) with /soc/dsi0@1420a000/panel1@0
<6>[    0.210709][    T1] /soc/dsi0@1420a000/panel1@0: Fixed dependency cycle(s) with /soc/dsi0@1420a000
<6>[    0.215715][    T1] /soc/seninf-top@1a300000/seninf-csi-port-0: Fixed dependency cycle(s) with /soc/i2c@11cb1000/sensor3@10
<6>[    0.217209][    T1] /soc/seninf-top@1a300000/seninf-csi-port-1: Fixed dependency cycle(s) with /soc/i2c@11d10000/sensor2@10
<6>[    0.218696][    T1] /soc/seninf-top@1a300000/seninf-csi-port-3: Fixed dependency cycle(s) with /soc/i2c@11b70000/sensor1@10
<6>[    0.220191][    T1] /soc/seninf-top@1a300000/seninf-csi-port-4: Fixed dependency cycle(s) with /soc/i2c@11cb0000/sensor0@36
<6>[    0.227225][    T1] /soc/i2c@11b70000/sensor1@10: Fixed dependency cycle(s) with /soc/seninf-top@1a300000/seninf-csi-port-3
<6>[    0.228768][    T1] /soc/i2c@11cb0000/camera-af-main@c: Fixed dependency cycle(s) with /mtk-composite-v4l2-2
<6>[    0.230093][    T1] /soc/i2c@11cb0000/sensor0@36: Fixed dependency cycle(s) with /soc/seninf-top@1a300000/seninf-csi-port-4
<6>[    0.231613][    T1] /soc/i2c@11f01000/mt6375@34/tcpc: Fixed dependency cycle(s) with /soc/typec-mux-switch
<6>[    0.232910][    T1] /soc/i2c@11f01000/mt6375@34/auxadc: Fixed dependency cycle(s) with /soc/i2c@11f01000/mt6375@34/auxadc
<6>[    0.234401][    T1] /soc/i2c@11e00000/flashlights_tran@63/flashlights_tran@0: Fixed dependency cycle(s) with /mtk-composite-v4l2-1
<6>[    0.235988][    T1] /soc/i2c@11cb1000/camera-af-main-four@d: Fixed dependency cycle(s) with /mtk-composite-v4l2-2
<6>[    0.237362][    T1] /soc/i2c@11cb1000/sensor3@10: Fixed dependency cycle(s) with /soc/seninf-top@1a300000/seninf-csi-port-0
<6>[    0.238873][    T1] /soc/i2c@11d10000/camera-af-main-two@b: Fixed dependency cycle(s) with /mtk-composite-v4l2-2
<6>[    0.240247][    T1] /soc/i2c@11d10000/sensor2@10: Fixed dependency cycle(s) with /soc/seninf-top@1a300000/seninf-csi-port-1
<6>[    0.241786][    T1] /soc/typec-mux-switch: Fixed dependency cycle(s) with /soc/i2c@11f01000/mt6375@34/tcpc
<6>[    0.243144][    T1] /soc/funnel@d041000: Fixed dependency cycle(s) with /soc/etf@d044000
<6>[    0.244225][    T1] /soc/funnel@d041000: Fixed dependency cycle(s) with /soc/gpu-etm
<6>[    0.245262][    T1] /soc/funnel@d041000: Fixed dependency cycle(s) with /soc/funnel0
<6>[    0.246299][    T1] /soc/funnel@d041000: Fixed dependency cycle(s) with /soc/btm1
<6>[    0.247297][    T1] /soc/funnel@d041000: Fixed dependency cycle(s) with /soc/btm0
<6>[    0.248295][    T1] /soc/funnel@d041000: Fixed dependency cycle(s) with /soc/btts
<6>[    0.249296][    T1] /soc/etf@d044000: Fixed dependency cycle(s) with /soc/etr@d07d000
<6>[    0.250349][    T1] /soc/etf@d044000: Fixed dependency cycle(s) with /soc/funnel@d041000
<6>[    0.251436][    T1] /soc/etr@d07d000: Fixed dependency cycle(s) with /soc/etf@d044000
<6>[    0.252488][    T1] /soc/btts: Fixed dependency cycle(s) with /soc/funnel@d041000
<6>[    0.253494][    T1] /soc/btm0: Fixed dependency cycle(s) with /soc/funnel@d041000
<6>[    0.254503][    T1] /soc/btm1: Fixed dependency cycle(s) with /soc/funnel@d041000
<6>[    0.255508][    T1] /soc/gpu-etm: Fixed dependency cycle(s) with /soc/funnel@d041000
<6>[    0.256549][    T1] /soc/ete0: Fixed dependency cycle(s) with /soc/funnel0
<6>[    0.257475][    T1] /soc/ete1: Fixed dependency cycle(s) with /soc/funnel0
<6>[    0.258400][    T1] /soc/ete2: Fixed dependency cycle(s) with /soc/funnel0
<6>[    0.259327][    T1] /soc/ete3: Fixed dependency cycle(s) with /soc/funnel0
<6>[    0.260252][    T1] /soc/ete4: Fixed dependency cycle(s) with /soc/funnel0
<6>[    0.261178][    T1] /soc/ete5: Fixed dependency cycle(s) with /soc/funnel0
<6>[    0.262103][    T1] /soc/ete6: Fixed dependency cycle(s) with /soc/funnel0
<6>[    0.263028][    T1] /soc/ete7: Fixed dependency cycle(s) with /soc/funnel0
<6>[    0.263951][    T1] /soc/funnel0: Fixed dependency cycle(s) with /soc/funnel@d041000
<6>[    0.264984][    T1] /soc/funnel0: Fixed dependency cycle(s) with /soc/ete7
<6>[    0.265900][    T1] /soc/funnel0: Fixed dependency cycle(s) with /soc/ete6
<6>[    0.266816][    T1] /soc/funnel0: Fixed dependency cycle(s) with /soc/ete5
<6>[    0.267734][    T1] /soc/funnel0: Fixed dependency cycle(s) with /soc/ete4
<6>[    0.268652][    T1] /soc/funnel0: Fixed dependency cycle(s) with /soc/ete3
<6>[    0.269570][    T1] /soc/funnel0: Fixed dependency cycle(s) with /soc/ete2
<6>[    0.270486][    T1] /soc/funnel0: Fixed dependency cycle(s) with /soc/ete1
<6>[    0.271403][    T1] /soc/funnel0: Fixed dependency cycle(s) with /soc/ete0
<6>[    0.277587][    T1] /soc/gce@1e980000: Fixed dependency cycle(s) with /soc/gce@1e980000
<6>[    0.278784][    T1] /soc/gce@1e990000: Fixed dependency cycle(s) with /soc/gce@1e990000
<6>[    0.285808][    T1] /soc/dsi0@1420a000: Fixed dependency cycle(s) with /soc/dsi0@1420a000/panel1@0
<6>[    0.287026][    T1] /soc/dsi0@1420a000/panel1@0: Fixed dependency cycle(s) with /soc/dsi0@1420a000
<4>[    0.295236][    T1] sysfs: cannot create duplicate filename '/bus/platform/devices/15001000.smi-larb9'
<4>[    0.296481][    T1] CPU: 1 PID: 1 Comm: swapper/0 Not tainted 6.6.118-android15-8-gf9c84f40b6ba-ab14657223-4k #1 25a527f1cb0b19a5e937990136432f15ffb42a72
<4>[    0.298310][    T1] Hardware name: MT6899 (DT)
<4>[    0.298904][    T1] Call trace:
<4>[    0.299324][    T1]  dump_backtrace+0xe8/0x108
<4>[    0.299923][    T1]  show_stack+0x18/0x28
<4>[    0.300459][    T1]  dump_stack_lvl+0x50/0x6c
<4>[    0.301044][    T1]  dump_stack+0x18/0x24
<4>[    0.301580][    T1]  sysfs_warn_dup+0x68/0x88
<4>[    0.302166][    T1]  sysfs_do_create_link_sd+0x94/0xdc
<4>[    0.302852][    T1]  sysfs_create_link+0x30/0x48
<4>[    0.303468][    T1]  bus_add_device+0xbc/0x154
<4>[    0.304065][    T1]  device_add+0x200/0x48c
<4>[    0.304625][    T1]  of_platform_device_create_pdata+0xb8/0x13c
<4>[    0.305417][    T1]  of_platform_bus_create+0x1e8/0x388
<4>[    0.306113][    T1]  of_platform_bus_create+0x234/0x388
<4>[    0.306811][    T1]  of_platform_populate+0x74/0xe0
<4>[    0.307462][    T1]  of_platform_default_populate_init+0xc4/0xdc
<4>[    0.308265][    T1]  do_one_initcall+0xdc/0x360
<4>[    0.308870][    T1]  do_initcall_level+0xc8/0x19c
<4>[    0.309501][    T1]  do_initcalls+0x70/0xc0
<4>[    0.310061][    T1]  do_basic_setup+0x1c/0x28
<4>[    0.310645][    T1]  kernel_init_freeable+0xd0/0x138
<4>[    0.311309][    T1]  kernel_init+0x20/0x1a8
<4>[    0.311870][    T1]  ret_from_fork+0x10/0x20
<4>[    0.312600][    T1] sysfs: cannot create duplicate filename '/bus/platform/devices/15006000.smi-larb18'
<4>[    0.313852][    T1] CPU: 1 PID: 1 Comm: swapper/0 Not tainted 6.6.118-android15-8-gf9c84f40b6ba-ab14657223-4k #1 25a527f1cb0b19a5e937990136432f15ffb42a72
<4>[    0.315681][    T1] Hardware name: MT6899 (DT)
<4>[    0.316273][    T1] Call trace:
<4>[    0.316692][    T1]  dump_backtrace+0xe8/0x108
<4>[    0.317285][    T1]  show_stack+0x18/0x28
<4>[    0.317820][    T1]  dump_stack_lvl+0x50/0x6c
<4>[    0.318403][    T1]  dump_stack+0x18/0x24
<4>[    0.318939][    T1]  sysfs_warn_dup+0x68/0x88
<4>[    0.319524][    T1]  sysfs_do_create_link_sd+0x94/0xdc
<4>[    0.320209][    T1]  sysfs_create_link+0x30/0x48
<4>[    0.320825][    T1]  bus_add_device+0xbc/0x154
<4>[    0.321421][    T1]  device_add+0x200/0x48c
<4>[    0.321980][    T1]  of_platform_device_create_pdata+0xb8/0x13c
<4>[    0.322771][    T1]  of_platform_bus_create+0x1e8/0x388
<4>[    0.323467][    T1]  of_platform_bus_create+0x234/0x388
<4>[    0.324164][    T1]  of_platform_populate+0x74/0xe0
<4>[    0.324815][    T1]  of_platform_default_populate_init+0xc4/0xdc
<4>[    0.325616][    T1]  do_one_initcall+0xdc/0x360
<4>[    0.326221][    T1]  do_initcall_level+0xc8/0x19c
<4>[    0.326851][    T1]  do_initcalls+0x70/0xc0
<4>[    0.327411][    T1]  do_basic_setup+0x1c/0x28
<4>[    0.327994][    T1]  kernel_init_freeable+0xd0/0x138
<4>[    0.328659][    T1]  kernel_init+0x20/0x1a8
<4>[    0.329219][    T1]  ret_from_fork+0x10/0x20
<4>[    0.330502][    T1] sysfs: cannot create duplicate filename '/bus/platform/devices/15140000.smi-larb15'
<4>[    0.331756][    T1] CPU: 1 PID: 1 Comm: swapper/0 Not tainted 6.6.118-android15-8-gf9c84f40b6ba-ab14657223-4k #1 25a527f1cb0b19a5e937990136432f15ffb42a72
<4>[    0.333585][    T1] Hardware name: MT6899 (DT)
<4>[    0.334176][    T1] Call trace:
<4>[    0.334594][    T1]  dump_backtrace+0xe8/0x108
<4>[    0.335189][    T1]  show_stack+0x18/0x28
<4>[    0.335724][    T1]  dump_stack_lvl+0x50/0x6c
<4>[    0.336306][    T1]  dump_stack+0x18/0x24
<4>[    0.336842][    T1]  sysfs_warn_dup+0x68/0x88
<4>[    0.337426][    T1]  sysfs_do_create_link_sd+0x94/0xdc
<4>[    0.338110][    T1]  sysfs_create_link+0x30/0x48
<4>[    0.338726][    T1]  bus_add_device+0xbc/0x154
<4>[    0.339321][    T1]  device_add+0x200/0x48c
<4>[    0.339881][    T1]  of_platform_device_create_pdata+0xb8/0x13c
<4>[    0.340671][    T1]  of_platform_bus_create+0x1e8/0x388
<4>[    0.341368][    T1]  of_platform_bus_create+0x234/0x388
<4>[    0.342064][    T1]  of_platform_populate+0x74/0xe0
<4>[    0.342715][    T1]  of_platform_default_populate_init+0xc4/0xdc
<4>[    0.343517][    T1]  do_one_initcall+0xdc/0x360
<4>[    0.344121][    T1]  do_initcall_level+0xc8/0x19c
<4>[    0.344752][    T1]  do_initcalls+0x70/0xc0
<4>[    0.345312][    T1]  do_basic_setup+0x1c/0x28
<4>[    0.345896][    T1]  kernel_init_freeable+0xd0/0x138
<4>[    0.346561][    T1]  kernel_init+0x20/0x1a8
<4>[    0.347121][    T1]  ret_from_fork+0x10/0x20
<4>[    0.347840][    T1] sysfs: cannot create duplicate filename '/bus/platform/devices/15190000.smi-larb38'
<4>[    0.349091][    T1] CPU: 1 PID: 1 Comm: swapper/0 Not tainted 6.6.118-android15-8-gf9c84f40b6ba-ab14657223-4k #1 25a527f1cb0b19a5e937990136432f15ffb42a72
<4>[    0.350918][    T1] Hardware name: MT6899 (DT)
<4>[    0.351510][    T1] Call trace:
<4>[    0.351928][    T1]  dump_backtrace+0xe8/0x108
<4>[    0.352522][    T1]  show_stack+0x18/0x28
<4>[    0.353057][    T1]  dump_stack_lvl+0x50/0x6c
<4>[    0.353639][    T1]  dump_stack+0x18/0x24
<4>[    0.354175][    T1]  sysfs_warn_dup+0x68/0x88
<4>[    0.354760][    T1]  sysfs_do_create_link_sd+0x94/0xdc
<4>[    0.355444][    T1]  sysfs_create_link+0x30/0x48
<4>[    0.356060][    T1]  bus_add_device+0xbc/0x154
<4>[    0.356656][    T1]  device_add+0x200/0x48c
<4>[    0.357215][    T1]  of_platform_device_create_pdata+0xb8/0x13c
<4>[    0.358004][    T1]  of_platform_bus_create+0x1e8/0x388
<4>[    0.358701][    T1]  of_platform_bus_create+0x234/0x388
<4>[    0.359397][    T1]  of_platform_populate+0x74/0xe0
<4>[    0.360047][    T1]  of_platform_default_populate_init+0xc4/0xdc
<4>[    0.360849][    T1]  do_one_initcall+0xdc/0x360
<4>[    0.361453][    T1]  do_initcall_level+0xc8/0x19c
<4>[    0.362084][    T1]  do_initcalls+0x70/0xc0
<4>[    0.362644][    T1]  do_basic_setup+0x1c/0x28
<4>[    0.363228][    T1]  kernel_init_freeable+0xd0/0x138
<4>[    0.363892][    T1]  kernel_init+0x20/0x1a8
<4>[    0.364452][    T1]  ret_from_fork+0x10/0x20
<4>[    0.365354][    T1] sysfs: cannot create duplicate filename '/bus/platform/devices/15320000.smi-larb12'
<4>[    0.366608][    T1] CPU: 1 PID: 1 Comm: swapper/0 Not tainted 6.6.118-android15-8-gf9c84f40b6ba-ab14657223-4k #1 25a527f1cb0b19a5e937990136432f15ffb42a72
<4>[    0.368435][    T1] Hardware name: MT6899 (DT)
<4>[    0.369027][    T1] Call trace:
<4>[    0.369446][    T1]  dump_backtrace+0xe8/0x108
<4>[    0.370039][    T1]  show_stack+0x18/0x28
<4>[    0.370574][    T1]  dump_stack_lvl+0x50/0x6c
<4>[    0.371156][    T1]  dump_stack+0x18/0x24
<4>[    0.371692][    T1]  sysfs_warn_dup+0x68/0x88
<4>[    0.372275][    T1]  sysfs_do_create_link_sd+0x94/0xdc
<4>[    0.372960][    T1]  sysfs_create_link+0x30/0x48
<4>[    0.373575][    T1]  bus_add_device+0xbc/0x154
<4>[    0.374170][    T1]  device_add+0x200/0x48c
<4>[    0.374730][    T1]  of_platform_device_create_pdata+0xb8/0x13c
<4>[    0.375519][    T1]  of_platform_bus_create+0x1e8/0x388
<4>[    0.376216][    T1]  of_platform_bus_create+0x234/0x388
<4>[    0.376913][    T1]  of_platform_populate+0x74/0xe0
<4>[    0.377564][    T1]  of_platform_default_populate_init+0xc4/0xdc
<4>[    0.378365][    T1]  do_one_initcall+0xdc/0x360
<4>[    0.378970][    T1]  do_initcall_level+0xc8/0x19c
<4>[    0.379600][    T1]  do_initcalls+0x70/0xc0
<4>[    0.380160][    T1]  do_basic_setup+0x1c/0x28
<4>[    0.380744][    T1]  kernel_init_freeable+0xd0/0x138
<4>[    0.381408][    T1]  kernel_init+0x20/0x1a8
<4>[    0.381968][    T1]  ret_from_fork+0x10/0x20
<4>[    0.383151][    T1] sysfs: cannot create duplicate filename '/bus/platform/devices/15720000.smi-larb28'
<4>[    0.384407][    T1] CPU: 1 PID: 1 Comm: swapper/0 Not tainted 6.6.118-android15-8-gf9c84f40b6ba-ab14657223-4k #1 25a527f1cb0b19a5e937990136432f15ffb42a72
<4>[    0.386236][    T1] Hardware name: MT6899 (DT)
<4>[    0.386828][    T1] Call trace:
<4>[    0.387246][    T1]  dump_backtrace+0xe8/0x108
<4>[    0.387841][    T1]  show_stack+0x18/0x28
<4>[    0.388376][    T1]  dump_stack_lvl+0x50/0x6c
<4>[    0.388959][    T1]  dump_stack+0x18/0x24
<4>[    0.389495][    T1]  sysfs_warn_dup+0x68/0x88
<4>[    0.390079][    T1]  sysfs_do_create_link_sd+0x94/0xdc
<4>[    0.390764][    T1]  sysfs_create_link+0x30/0x48
<4>[    0.391380][    T1]  bus_add_device+0xbc/0x154
<4>[    0.391975][    T1]  device_add+0x200/0x48c
<4>[    0.392535][    T1]  of_platform_device_create_pdata+0xb8/0x13c
<4>[    0.393325][    T1]  of_platform_bus_create+0x1e8/0x388
<4>[    0.394023][    T1]  of_platform_bus_create+0x234/0x388
<4>[    0.394720][    T1]  of_platform_populate+0x74/0xe0
<4>[    0.395371][    T1]  of_platform_default_populate_init+0xc4/0xdc
<4>[    0.396172][    T1]  do_one_initcall+0xdc/0x360
<4>[    0.396777][    T1]  do_initcall_level+0xc8/0x19c
<4>[    0.397407][    T1]  do_initcalls+0x70/0xc0
<4>[    0.397968][    T1]  do_basic_setup+0x1c/0x28
<4>[    0.398551][    T1]  kernel_init_freeable+0xd0/0x138
<4>[    0.399216][    T1]  kernel_init+0x20/0x1a8
<4>[    0.399776][    T1]  ret_from_fork+0x10/0x20
<6>[    0.404417][    T1] /soc/seninf-top@1a300000/seninf-csi-port-0: Fixed dependency cycle(s) with /soc/i2c@11cb1000/sensor3@10
<6>[    0.405916][    T1] /soc/seninf-top@1a300000/seninf-csi-port-1: Fixed dependency cycle(s) with /soc/i2c@11d10000/sensor2@10
<6>[    0.407409][    T1] /soc/seninf-top@1a300000/seninf-csi-port-3: Fixed dependency cycle(s) with /soc/i2c@11b70000/sensor1@10
<6>[    0.408906][    T1] /soc/seninf-top@1a300000/seninf-csi-port-4: Fixed dependency cycle(s) with /soc/i2c@11cb0000/sensor0@36
<6>[    0.423976][    T1] /soc/i2c@11b70000/sensor1@10: Fixed dependency cycle(s) with /soc/seninf-top@1a300000/seninf-csi-port-3
<6>[    0.425668][    T1] /soc/i2c@11cb0000/camera-af-main@c: Fixed dependency cycle(s) with /mtk-composite-v4l2-2
<6>[    0.427006][    T1] /soc/i2c@11cb0000/sensor0@36: Fixed dependency cycle(s) with /soc/seninf-top@1a300000/seninf-csi-port-4
<6>[    0.428649][    T1] /soc/i2c@11f01000/mt6375@34/tcpc: Fixed dependency cycle(s) with /soc/typec-mux-switch
<6>[    0.429952][    T1] /soc/i2c@11f01000/mt6375@34/auxadc: Fixed dependency cycle(s) with /soc/i2c@11f01000/mt6375@34/auxadc
<6>[    0.431521][    T1] /soc/i2c@11e00000/flashlights_tran@63/flashlights_tran@0: Fixed dependency cycle(s) with /mtk-composite-v4l2-1
<6>[    0.433248][    T1] /soc/i2c@11cb1000/camera-af-main-four@d: Fixed dependency cycle(s) with /mtk-composite-v4l2-2
<6>[    0.434648][    T1] /soc/i2c@11cb1000/sensor3@10: Fixed dependency cycle(s) with /soc/seninf-top@1a300000/seninf-csi-port-0
<6>[    0.436247][    T1] /soc/i2c@11d10000/camera-af-main-two@b: Fixed dependency cycle(s) with /mtk-composite-v4l2-2
<6>[    0.437639][    T1] /soc/i2c@11d10000/sensor2@10: Fixed dependency cycle(s) with /soc/seninf-top@1a300000/seninf-csi-port-1
<6>[    0.439923][    T1] /soc/i2c@11f01000/mt6375@34/tcpc: Fixed dependency cycle(s) with /soc/typec-mux-switch
<6>[    0.441231][    T1] /soc/typec-mux-switch: Fixed dependency cycle(s) with /soc/i2c@11f01000/mt6375@34/tcpc
<6>[    0.444985][    T1] /soc/funnel@d041000: Fixed dependency cycle(s) with /soc/etf@d044000
<6>[    0.446068][    T1] /soc/funnel@d041000: Fixed dependency cycle(s) with /soc/gpu-etm
<6>[    0.447107][    T1] /soc/funnel@d041000: Fixed dependency cycle(s) with /soc/funnel0
<6>[    0.448146][    T1] /soc/funnel@d041000: Fixed dependency cycle(s) with /soc/btm1
<6>[    0.449144][    T1] /soc/funnel@d041000: Fixed dependency cycle(s) with /soc/btm0
<6>[    0.450142][    T1] /soc/funnel@d041000: Fixed dependency cycle(s) with /soc/btts
<6>[    0.451208][    T1] /soc/funnel@d041000: Fixed dependency cycle(s) with /soc/etf@d044000
<6>[    0.452307][    T1] /soc/etf@d044000: Fixed dependency cycle(s) with /soc/etr@d07d000
<6>[    0.453360][    T1] /soc/etf@d044000: Fixed dependency cycle(s) with /soc/funnel@d041000
<6>[    0.454512][    T1] /soc/etf@d044000: Fixed dependency cycle(s) with /soc/etr@d07d000
<6>[    0.455583][    T1] /soc/etr@d07d000: Fixed dependency cycle(s) with /soc/etf@d044000
<6>[    0.456683][    T1] /soc/funnel@d041000: Fixed dependency cycle(s) with /soc/btts
<6>[    0.457707][    T1] /soc/btts: Fixed dependency cycle(s) with /soc/funnel@d041000
<6>[    0.458746][    T1] /soc/funnel@d041000: Fixed dependency cycle(s) with /soc/btm0
<6>[    0.459765][    T1] /soc/btm0: Fixed dependency cycle(s) with /soc/funnel@d041000
<6>[    0.460809][    T1] /soc/funnel@d041000: Fixed dependency cycle(s) with /soc/btm1
<6>[    0.461832][    T1] /soc/btm1: Fixed dependency cycle(s) with /soc/funnel@d041000
<6>[    0.462874][    T1] /soc/funnel@d041000: Fixed dependency cycle(s) with /soc/gpu-etm
<6>[    0.463932][    T1] /soc/gpu-etm: Fixed dependency cycle(s) with /soc/funnel@d041000
<6>[    0.465023][    T1] /soc/ete0: Fixed dependency cycle(s) with /soc/funnel0
<6>[    0.465974][    T1] /soc/ete1: Fixed dependency cycle(s) with /soc/funnel0
<6>[    0.466933][    T1] /soc/ete2: Fixed dependency cycle(s) with /soc/funnel0
<6>[    0.467887][    T1] /soc/ete3: Fixed dependency cycle(s) with /soc/funnel0
<6>[    0.468843][    T1] /soc/ete4: Fixed dependency cycle(s) with /soc/funnel0
<6>[    0.469800][    T1] /soc/ete5: Fixed dependency cycle(s) with /soc/funnel0
<6>[    0.470754][    T1] /soc/ete6: Fixed dependency cycle(s) with /soc/funnel0
<6>[    0.471702][    T1] /soc/ete7: Fixed dependency cycle(s) with /soc/funnel0
<6>[    0.472658][    T1] /soc/ete7: Fixed dependency cycle(s) with /soc/funnel0
<6>[    0.473600][    T1] /soc/ete6: Fixed dependency cycle(s) with /soc/funnel0
<6>[    0.474545][    T1] /soc/ete5: Fixed dependency cycle(s) with /soc/funnel0
<6>[    0.475482][    T1] /soc/ete4: Fixed dependency cycle(s) with /soc/funnel0
<6>[    0.476426][    T1] /soc/ete3: Fixed dependency cycle(s) with /soc/funnel0
<6>[    0.477364][    T1] /soc/ete2: Fixed dependency cycle(s) with /soc/funnel0
<6>[    0.478304][    T1] /soc/ete1: Fixed dependency cycle(s) with /soc/funnel0
<6>[    0.479249][    T1] /soc/ete0: Fixed dependency cycle(s) with /soc/funnel0
<6>[    0.480187][    T1] /soc/funnel@d041000: Fixed dependency cycle(s) with /soc/funnel0
<6>[    0.481234][    T1] /soc/funnel0: Fixed dependency cycle(s) with /soc/funnel@d041000
<6>[    0.482283][    T1] /soc/funnel0: Fixed dependency cycle(s) with /soc/ete7
<6>[    0.483212][    T1] /soc/funnel0: Fixed dependency cycle(s) with /soc/ete6
<6>[    0.484149][    T1] /soc/funnel0: Fixed dependency cycle(s) with /soc/ete5
<6>[    0.485078][    T1] /soc/funnel0: Fixed dependency cycle(s) with /soc/ete4
<6>[    0.486008][    T1] /soc/funnel0: Fixed dependency cycle(s) with /soc/ete3
<6>[    0.486937][    T1] /soc/funnel0: Fixed dependency cycle(s) with /soc/ete2
<6>[    0.487865][    T1] /soc/funnel0: Fixed dependency cycle(s) with /soc/ete1
<6>[    0.488800][    T1] /soc/funnel0: Fixed dependency cycle(s) with /soc/ete0
<6>[    0.492433][    T1] /soc/usb0@11201000: Fixed dependency cycle(s) with /extcon-usb
<6>[    0.493493][    T1] /extcon-usb: Fixed dependency cycle(s) with /soc/usb0@11201000
<6>[    0.495622][    T1] Modules: 23664 pages in range for non-PLT usage
<6>[    0.495626][    T1] Modules: 515184 pages in range for PLT usage
<6>[    0.499596][    T1] iommu: Default domain type: Translated
<6>[    0.501133][    T1] iommu: DMA domain TLB invalidation policy: strict mode
<5>[    0.502573][    T1] SCSI subsystem initialized
<6>[    0.503227][    T1] usbcore: registered new interface driver usbfs
<6>[    0.504065][    T1] usbcore: registered new interface driver hub
<6>[    0.504876][    T1] usbcore: registered new device driver usb
<6>[    0.505699][    T1] mc: Linux media interface: v0.10
<6>[    0.506383][    T1] videodev: Linux video capture interface: v2.00
<6>[    0.507239][    T1] EDAC MC: Ver: 3.0.0
<6>[    0.508181][    T1] scmi_core: SCMI protocol bus registered
<6>[    0.509043][    T1] Advanced Linux Sound Architecture Driver Initialized.
<6>[    0.510444][    T1] clocksource: Switched to clocksource arch_sys_counter
<5>[    0.512808][    T1] VFS: Disk quotas dquot_6.6.0
<6>[    0.513499][    T1] VFS: Dquot-cache hash table entries: 512 (order 0, 4096 bytes)
<6>[    0.515218][    T1] NET: Registered PF_INET protocol family
<6>[    0.516138][    T1] IP idents hash table entries: 262144 (order: 9, 2097152 bytes, linear)
<6>[    0.521884][    T1] tcp_listen_portaddr_hash hash table entries: 8192 (order: 5, 131072 bytes, linear)
<6>[    0.523168][    T1] Table-perturb hash table entries: 65536 (order: 6, 262144 bytes, linear)
<6>[    0.524527][    T1] TCP established hash table entries: 131072 (order: 8, 1048576 bytes, linear)
<6>[    0.525941][    T1] TCP bind hash table entries: 65536 (order: 9, 2097152 bytes, linear)
<6>[    0.527236][    T1] TCP: Hash tables configured (established 131072 bind 65536)
<6>[    0.528278][    T1] UDP hash table entries: 8192 (order: 6, 262144 bytes, linear)
<6>[    0.529324][    T1] UDP-Lite hash table entries: 8192 (order: 6, 262144 bytes, linear)
<6>[    0.530691][    T1] NET: Registered PF_UNIX/PF_LOCAL protocol family
<6>[    0.531551][    T1] NET: Registered PF_XDP protocol family
<6>[    0.532287][    T1] PCI: CLS 0 bytes, default 64
<6>[    0.533019][   T10] Trying to unpack rootfs image as initramfs...
<6>[    0.538730][    T1] kvm [1]: HYP mode not available
<5>[    0.540311][    T1] Initialise system trusted keyrings
<6>[    0.541078][    T1] workingset: timestamp_bits=46 max_order=22 bucket_order=0
<6>[    0.545702][    T1] fuse: init (API version 7.39)
<5>[    0.568032][    T1] Key type asymmetric registered
<5>[    0.568676][    T1] Asymmetric key parser 'x509' registered
<6>[    0.569443][    T1] Block layer SCSI generic (bsg) driver version 0.4 loaded (major 240)
<6>[    0.570593][    T1] io scheduler mq-deadline registered
<6>[    0.571292][    T1] io scheduler kyber registered
<6>[    0.572026][    T1] io scheduler bfq registered
<6>[    0.584828][    T1] Serial: 8250/16550 driver, 4 ports, IRQ sharing disabled
<6>[    0.589412][    T1] printk: console [ttynull0] enabled
<6>[    0.593820][    T1] brd: module loaded
<6>[    0.598177][    T1] loop: module loaded
<6>[    0.600191][    T1] wireguard: WireGuard 1.0.0 loaded. See www.wireguard.com for information.
<6>[    0.601332][    T1] wireguard: Copyright (C) 2015-2019 Jason A. Donenfeld <Jason@zx2c4.com>. All Rights Reserved.
<6>[    0.603158][    T1] tun: Universal TUN/TAP device driver, 1.6
<6>[    0.606337][    T1] usbcore: registered new interface driver uas
<6>[    0.607173][    T1] usbcore: registered new interface driver usb-storage
<6>[    0.608209][    T1] usbcore: registered new interface driver xpad
<6>[    0.609185][    T1] gspca_main: v2.14.0 registered
<6>[    0.609845][    T1] usbcore: registered new interface driver uvcvideo
<6>[    0.610304][   T10] rootfs image is not initramfs (Decoding failed); looks like an initrd
<6>[    0.611519][    T1] device-mapper: uevent: version 1.0.3
<6>[    0.612699][    T1] device-mapper: ioctl: 4.48.0-ioctl (2023-03-01) initialised: dm-devel@redhat.com
<6>[    0.615293][    T1] sdhci: Secure Digital Host Controller Interface driver
<6>[    0.616213][    T1] sdhci: Copyright(c) Pierre Ossman
<6>[    0.616887][    T1] sdhci-pltfm: SDHCI platform and OF driver helper
<6>[    0.619193][    T1] SMCCC: SOC_ID: ARCH_SOC_ID not implemented, skipping ....
<6>[    0.620430][    T1] hid: raw HID events driver (C) Jiri Kosina
<6>[    0.621771][    T1] usbcore: registered new interface driver usbhid
<6>[    0.622622][    T1] usbhid: USB HID core driver
<6>[    0.623178][   T10] Freeing initrd memory: 32844K
<6>[    0.623445][    T1] ashmem: initialized
<6>[    0.625929][    T1] hw perfevents: enabled with armv8_pmuv3 PMU driver, 21 counters available
<6>[    0.628895][   T36] watchdog: Delayed init of the lockup detector failed: -19
<6>[    0.629865][   T36] watchdog: Hard watchdog permanently disabled
<6>[    0.631030][    T1] gnss: GNSS driver registered with major 505
<6>[    0.632543][    T1] usbcore: registered new interface driver snd-usb-audio
<6>[    0.633796][    T1] GACT probability NOT on
<6>[    0.634364][    T1] Mirror/redirect action on
<6>[    0.634983][    T1] netem: version 1.3
<6>[    0.635549][    T1] u32 classifier
<6>[    0.636002][    T1]     input device check on
<6>[    0.636580][    T1]     Actions configured
<6>[    0.656039][    T1] xt_time: kernel timezone is -0000
<6>[    0.656780][    T1] ipip: IPv4 and MPLS over IPv4 tunneling driver
<6>[    0.657803][    T1] gre: GRE over IPv4 demultiplexor driver
<6>[    0.658562][    T1] ip_gre: GRE over IPv4 tunneling driver
<6>[    0.659678][    T1] IPv4 over IPsec tunneling driver
<6>[    0.660482][    T1] Initializing XFRM netlink socket
<6>[    0.661152][    T1] IPsec XFRM device driver
<6>[    0.662037][    T1] NET: Registered PF_INET6 protocol family
<6>[    0.663625][    T1] Segment Routing with IPv6
<6>[    0.664223][    T1] In-situ OAM (IOAM) with IPv6
<6>[    0.664928][    T1] mip6: Mobile IPv6
<6>[    0.665632][    T1] sit: IPv6, IPv4 and MPLS over IPv4 tunneling driver
<6>[    0.666834][    T1] ip6_gre: GRE over IPv6 tunneling driver
<6>[    0.667724][    T1] NET: Registered PF_PACKET protocol family
<6>[    0.668495][    T1] NET: Registered PF_KEY protocol family
<6>[    0.669424][    T1] NET: Registered PF_VSOCK protocol family
<6>[    0.673313][    T1] registered taskstats version 1
<5>[    0.674051][    T1] Loading compiled-in X.509 certificates
<5>[    0.675695][    T1] Loaded X.509 cert 'Build time autogenerated kernel key: b79de11375fe4e9fb35b4d79f8436c5a02a98888'
<6>[    0.680701][    T1] page_owner is disabled
<5>[    0.681387][    T1] Key type .fscrypt registered
<5>[    0.682004][    T1] Key type fscrypt-provisioning registered
<6>[    0.685228][    T1] clk: Disabling unused clocks
<6>[    0.685854][    T1] ALSA device list:
<6>[    0.686344][    T1]   No soundcards found.
<6>[    0.687385][    T1] Freeing unused kernel memory: 4160K
<6>[    0.688164][    T1] Run /init as init process
<7>[    0.688746][    T1]   with arguments:
<7>[    0.688748][    T1]     /init
<7>[    0.688749][    T1]   with environment:
<7>[    0.688750][    T1]     HOME=/
<7>[    0.688752][    T1]     TERM=linux
<7>[    0.688753][    T1]     vmalloc=400M
<7>[    0.688754][    T1]     PMIC_UVLO=0xffff
<7>[    0.688755][    T1]     usb2jtag_mode=0
<7>[    0.688757][    T1]     bootopt=64S3,32N2,64N2
<7>[    0.688758][    T1]     sfi=0x00000000
<7>[    0.688759][    T1]     tkv=13908312064
<14>[    0.690322][    T1] init: init first stage started!
<11>[    0.694280][    T1] init: softdep lines in modules.softdep must have at least 4 entries
<11>[    0.695366][    T1] init: softdep lines in modules.softdep must have at least 4 entries
<14>[    0.696642][    T1] init: Loading module /lib/modules/bootprof.ko with args ''
<4>[    0.697705][    T1] bootprof: loading out-of-tree module taints kernel.
<6>[    0.698979][    T1] BOOTPROF: pl=4695, bl2ext=1056 ,lk=2634, logo=750, tfa=194, sec_os=1, gz=143
<6>[    0.700306][    T1] BOOTPROF:       700.305847: ON (TH:15)
<6>[    0.701040][    T1] BOOTPROF:       701.039616:Kernel_init_done
<14>[    0.701873][    T1] init: Loaded kernel module /lib/modules/bootprof.ko
<14>[    0.702889][    T1] init: Loading module /lib/modules/mrdump.ko with args ''
<5>[    0.704533][    T1] mboot_params:[DT] 0x800@0x11d000, 0x2(0xec0)
<5>[    0.705340][    T1] mboot_params: [DT] 0x10000@0x48090000
<6>[    0.706110][    T1] mboot_params: using dram:0x48081000(0x1000)
<5>[    0.706915][    T1] mboot_params: buffer start: 0xffffffc08010d000, size: 0x1000
<5>[    0.707902][    T1] mboot_params: last init function: 0x0
<5>[    0.708653][    T1] mrdump_parse_chosen: mrdump_cbaddr=0x0000000048082000, mrdump_cbsize=0x0000000000008000
<5>[    0.709951][    T1] mrdump_parse_chosen: lk version MRDUMP11
<5>[    0.710709][    T1] mrdump_parse_chosen: ddr reserve mode no
<6>[    0.711487][    T1] [mrdump] phys:0x48080000 - 0x48090000 (0x10000)
<6>[    0.712330][    T1] [mrdump] rmem->priv = ffffffc080c30000
<5>[    0.713098][    T1] mrdump_cblock_init: done.
<5>[    0.713681][    T1] minirdump: [DT] reserved 0x48090000+0x10000->(____ptrval____)
<6>[    0.714711][   T88] mrdump_ka_work_func: retry in 0.1 second
<14>[    0.714761][    T1] init: Loaded kernel module /lib/modules/mrdump.ko
<14>[    0.716479][    T1] init: Loading module /lib/modules/aee_aed.ko with args ''
<5>[    0.718349][    T1] aee kernel api ready
<14>[    0.718481][    T1] init: Loaded kernel module /lib/modules/aee_aed.ko
<14>[    0.719985][    T1] init: Loading module /lib/modules/monitor_hang.ko with args ''
<5>[    0.721769][    T1] mrdump: hang data 0xffffff8027c00000 size:0x400000
<6>[    0.723159][    T1] monitor_hang: can't get monitor_hang_boot_up_enable status.
<6>[    0.724966][    T1] MKP: mkp_init:43 start
<6>[    0.725520][    T1] MKP: mkp_init:55 failed, ret: -3
<6>[    0.726925][    T1] MKP: resource base=0x0000000040000000, size=0x0000000000010000
<6>[    0.728113][    T1] enable_action_panic: enable mkp panic
<6>[    0.729563][    T1] MKP: mkp_init:64 done
<6>[    0.730458][   T94] aee_get_stext failed
<6>[    0.730462][   T94] aee_get_etext failed
<6>[    0.730986][   T94] aee_get_init_begin failed
<6>[    0.731507][   T94] mkp: init_debug_kinfo failed
<6>[    0.732695][   T94] MKP: mkp_protect_kernel_work_fn: retry in 0.1 second
<6>[    0.732989][    T1] mtk_dbgtop_drm was loaded
<6>[    0.734685][    T1] mtk_dbgtop_drm 1000d000.drm: driver probed
<6>[    0.735463][    T1] mtk_dbgtop_drm 1000d000.drm: mtk_dbgtop_drm_probe: version = 2.
<6>[    0.736480][    T1] mtk_dbgtop_drm 1000d000.drm: mtk_dbgtop_drm_probe: found sec-write = 1.
<6>[    0.737595][    T1] mtk_dbgtop_drm 1000d000.drm: base (____ptrval____)
<5>[    0.741249][    T1] log_store: get address 0xa0d.
<5>[    0.741883][    T1] log_store:[DT] log_store: 0x11df00@0x100
<6>[    0.742650][    T1] log_store: get ok, sram addr:0x11df00, size:0x100
<5>[    0.743511][    T1] log_store: sram header address 0x(____ptrval____).
<5>[    0.744382][    T1] sig 0x5678ef90 flag 0x227 add 0x33ff70000 size 0x80000 offsize 0x20 point 0x150ac
<3>[    0.745773][    T1] log_store: pmic child device not found.
<5>[    0.746526][    T1] log_store: bootmode: 0x0 boottype: 0x2.
<5>[    0.747267][    T1] log store:sram_dram_buff addr 0x33ff70000, size 0x80000.
<5>[    0.748214][    T1] [PHY layout]log_store_mem:0x33ff70000-0x33ffeffff (0x80000)
<5>[    0.749185][    T1] buff (____ptrval____), sig cdab3412 size 80000 pl 0, sz 150ac lk 150ac, sz 1e341 p c, l c
<6>[    0.750532][    T1] tran_devmsg_parse_chosen: tran_devmsg is enable
<6>[    0.751368][    T1] tran_devmsg_init: tran_devmsg_mem:0x7ffe0000-0x10000 (0xffffffc080cee000)
<3>[    0.755332][    T1] mtk-wdt 1c00b000.watchdog: error -ENXIO: IRQ index 0 not found
<6>[    0.756348][    T1] [wdtk] kick watchdog
<6>[    0.756950][    T1] mtk-wdt 1c00b000.watchdog: Watchdog enabled (timeout=31 sec, nowayout=0)
<6>[    0.756957][   T86] [wdtk] kick watchdog
<6>[    0.760922][    T1] hangdet_init: compatible node found: watchdog
<6>[    0.761746][    T1] apwdt enabled
<6>[    0.762535][    T1] hangdet_init: compatible node found: systimer
<6>[    0.763426][    T1] hangdet_init systimer_cnt 133290452
<6>[    0.763484][   T10] [wdk] bind thread 168 to cpu 0
<6>[    0.764126][    T1] hangdet_init set wdk_ktime 764126386
<6>[    0.765494][    T1] Planted kprobe at ffffffd382d89144 for hrtimer_start_range_ns
<6>[    0.765522][  T168] [wdk-c] cpu=0 o_k=0 lbit=0x1 cbit=0xff,fe,7,1,763438693,1,0,0,0,0,[765518155,15000000] 31 ffffffff  
<6>[    0.765542][   T10] [wdk] bind thread 169 to cpu 1
<6>[    0.765572][  T169] [wdk-c] cpu=1 o_k=1 lbit=0x3 cbit=0xff,fc,7,1,763438693,3,0,0,0,0,[765567693,14999947] 31 ffffffff  
<6>[    0.765574][  T169] 
<6>[    0.765595][   T10] [wdk] bind thread 170 to cpu 2
<6>[    0.765680][   T10] [wdk] bind thread 171 to cpu 3
<6>[    0.765708][  T171] [wdk-c] cpu=3 o_k=3 lbit=0xb cbit=0xff,f4,7,1,763438693,f,0,0,0,0,[765704309,14999809] 31 ffffffff  
<6>[    0.765710][  T171] 
<6>[    0.765725][   T10] [wdk] bind thread 172 to cpu 4
<6>[    0.765746][  T172] [wdk-c] cpu=4 o_k=4 lbit=0x1b cbit=0xff,e4,7,1,763438693,1f,0,0,0,0,[765742693,14999770] 31 ffffffff  
<6>[    0.765747][  T172] 
<6>[    0.765792][   T10] [wdk] bind thread 173 to cpu 5
<6>[    0.765823][  T173] [wdk-c] cpu=5 o_k=5 lbit=0x3b cbit=0xff,c4,7,1,763438693,3f,0,0,0,0,[765818693,14999696] 31 ffffffff  
<6>[    0.765825][  T173] 
<6>[    0.765834][   T10] [wdk] bind thread 174 to cpu 6
<6>[    0.765863][  T174] [wdk-c] cpu=6 o_k=6 lbit=0x7b cbit=0xff,84,7,1,763438693,7f,0,0,0,0,[765859001,14999653] 31 ffffffff  
<6>[    0.765866][  T174] 
<6>[    0.765885][   T10] [wdk] bind thread 175 to cpu 7
<6>[    0.765888][   T10] [wdk] WDT start kicker done CPU_NR=8 online cpu NR8
<6>[    0.765890][   T10] [wdk]init_wk done late_initcall cpus_kick_bit=0xff -----
<6>[    0.765908][  T175] [wdk-c] cpu=7 o_k=7 lbit=0xfb cbit=0xff,4,7,1,763438693,ff,0,0,0,0,[765904001,14999608] 31 ffffffff  
<6>[    0.765910][  T175] 
<6>[    0.766539][  T170] [thread:170] 1970-01-01 00:00:00.752100 UTC;android time 1970-01-01 00:00:00.752100
<6>[    0.767940][  T168] 
<6>[    0.786465][  T170] [wdk-k] cpu=2 o_k=2 lbit=0xff cbit=0xff,0,7,1,763438693,ff,0,0,0,0,[766535309,14998979] 31 ffffffff  
<6>[    0.786472][    T1] Planted kprobe at ffffffd382d9a434 for hrtimer_start_range_ns
<6>[    0.786762][  T170] 
<6>[    0.789248][    T1] reboot set flag, old value 0x6c002000, 1.
<6>[    0.790304][    T1] reboot set flag new value 0x6c002800.
<6>[    0.791052][    T1] BOOTPROF:       791.051924:initcall: init_module [aee_hangdet]    30.412923ms
<5>[    0.792814][  T176] random: crng init done
<6>[    0.794767][    T1] [DEVAPC]: driver registered
<6>[    0.795380][    T1] [DEVAPC]: subsys_enabled[0]:1
<6>[    0.796008][    T1] [DEVAPC]: subsys_enabled[1]:1
<6>[    0.796636][    T1] [DEVAPC]: subsys_enabled[2]:1
<6>[    0.797262][    T1] [DEVAPC]: subsys_enabled[3]:1
<6>[    0.797889][    T1] [DEVAPC]: subsys_enabled[4]:1
<6>[    0.798543][    T1] [DEVAPC]: subsys_enabled[5]:1
<6>[    0.799172][    T1] [DEVAPC]: subsys_enabled[6]:1
<6>[    0.799833][    T1] [DEVAPC]: subsys_enabled[7]:1
<6>[    0.800459][    T1] [DEVAPC]: subsys_enabled[8]:1
<6>[    0.801152][    T1] [DEVAPC]: IRQ[0]:27
<6>[    0.801672][    T1] [DEVAPC]: IRQ[1]:28
<6>[    0.802192][    T1] [DEVAPC]: IRQ[2]:29
<6>[    0.802723][    T1] [DEVAPC]: IRQ[3]:30
<6>[    0.803241][    T1] [DEVAPC]: IRQ[4]:31
<6>[    0.803759][    T1] [DEVAPC]: IRQ[5]:32
<6>[    0.804277][    T1] [DEVAPC]: IRQ[6]:33
<6>[    0.804826][    T1] [DEVAPC]: (Infra) Cannot get devapc clock from CCF (-2)
<6>[    0.805893][    T1] [DEVAPC]: no violation for slave:0x0
<6>[    0.806688][    T1] [DEVAPC]: no violation for slave:0x1
<6>[    0.807430][    T1] [DEVAPC]: no violation for slave:0x2
<6>[    0.808177][    T1] [DEVAPC]: no violation for slave:0x3
<6>[    0.809026][    T1] [DEVAPC]: no violation for slave:0x4
<6>[    0.809883][    T1] [DEVAPC]: no violation for slave:0x5
<6>[    0.810626][    T1] [DEVAPC]: no violation for slave:0x6
<6>[    0.811355][    T1] [DEVAPC]: no violation for slave:0x7
<6>[    0.812076][    T1] [DEVAPC]: no violation for slave:0x8
<6>[    0.814572][    T1] [DEVAPC]: start_devapc done
<6>[    0.815723][    T1] BOOTPROF:       815.722770:initcall: init_module [device_apc_mt6899]    21.094154ms
<5>[    0.818012][    T1] [scmi] secure-sspm-mbox-clr not support
<5>[    0.818810][    T1] [scmi] secure-sspm_md2spm-clr not support
<6>[    0.822491][    T1] mtk_tinysys_mbox 1c351000.tinysys-mbox: MTK MBOX Mailbox registered
<6>[    0.824266][   T83] arm-scmi firmware:scmi: SCMI Notifications - Core Enabled.
<6>[    0.825371][   T83] arm-scmi firmware:scmi: SCMI Protocol v1.0 'mtk:mtk' Firmware version 0x5353504d
<6>[    0.825573][    T1] wifi_page_pool_init: init wifi page pool mod
<4>[    0.826753][   T83] arm-scmi firmware:scmi: Detected UNSUPPORTED higher version 0x10000 for protocol 0x80.Backward compatibility is NOT assured.
<6>[    0.827009][    T1] wifi_page_pool_init: init done[0]
<6>[    0.831091][    T1] mt6899-pinctrl 10005000.pinctrl: mtk_eint_do_init eint total 256 pins.
<6>[    0.832893][    T1] mt6899-pinctrl 10005000.pinctrl: mtk_eint_do_init eint in new mode, assign the matrix number to 152.
<6>[    0.834471][   T94] mkp: init_debug_kinfo success
<6>[    0.835145][   T94] MKP: mkp: protect krn code done
<6>[    0.835960][   T94] MKP: mkp: protect krn rodata done
<6>[    0.837542][   T83] input: odm:gpio_keys as /devices/platform/odm/odm:gpio_keys/input/input0
<5>[    0.838270][   T43] mrdump control block 2nd stage init done.
<6>[    0.841823][    T1] mtk_iommu: debug mtk_m4u_dbg_probe start, smmu_v3_enable:0
<6>[    0.843733][    T1] mtk_iommu: secure mtk_iommu_sec_init+
<6>[    0.846811][    T1] mtk_iommu: secure mtk_iommu_sec_probe done, dev:19011000.iommu
<6>[    0.847861][    T1] mtk_iommu: secure mtk_iommu_sec_probe done, dev:19012000.iommu
<6>[    0.848895][    T1] mtk_iommu: secure mtk_iommu_sec_probe done, dev:19013000.iommu
<6>[    0.849927][    T1] mtk_iommu: secure mtk_iommu_sec_probe done, dev:19014000.iommu
<6>[    0.850973][    T1] mtk_iommu: secure mtk_iommu_sec_probe done, dev:19016000.iommu
<6>[    0.852005][    T1] mtk_iommu: secure mtk_iommu_sec_probe done, dev:19017000.iommu
<6>[    0.853040][    T1] mtk_iommu: secure mtk_iommu_sec_probe done, dev:19018000.iommu
<6>[    0.854070][    T1] mtk_iommu: secure mtk_iommu_sec_probe done, dev:19019000.iommu
<6>[    0.855107][    T1] mtk_iommu: secure mtk_iommu_sec_probe done, dev:1e817000.iommu
<6>[    0.856136][    T1] mtk_iommu: secure mtk_iommu_sec_probe done, dev:1e818000.iommu
<6>[    0.857164][    T1] mtk_iommu: secure mtk_iommu_sec_probe done, dev:1e819000.iommu
<6>[    0.858192][    T1] mtk_iommu: secure mtk_iommu_sec_probe done, dev:1e81a000.iommu
<6>[    0.859248][    T1] mtk_iommu: secure mtk_iommu_sec_probe done, dev:1e81c000.iommu
<6>[    0.860277][    T1] mtk_iommu: secure mtk_iommu_sec_probe done, dev:1e81d000.iommu
<6>[    0.861307][    T1] mtk_iommu: secure mtk_iommu_sec_probe done, dev:1e81e000.iommu
<6>[    0.862338][    T1] mtk_iommu: secure mtk_iommu_sec_probe done, dev:1e81f000.iommu
<6>[    0.926267][    T1] mtk_iommu: secure mtk_iommu_sec_init-
<6>[    0.927010][    T1] BOOTPROF:       927.009232:initcall: init_module [iommu_secure]    83.264308ms
<6>[    0.935595][    T1] emicen was loaded
<6>[    0.936343][    T1] emicen_drv 10219000.emicen: driver probed
<6>[    0.937127][    T1] emicen_drv 10219000.emicen: cen->offset 0x40000000
<6>[    0.938023][    T1] emicen_drv 10219000.emicen: No chn_swap info
<6>[    0.938834][    T1] emicen_drv 10219000.emicen: No chn_swap info
<6>[    0.939635][    T1] emicen_drv 10219000.emicen: No chn_swap info
<6>[    0.940434][    T1] emicen_drv 10219000.emicen: No chn_swap info
<6>[    0.941235][    T1] emicen_drv 10219000.emicen: cen->chn_swap[0] 0
<6>[    0.942058][    T1] emicen_drv 10219000.emicen: cen->chn_swap[1] 1
<6>[    0.942884][    T1] emicen_drv 10219000.emicen: cen->chn_swap[2] 2
<6>[    0.943707][    T1] emicen_drv 10219000.emicen: cen->chn_swap[3] 3
<6>[    0.944531][    T1] emicen_drv 10219000.emicen: No a2d-conf-offset
<6>[    0.945352][    T1] emicen_drv 10219000.emicen: No a2d-chn-conf-offset
<6>[    0.946221][    T1] a2d_cen: 0xf053f154, 0x800000, 0x66660043, 0x10804330, 0xc0, 0x24044000
<6>[    0.947336][    T1] a2d_chn: 0x466fc51, 0x42145, 0x9ac00001
<6>[    0.948078][    T1] emicen_drv 10219000.emicen: version(2) ch_cnt(4), rk_cnt(2)
<6>[    0.949051][    T1] emicen_drv 10219000.emicen: rk_size0(0x180000000)
<6>[    0.949909][    T1] emicen_drv 10219000.emicen: rk_size1(0x180000000)
<6>[    0.950769][    T1] emicen_drv 10219000.emicen: a2d-disph 0xe
<6>[    0.951535][    T1] emicen_drv 10219000.emicen: a2d-hash 0xb
<6>[    0.952289][    T1] emicen_drv 10219000.emicen: emi_a2d_emi_cen[0] 0xf053f154
<6>[    0.953239][    T1] emicen_drv 10219000.emicen: emi_a2d_emi_cen[1] 0x800000
<6>[    0.954165][    T1] emicen_drv 10219000.emicen: emi_a2d_emi_cen[2] 0x66660043
<6>[    0.955117][    T1] emicen_drv 10219000.emicen: emi_a2d_emi_cen[3] 0x10804330
<6>[    0.956067][    T1] emicen_drv 10219000.emicen: emi_a2d_emi_cen[4] 0xc0
<6>[    0.956947][    T1] emicen_drv 10219000.emicen: emi_a2d_emi_cen[5] 0x24044000
<6>[    0.957896][    T1] emicen_drv 10219000.emicen: emi_a2d_emi_chn[0] 0x466fc51
<6>[    0.958836][    T1] emicen_drv 10219000.emicen: emi_a2d_emi_chn[1] 0x42145
<6>[    0.959750][    T1] emicen_drv 10219000.emicen: emi_a2d_emi_chn[2] 0x9ac00001
<6>[    0.961257][    T1] emiisu wad loaded
<6>[    0.962113][    T1] emiisu_drv soc:emiisu: driver probed
<6>[    0.962844][    T1] emiisu_probe: Turn off EMIISU dump
<6>[    0.963529][    T1] set_isu_ctrl_flag: lsu_ctrl_flag_last: 0xffffffff
<6>[    0.964385][    T1] set_isu_ctrl_flag: cur_ctrl_trace_idx=0
<6>[    0.965128][    T1] set_isu_ctrl_flag: isu_ctrl_trace[0]: ts=965127694, val=1f, readback=dec0dec0
<6>[    0.966310][    T1] set_isu_ctrl_flag: KERN_REC_OFF_PROBE
<6>[    0.967033][    T1] emiisu_drv soc:emiisu: buf_size(1000000),buf_addr(0),ver_addr(ffffffc0804f58e4),con_addr(ffffffc0804fd8d0),ctrl_intf(1)
<6>[    0.969640][    T1] BOOTPROF:       969.640540:initcall: init_module [emi]    34.034846ms
<6>[    0.979914][    T1] mtk_iommu: mtk_iommu_probe start dev:19010000.iommu
<6>[    0.980925][    T1] mtk_iommu: mtk_iommu_probe, get bank nr:4
<6>[    0.981955][    T1] disp-iommu-bank1 19011000.iommu: Get iommu bank:1(19011000.iommu) irq:294 ,pa:0x0000000019011000, success
<6>[    0.983642][    T1] disp-iommu-bank1 19012000.iommu: Get iommu bank:2(19012000.iommu) irq:295 ,pa:0x0000000019012000, success
<6>[    0.985283][    T1] disp-iommu-bank1 19013000.iommu: Get iommu bank:3(19013000.iommu) irq:296 ,pa:0x0000000019013000, success
<6>[    0.986927][    T1] disp-iommu-bank1 19014000.iommu: Get iommu bank:4(19014000.iommu) irq:297 ,pa:0x0000000019014000, success
<6>[    0.988849][    T1] mtk_iommu: mtk_iommu_probe done dev:19010000.iommu, head:ffffffd380a21428
<6>[    0.990073][    T1] mtk_iommu: mtk_iommu_probe start dev:19015000.iommu
<6>[    0.991050][    T1] mtk_iommu: mtk_iommu_probe, get bank nr:4
<6>[    0.991986][    T1] disp-iommu-bank1 19016000.iommu: Get iommu bank:1(19016000.iommu) irq:299 ,pa:0x0000000019016000, success
<6>[    0.993666][    T1] disp-iommu-bank1 19017000.iommu: Get iommu bank:2(19017000.iommu) irq:300 ,pa:0x0000000019017000, success
<6>[    0.995361][    T1] disp-iommu-bank1 19018000.iommu: Get iommu bank:3(19018000.iommu) irq:301 ,pa:0x0000000019018000, success
<6>[    0.997051][    T1] disp-iommu-bank1 19019000.iommu: Get iommu bank:4(19019000.iommu) irq:302 ,pa:0x0000000019019000, success
<6>[    0.998927][    T1] mtk_iommu: mtk_iommu_probe done dev:19015000.iommu, head:ffffffd380a21428
<6>[    1.000179][    T1] mtk_iommu: mtk_iommu_probe start dev:1e816000.iommu
<6>[    1.001123][    T1] mtk_iommu: mtk_iommu_probe, get bank nr:4
<6>[    1.002077][    T1] disp-iommu-bank1 1e817000.iommu: Get iommu bank:1(1e817000.iommu) irq:304 ,pa:0x000000001e817000, success
<6>[    1.003760][    T1] disp-iommu-bank1 1e818000.iommu: Get iommu bank:2(1e818000.iommu) irq:305 ,pa:0x000000001e818000, success
<6>[    1.005410][    T1] disp-iommu-bank1 1e819000.iommu: Get iommu bank:3(1e819000.iommu) irq:306 ,pa:0x000000001e819000, success
<6>[    1.007051][    T1] disp-iommu-bank1 1e81a000.iommu: Get iommu bank:4(1e81a000.iommu) irq:307 ,pa:0x000000001e81a000, success
<6>[    1.008558][    T1] mtk-iommu 1e816000.iommu: skip smi
<6>[    1.009519][    T1] mtk_iommu: mtk_iommu_probe done dev:1e816000.iommu, head:ffffffd380a21418
<6>[    1.010772][    T1] mtk_iommu: mtk_iommu_probe start dev:1e81b000.iommu
<6>[    1.011741][    T1] mtk_iommu: mtk_iommu_probe, get bank nr:4
<6>[    1.012698][    T1] disp-iommu-bank1 1e81c000.iommu: Get iommu bank:1(1e81c000.iommu) irq:309 ,pa:0x000000001e81c000, success
<6>[    1.014360][    T1] disp-iommu-bank1 1e81d000.iommu: Get iommu bank:2(1e81d000.iommu) irq:310 ,pa:0x000000001e81d000, success
<6>[    1.016023][    T1] disp-iommu-bank1 1e81e000.iommu: Get iommu bank:3(1e81e000.iommu) irq:311 ,pa:0x000000001e81e000, success
<6>[    1.017663][    T1] disp-iommu-bank1 1e81f000.iommu: Get iommu bank:4(1e81f000.iommu) irq:312 ,pa:0x000000001e81f000, success
<6>[    1.019175][    T1] mtk-iommu 1e81b000.iommu: skip smi
<6>[    1.020163][    T1] mtk_iommu: mtk_iommu_probe done dev:1e81b000.iommu, head:ffffffd380a21418
<6>[    1.021570][    T1] BOOTPROF:      1021.570156:initcall: init_module [mtk_iommu]    46.999154ms
<6>[    1.026373][    T1] dma_heap: system mtk_heap_create add heap[system] success
<6>[    1.027362][    T1] dma_heap: system mtk_heap_create add heap[system-uncached] success
<6>[    1.028438][    T1] dma_heap: system mtk_heap_create add heap[mtk_mm] success
<6>[    1.029407][    T1] dma_heap: system mtk_heap_create add heap[mtk_mm-uncached] success
<6>[    1.031688][    T1] dma_heap: system mtk_dma_heap_config_parse node:mtkheap-slc,type:5,name:mtk_slc,uncached:0,trusted:0,dev:soc:mtkheap-slc
<6>[    1.033458][    T1] dma_heap: system mtk_heap_create add heap[mtk_slc] success
<6>[    1.044726][    T1] [VCP] vcp_init begins
<6>[    1.046280][    T1] mtk_iommu: mtk_iommu_device_group create group, data:(0,1)-->(0,0), dev:1ea00000.vcp, domid:5
<6>[    1.047679][    T1] vcp 1ea00000.vcp: Adding to iommu group 0
<6>[    1.048463][    T1] mtk_iommu: mtee_hypmmu_type2_enabled, hyp-mmu ret:1
<6>[    1.049344][    T1] mtk_iommu: hyp-mmu type2 enabled. turn on coherent_walk
<6>[    1.050270][    T1] mtk_iommu: register_share_region: tab_id:0, reg base=0x108000 size=0x4000
<6>[    1.051421][    T1] mtk_iommu: register_share_region: tab_id:0, reg base=0x10c000 size=0x4000
<6>[    1.052562][    T1] mtk_iommu: register_share_region: tab_id:0, reg base=0x110000 size=0x40000
<6>[    1.053716][    T1] mtk_iommu: mtk_iommu_domain_finalise, create table data:(0,1)
<6>[    1.054764][    T1] mtk_iommu: mtk_iommu_domain_finalise, dom:5, start:0x0000000150000000, end:0x00000001cfffffff, table:0x67670000
<6>[    1.056336][    T1] mtk_iommu: mtk_iommu_attach_device, set mtk_iommu_domain, data:(0,1), tab_id:0
<6>[    1.057568][    T1] mtk_iommu: mtk_iommu_hw_init, register irq done, (0,1,0) 308
<6>[    1.058566][    T1] mtk_iommu: mtk_iommu_hw_init, register irq done, (0,1,1) 309
<6>[    1.059556][    T1] mtk_iommu: mtk_iommu_hw_init, register irq done, (0,1,2) 310
<6>[    1.060542][    T1] mtk_iommu: mtk_iommu_hw_init, register irq done, (0,1,3) 311
<6>[    1.061527][    T1] mtk_iommu: mtk_iommu_hw_init, register irq done, (0,1,4) 312
<6>[    1.062519][    T1] mtk_iommu: mtk_iommu_hw_init done, (0,1), dump reg: 0x48:0x0, 0x50:0x0, 0x54:0x2a002a, 0xa0:0xfffcfffd, 0x110:0x100a, 0x114:0x674bf900, 0x120:0x63, 0x124:0x1fbf
<6>[    1.064670][    T1] mtk_iommu: mtk_iommu_attach_device, iommu_dev:1e81b000.iommu(0,1), user_dev:1ea00000.vcp, pgtable:0x67670000 -- 0x67670000 -- 0x7bf00000, tab_id:0
<5>[    1.066984][    T1] [VCP] vcp_hwvoter support by default: 1
<5>[    1.067727][    T1] [VCP] vcpreg.core_nums = 1
<5>[    1.068317][    T1] [VCP] vcpreg.fmeter_ck = 22 vcpreg.fmeter_type = 5
<5>[    1.069182][    T1] [VCP] vcpreg.twohart = 1
<5>[    1.069750][    T1] [VCP] vcpreg.secure_dump = 1, vcp_excep_mode = 1
<5>[    1.070615][    T1] [VCP] resource request status register not found
<3>[    1.071577][    T1] vcp 1ea00000.vcp: invalid resource (null)
<5>[    1.072342][    T1] MBOX 0 can't find send status reg
<3>[    1.073013][    T1] vcp 1ea00000.vcp: invalid resource (null)
<5>[    1.073775][    T1] MBOX 0 can't find recv status reg
<3>[    1.074512][    T1] vcp 1ea00000.vcp: invalid resource (null)
<5>[    1.075275][    T1] MBOX 1 can't find send status reg
<3>[    1.075945][    T1] vcp 1ea00000.vcp: invalid resource (null)
<5>[    1.076707][    T1] MBOX 1 can't find recv status reg
<3>[    1.077422][    T1] vcp 1ea00000.vcp: invalid resource (null)
<5>[    1.078186][    T1] MBOX 2 can't find send status reg
<3>[    1.078864][    T1] vcp 1ea00000.vcp: invalid resource (null)
<5>[    1.079626][    T1] MBOX 2 can't find recv status reg
<3>[    1.080339][    T1] vcp 1ea00000.vcp: invalid resource (null)
<5>[    1.081101][    T1] MBOX 3 can't find send status reg
<3>[    1.081771][    T1] vcp 1ea00000.vcp: invalid resource (null)
<5>[    1.082539][    T1] MBOX 3 can't find recv status reg
<3>[    1.083248][    T1] vcp 1ea00000.vcp: invalid resource (null)
<5>[    1.084011][    T1] MBOX 4 can't find send status reg
<3>[    1.084681][    T1] vcp 1ea00000.vcp: invalid resource (null)
<5>[    1.085442][    T1] MBOX 4 can't find recv status reg
<6>[    1.087620][    T1] vcp_ipidev (with 36 IPI) has registered.
<5>[    1.088372][    T1] [VCP] vcp_reserve_memory_ioremap 1
<5>[    1.089080][    T1] [VCP] secure dump, 0xbf200000 (0xffffffc081000000), (0x600000 + 0x200000) <= 0x800000
<6>[    1.089086][    T1] [VCP] vcp-mem-tbl vcp_mem_num 11
<5>[    1.091026][    T1] @@@@ reserved: <0  491520>
<5>[    1.091619][    T1] @@@@ reserved: <1  73728>
<5>[    1.092200][    T1] @@@@ reserved: <2  1572864>
<5>[    1.092804][    T1] @@@@ reserved: <3  1024>
<5>[    1.093372][    T1] @@@@ reserved: <4  1024>
<5>[    1.093941][    T1] @@@@ reserved: <5  1024>
<5>[    1.094515][    T1] @@@@ reserved: <6  1024>
<5>[    1.095084][    T1] @@@@ reserved: <7  1048576>
<5>[    1.095686][    T1] @@@@ reserved: <8  4096>
<5>[    1.096253][    T1] @@@@ reserved: <9  4096>
<5>[    1.096820][    T1] @@@@ reserved: <10  2097152>
<4>[    1.097856][    T1] mrdump: file size of VCP_VSI_LAST_LOG is too large 0x180000
<5>[    1.098840][    T1] [VCP] add vsi and log buffer to mrdump iova:0x1cfc00000, virt:0xffffffc0815bd000
<5>[    1.100051][    T1] [VCP] [2] iova:0x1cfc00000, virt:0xffffffc0815bd000, len:0x180000
<5>[    1.101146][    T1] [VCP] [3] iova:0x1cfbff000, virt:0xffffffc080ac5000, len:0x400
<5>[    1.102205][    T1] [VCP] [4] iova:0x1cfbfe000, virt:0xffffffc080ad5000, len:0x400
<5>[    1.103280][    T1] [VCP] [5] iova:0x1cfbfd000, virt:0xffffffc080ae5000, len:0x400
<5>[    1.104338][    T1] [VCP] [6] iova:0x1cfbfc000, virt:0xffffffc080af5000, len:0x400
<5>[    1.105532][    T1] [VCP] [7] iova:0x1cfa00000, virt:0xffffffc081201000, len:0x100000
<5>[    1.106637][    T1] [VCP] [8] iova:0x1cf9ff000, virt:0xffffffc080afb000, len:0x1000
<5>[    1.107700][    T1] [VCP] [9] iova:0x1cf9fe000, virt:0xffffffc080c05000, len:0x1000
<5>[    1.108716][    T1] [VCP] [10] iova:0xbf200000, virt:0xffffffc081000000, len:0x200000
<6>[    1.110236][    T1] [VCP] device link to reg-dummy
<6>[    1.111037][    T1] [VCP] device link to reg-dummy
<6>[    1.111676][    T1] [VCP] vcp-ao support
<6>[    1.111679][    T1] [VCP] vcp_device_probe done
<5>[    1.114554][    T1] [VCP] INFRA VCP driver support
<6>[    1.119132][    T1] vcp_io_vdec soc:vcp-iommu-vdec: Adding to iommu group 0
<6>[    1.120688][    T1] vcp_io_venc soc:vcp-iommu-venc: Adding to iommu group 0
<6>[    1.123292][    T1] vcp_io_work soc:vcp-iommu-work: Adding to iommu group 0
<6>[    1.125929][    T1] mtk_iommu: mtk_iommu_device_group create group, data:(0,1)-->(0,0), dev:soc:vcp-iommu-sec, domid:4
<6>[    1.127375][    T1] vcp_io_sec soc:vcp-iommu-sec: Adding to iommu group 1
<6>[    1.128283][    T1] mtk_iommu: mtk_iommu_domain_finalise, dom:4, start:0x0000000110000000, end:0x000000014fffffff, table:0x67670000
<6>[    1.129858][    T1] mtk_iommu: mtk_iommu_attach_device, set mtk_iommu_domain, data:(0,1), tab_id:0
<5>[    1.133973][    T1] [VCP] vcp_excep_init 0 -1 -1 -1
<5>[    1.134703][    T1] [hw_voter]: call vcp_hw_voter_dbg_init
<5>[    1.135436][    T1] [hw_voter]: vcp hwvoter mtk_ipi_register done
<5>[    1.136252][    T1] [hw_voter]: vcp_hw_voter_create_procfs done
<5>[    1.137180][    T1] [VCP] vcp_init core0 status: 0x0
<5>[    1.140757][    T1] [VCP] reset_vcp: CORE0_RSTN_CLR cf9fe001 40c000 ff01 ret 0 clk 728000
<5>[    1.141905][    T1] [VCP] vcp_enable_pm_clk id 0 done 1 clk 728000
<6>[    1.142760][    T1] BOOTPROF:      1142.759617:initcall: init_module [vcp]    98.012231ms
<3>[    1.147041][    T1] mtk-dvfsrc 1c00f000.dvfsrc: error -ENXIO: IRQ index 0 not found
<4>[    1.151025][    T1] mtk-dvfsrc-devfreq mtk-dvfsrc-devfreq: _opp_is_duplicate: duplicate OPPs detected. Existing: freq: 8533000000, volt: 0, enabled: 1. New: freq: 8533000000, volt: 0, enabled: 1
<5>[    1.154943][    T1] mtk-hw-semaphore hw-semaphore: hw_semaphore_probe: start to probe
<5>[    1.155996][    T1] mtk-hw-semaphore hw-semaphore: hw_semaphore_probe:type:0 pa=0x1c001000
<5>[    1.157096][    T1] mtk-hw-semaphore hw-semaphore: hw_semaphore_probe:type:1 pa=0x1ec24000
<5>[    1.158205][    T1] mtk-hw-semaphore hw-semaphore: hw_semaphore_probe:master:0,(type,offset,bit)=(0,0x69c,5)
<5>[    1.159523][    T1] mtk-hw-semaphore hw-semaphore: hw_semaphore_probe:master:1,(type,offset,bit)=(1,0x18,1)
<5>[    1.160819][    T1] mtk-hw-semaphore hw-semaphore: hw_semaphore_probe:master:2,(type,offset,bit)=(1,0x18,3)
<5>[    1.162112][    T1] mtk-hw-semaphore hw-semaphore: hw_semaphore_probe:master:3,(type,offset,bit)=(0,0x6a8,5)
<5>[    1.163427][    T1] mtk-hw-semaphore hw-semaphore: hw_semaphore_probe:master:4,(type,offset,bit)=(1,0x18,0)
<5>[    1.164758][    T1] (NULL device *): mtk_smi_set_hw_sema_ops register smi cb
<6>[    1.210108][    T1] BOOTPROF:      1210.107694:initcall: init_module [clk_mt6899]    42.191385ms
<6>[    1.235508][    T1] BOOTPROF:      1235.507618:initcall: init_module [clk_mt6899_cam]    17.269847ms
<6>[    1.270069][    T1] BOOTPROF:      1270.068848:initcall: init_module [clk_mt6899_mmsys]    17.922154ms
<5>[    1.305641][    T1] mtk-scpsys-mt6899 1c001000.power-controller: Failed to find phandler named mminfra-hwv-regmap
<5>[    1.307419][    T1] mtk-scpsys-mt6899 1c001000.power-controller: hw-voter-regmap regmap is null(-19)
<5>[    1.308673][    T1] mtk-scpsys-mt6899 1c001000.power-controller: cksys2-regmap regmap is null(-19)
<5>[    1.309866][    T1] mtk-scpsys-mt6899 1c001000.power-controller: cksys2-regmap regmap is null(-19)
<5>[    1.311068][    T1] mtk-scpsys-mt6899 1c001000.power-controller: cksys2-regmap regmap is null(-19)
<5>[    1.312259][    T1] mtk-scpsys-mt6899 1c001000.power-controller: cksys2-regmap regmap is null(-19)
<5>[    1.313458][    T1] mtk-scpsys-mt6899 1c001000.power-controller: cksys2-regmap regmap is null(-19)
<5>[    1.314679][    T1] mtk-scpsys-mt6899 1c001000.power-controller: cksys2-regmap regmap is null(-19)
<5>[    1.315869][    T1] mtk-scpsys-mt6899 1c001000.power-controller: cksys2-regmap regmap is null(-19)
<5>[    1.317519][    T1] mtk-scpsys-mt6899 1163e000.power-controller: hw-voter-regmap regmap is null(-19)
<5>[    1.318841][    T1] mtk-scpsys-mt6899 1163e000.power-controller: cksys2-regmap regmap is null(-19)
<5>[    1.320040][    T1] mtk-scpsys-mt6899 1163e000.power-controller: cksys2-regmap regmap is null(-19)
<5>[    1.321232][    T1] mtk-scpsys-mt6899 1163e000.power-controller: cksys2-regmap regmap is null(-19)
<5>[    1.322445][    T1] mtk-scpsys-mt6899 1163e000.power-controller: cksys2-regmap regmap is null(-19)
<5>[    1.323637][    T1] mtk-scpsys-mt6899 1163e000.power-controller: cksys2-regmap regmap is null(-19)
<5>[    1.324831][    T1] mtk-scpsys-mt6899 1163e000.power-controller: cksys2-regmap regmap is null(-19)
<5>[    1.326025][    T1] mtk-scpsys-mt6899 1163e000.power-controller: cksys2-regmap regmap is null(-19)
<5>[    1.327219][    T1] mtk-scpsys-mt6899 1163e000.power-controller: cksys2-regmap regmap is null(-19)
<5>[    1.328415][    T1] mtk-scpsys-mt6899 1163e000.power-controller: cksys2-regmap regmap is null(-19)
<5>[    1.329609][    T1] mtk-scpsys-mt6899 1163e000.power-controller: cksys2-regmap regmap is null(-19)
<5>[    1.330808][    T1] mtk-scpsys-mt6899 1163e000.power-controller: cksys2-regmap regmap is null(-19)
<5>[    1.332015][    T1] mtk-scpsys-mt6899 1163e000.power-controller: cksys2-regmap regmap is null(-19)
<5>[    1.333233][    T1] mtk-scpsys-mt6899 1163e000.power-controller: cksys2-regmap regmap is null(-19)
<5>[    1.334450][    T1] mtk-scpsys-mt6899 1163e000.power-controller: cksys2-regmap regmap is null(-19)
<5>[    1.335660][    T1] mtk-scpsys-mt6899 1163e000.power-controller: cksys2-regmap regmap is null(-19)
<5>[    1.336873][    T1] mtk-scpsys-mt6899 1163e000.power-controller: cksys2-regmap regmap is null(-19)
<5>[    1.338064][    T1] mtk-scpsys-mt6899 1163e000.power-controller: cksys2-regmap regmap is null(-19)
<5>[    1.339250][    T1] mtk-scpsys-mt6899 1163e000.power-controller: cksys2-regmap regmap is null(-19)
<5>[    1.340428][    T1] mtk-scpsys-mt6899 1163e000.power-controller: cksys2-regmap regmap is null(-19)
<5>[    1.341605][    T1] mtk-scpsys-mt6899 1163e000.power-controller: cksys2-regmap regmap is null(-19)
<5>[    1.342803][    T1] mtk-scpsys-mt6899 1163e000.power-controller: cksys2-regmap regmap is null(-19)
<5>[    1.344000][    T1] mtk-scpsys-mt6899 1163e000.power-controller: cksys2-regmap regmap is null(-19)
<5>[    1.345195][    T1] mtk-scpsys-mt6899 1163e000.power-controller: cksys2-regmap regmap is null(-19)
<5>[    1.346387][    T1] mtk-scpsys-mt6899 1163e000.power-controller: cksys2-regmap regmap is null(-19)
<5>[    1.347571][    T1] mtk-scpsys-mt6899 1163e000.power-controller: cksys2-regmap regmap is null(-19)
<6>[    1.354290][    T1] BOOTPROF:      1354.289541:initcall: init_module [mtk_scpsys_mt6899]    48.943154ms
<5>[    1.357114][   T82] mtk-smi-common 1e804000.disp-ssc0-smi-2x1-sub-comm: mtk_smi_common_probe: init power on
<5>[    1.358732][   T82] mtk-smi-common 1e805000.disp-ssc1-smi-2x1-sub-comm: mtk_smi_common_probe: init power on
<5>[    1.360428][   T82] mtk-smi-common 1e80c000.mdp-ssc4-smi-2x1-sub-comm: mtk_smi_common_probe: init power on
<5>[    1.362002][   T82] mtk-smi-common 1e80d000.mdp-ssc5-smi-2x1-sub-comm: mtk_smi_common_probe: init power on
<3>[    1.362301][    T1] of_clk_src_onecell_get: invalid clock index 245
<5>[    1.363537][   T82] mtk-smi-common 1e807000.mmsram-smi-2x1-sub-comm3: mtk_smi_common_probe: init power on
<3>[    1.364137][    T1] of_clk_src_onecell_get: invalid clock index 22
<5>[    1.365632][   T82] mtk-smi-common 1e808000.mmsram-smi-2x1-sub-comm4: mtk_smi_common_probe: init power on
<3>[    1.366219][    T1] of_clk_src_onecell_get: invalid clock index 11
<3>[    1.368422][    T1] of_clk_src_onecell_get: invalid clock index 59
<5>[    1.369297][   T82] mtk-smi-common 14210000.smi-disp-dram-sub-comm0: mtk_smi_common_probe: init power on
<3>[    1.369325][    T1] of_clk_src_onecell_get: invalid clock index 112
<3>[    1.371404][    T1] of_clk_src_onecell_get: invalid clock index 8
<5>[    1.371441][   T82] mtk-smi-common 14211000.smi-disp-dram-sub-comm1: mtk_smi_common_probe: init power on
<3>[    1.372206][    T1] of_clk_src_onecell_get: invalid clock index 6
<3>[    1.374280][    T1] of_clk_src_onecell_get: invalid clock index 6
<5>[    1.374319][   T82] mtk-smi-common 14212000.smi-disp-dram-sub-comm2: mtk_smi_common_probe: init power on
<3>[    1.375087][    T1] of_clk_src_onecell_get: invalid clock index 2
<3>[    1.377161][    T1] of_clk_src_onecell_get: invalid clock index 4
<5>[    1.377195][   T82] mtk-smi-common 14213000.smi-disp-dram-sub-comm3: mtk_smi_common_probe: init power on
<3>[    1.377963][    T1] of_clk_src_onecell_get: invalid clock index 6
<3>[    1.380040][    T1] of_clk_src_onecell_get: invalid clock index 2
<5>[    1.380073][   T82] mtk-smi-common 14214000.smi-sram-disp-sub-comm0: mtk_smi_common_probe: init power on
<3>[    1.380840][    T1] of_clk_src_onecell_get: invalid clock index 2
<3>[    1.382932][    T1] of_clk_src_onecell_get: invalid clock index 4
<3>[    1.383748][    T1] of_clk_src_onecell_get: invalid clock index 1
<5>[    1.383776][   T82] mtk-smi-common 14215000.smi-sram-disp-sub-comm1: mtk_smi_common_probe: init power on
<3>[    1.384550][    T1] of_clk_src_onecell_get: invalid clock index 1
<3>[    1.386676][    T1] of_clk_src_onecell_get: invalid clock index 100
<3>[    1.387548][    T1] of_clk_src_onecell_get: invalid clock index 78
<3>[    1.388407][    T1] of_clk_src_onecell_get: invalid clock index 58
<3>[    1.389276][    T1] of_clk_src_onecell_get: invalid clock index 87
<3>[    1.390120][    T1] of_clk_src_onecell_get: invalid clock index 20
<3>[    1.390954][    T1] of_clk_src_onecell_get: invalid clock index 4
<3>[    1.391769][    T1] of_clk_src_onecell_get: invalid clock index 6
<3>[    1.392585][    T1] of_clk_src_onecell_get: invalid clock index 7
<3>[    1.393403][    T1] of_clk_src_onecell_get: invalid clock index 7
<3>[    1.394217][    T1] of_clk_src_onecell_get: invalid clock index 7
<3>[    1.395039][    T1] of_clk_src_onecell_get: invalid clock index 9
<3>[    1.395857][    T1] of_clk_src_onecell_get: invalid clock index 2
<5>[    1.395985][   T82] mtk-smi-larb 1440c000.smi-larb0: mtk_smi_larb_probe: init power on
<3>[    1.396668][    T1] of_clk_src_onecell_get: invalid clock index 16
<3>[    1.398557][    T1] of_clk_src_onecell_get: invalid clock index 8
<3>[    1.399381][    T1] of_clk_src_onecell_get: invalid clock index 6
<5>[    1.399501][   T82] mtk-smi-larb 1440d000.smi-larb1: mtk_smi_larb_probe: init power on
<3>[    1.400191][    T1] of_clk_src_onecell_get: invalid clock index 16
<3>[    1.402071][    T1] of_clk_src_onecell_get: invalid clock index 15
<5>[    1.402177][   T82] mtk-smi-larb 14410000.smi-larb20: mtk_smi_larb_probe: init power on
<3>[    1.402915][    T1] of_clk_src_onecell_get: invalid clock index 32
<3>[    1.404852][    T1] of_clk_src_onecell_get: invalid clock index 111
<5>[    1.404897][   T82] mtk-smi-larb 14411000.smi-larb21: mtk_smi_larb_probe: init power on
<3>[    1.405688][    T1] of_clk_src_onecell_get: invalid clock index 18
<3>[    1.407575][    T1] of_clk_src_onecell_get: invalid clock index 10
<5>[    1.407678][   T82] mtk-smi-larb 14020000.smi-larb32: mtk_smi_larb_probe: init power on
<3>[    1.408397][    T1] of_clk_src_onecell_get: invalid clock index 12
<3>[    1.410280][    T1] of_clk_src_onecell_get: invalid clock index 7
<5>[    1.410385][   T82] mtk-smi-larb 1420f000.smi-larb33: mtk_smi_larb_probe: init power on
<3>[    1.411091][    T1] of_clk_src_onecell_get: invalid clock index 8
<3>[    1.412974][    T1] of_clk_src_onecell_get: invalid clock index 12
<3>[    1.413800][    T1] of_clk_src_onecell_get: invalid clock index 7
<3>[    1.414652][    T1] of_clk_src_onecell_get: invalid clock index 8
<3>[    1.415487][    T1] of_clk_src_onecell_get: invalid clock index 12
<3>[    1.416323][    T1] of_clk_src_onecell_get: invalid clock index 7
<3>[    1.417145][    T1] of_clk_src_onecell_get: invalid clock index 8
<3>[    1.417962][    T1] of_clk_src_onecell_get: invalid clock index 10
<3>[    1.418802][    T1] of_clk_src_onecell_get: invalid clock index 14
<3>[    1.420348][    T1] of_clk_src_onecell_get: invalid clock index 34
<3>[    1.421189][    T1] of_clk_src_onecell_get: invalid clock index 44
<3>[    1.422008][    T1] of_clk_src_onecell_get: invalid clock index 1
<3>[    1.422824][    T1] of_clk_src_onecell_get: invalid clock index 1
<3>[    1.423644][    T1] of_clk_src_onecell_get: invalid clock index 1
<3>[    1.424455][    T1] of_clk_src_onecell_get: invalid clock index 1
<3>[    1.425267][    T1] of_clk_src_onecell_get: invalid clock index 1
<5>[    1.432008][    T1] pd-md add to notifier
<5>[    1.432547][    T1] pd-conn add to notifier
<5>[    1.432648][   T82] mtk-smi-larb 1602e000.smi-larb4: skip rpm callback
<5>[    1.433099][    T1] pd-peri-usb0 add to notifier
<5>[    1.434601][    T1] pd-peri-audio add to notifier
<5>[    1.434708][   T82] mtk-smi-larb 1600d000.smi-larb5: skip rpm callback
<5>[    1.435224][    T1] pd-adsp-ao add to notifier
<5>[    1.436688][    T1] pd-adsp-infra add to notifier
<5>[    1.437219][   T82] mtk-smi-dbg smi-dbg: smi dbg_version=2
<5>[    1.437311][    T1] pd-adsp-top-dormant add to notifier
<6>[    1.438126][   T82] mtk-smi-larb 1440c000.smi-larb0: larb:1 id:0 pa:0x000000001440c000 va:00000000475643fe regs_nr:231
<3>[    1.438728][    T1] PM: genpd_xlate_onecell: invalid domain index 7
<5>[    1.438731][    T1] add pd device fail
<5>[    1.438733][    T1] 1
<6>[    1.440556][   T82] mtk-smi-larb 1440d000.smi-larb1: larb:1 id:1 pa:0x000000001440d000 va:000000009aece2bd regs_nr:231
<5>[    1.440976][    T1] pd-mm-infra add to notifier
<6>[    1.441494][   T82] mtk-smi-larb 14410000.smi-larb20: larb:1 id:20 pa:0x0000000014410000 va:00000000f04b0fef regs_nr:231
<5>[    1.441771][    T1] pd-isp-vcore add to notifier
<6>[    1.443213][   T82] mtk-smi-larb 14411000.smi-larb21: larb:1 id:21 pa:0x0000000014411000 va:00000000f124989e regs_nr:231
<5>[    1.443786][    T1] pd-isp-main add to notifier
<6>[    1.445245][   T82] mtk-smi-larb 14020000.smi-larb32: larb:1 id:32 pa:0x0000000014020000 va:00000000223349b6 regs_nr:231
<5>[    1.445831][    T1] pd-isp-traw add to notifier
<6>[    1.447297][   T82] mtk-smi-larb 1420f000.smi-larb33: larb:1 id:33 pa:0x000000001420f000 va:000000001ba491c2 regs_nr:231
<5>[    1.447881][    T1] pd-isp-dip1 add to notifier
<6>[    1.449334][   T82] mtk-smi-larb 1f002000.smi-larb2: larb:1 id:2 pa:0x000000001f002000 va:000000009075a591 regs_nr:231
<5>[    1.449912][    T1] pd-vde0 add to notifier
<6>[    1.451373][   T82] mtk-smi-larb 1f802000.smi-larb3: larb:1 id:3 pa:0x000000001f802000 va:00000000c99d8d05 regs_nr:231
<5>[    1.451951][    T1] pd-vde1 add to notifier
<6>[    1.453391][   T82] mtk-smi-larb 15001000.smi-larb9: larb:1 id:9 pa:0x0000000015001000 va:000000008925be88 regs_nr:231
<5>[    1.453919][    T1] pd-ven0 add to notifier
<6>[    1.455360][   T82] mtk-smi-larb 15230000.smi-larb11: larb:1 id:11 pa:0x0000000015230000 va:00000000c4df9e82 regs_nr:231
<5>[    1.455889][    T1] pd-ven1 add to notifier
<6>[    1.457327][   T82] mtk-smi-larb 15320000.smi-larb12: larb:1 id:12 pa:0x0000000015320000 va:00000000a40b5adf regs_nr:231
<5>[    1.457855][    T1] pd-cam-vcore add to notifier
<6>[    1.459319][   T82] mtk-smi-larb 15140000.smi-larb15: larb:1 id:15 pa:0x0000000015140000 va:000000006b45f0b0 regs_nr:231
<5>[    1.459853][    T1] pd-cam-main add to notifier
<6>[    1.461310][   T82] mtk-smi-larb 15006000.smi-larb18: larb:1 id:18 pa:0x0000000015006000 va:00000000049ae84a regs_nr:231
<5>[    1.461896][    T1] pd-cam-mraw add to notifier
<6>[    1.463361][   T82] mtk-smi-larb 15530000.smi-larb22: larb:1 id:22 pa:0x0000000015530000 va:00000000f6a39b6d regs_nr:231
<5>[    1.463935][    T1] pd-cam-suba add to notifier
<6>[    1.465396][   T82] mtk-smi-larb 15630000.smi-larb23: larb:1 id:23 pa:0x0000000015630000 va:00000000906aaefa regs_nr:231
<5>[    1.465972][    T1] pd-cam-subb add to notifier
<6>[    1.467436][   T82] mtk-smi-larb 15720000.smi-larb28: larb:1 id:28 pa:0x0000000015720000 va:00000000648ca88d regs_nr:231
<5>[    1.468013][    T1] pd-cam-subc add to notifier
